2026-09-23 12:34:36,827 | INFO | Execution started. Device=cpu, Python=3.14.2, PyTorch=2.14.0+cpu
2026-09-23 12:34:36,899 | INFO | Antrenez evaluatorul MNIST pentru FID și Inception Score...
2026-09-23 12:35:37,932 | INFO | Evaluatorul MNIST este pregătit.
2026-09-23 12:36:10,011 | INFO | Epoca 001/100 │ D: 1.1760 │ G: 0.9946 │ D(real): 0.645 │ D(fake): 0.471 │ FID train/val: 1851.46/1818.12 │ IS train/val: 1.01/1.01 │ 31.7s
2026-09-23 12:36:10,023 | INFO |   ↳ Mostre salvate: outputs\run_20260923_123436_808321\samples\epoch_001.png
2026-09-23 12:36:10,205 | INFO |   ↳ Grafic salvat: outputs\run_20260923_123436_808321\plots\losses.png
2026-09-23 12:36:10,408 | INFO |   ↳ Grafic metrici calitate salvat: outputs\run_20260923_123436_808321\plots\quality_metrics.png
2026-09-23 12:36:10,440 | INFO |   ↳ Checkpoint salvat: outputs\run_20260923_123436_808321\checkpoints\checkpoint_epoch_001.pt
2026-09-23 12:36:10,471 | INFO |   ↳ Checkpoint salvat: outputs\run_20260923_123436_808321\checkpoints\latest.pt
2026-09-23 12:36:42,580 | INFO | Epoca 002/100 │ D: 0.7351 │ G: 2.0238 │ D(real): 0.782 │ D(fake): 0.258 │ FID train/val: 1115.02/1111.67 │ IS train/val: 1.48/1.48 │ 31.8s
2026-09-23 12:36:42,590 | INFO |   ↳ Mostre salvate: outputs\run_20260923_123436_808321\samples\epoch_002.png
2026-09-23 12:36:42,721 | INFO |   ↳ Grafic salvat: outputs\run_20260923_123436_808321\plots\losses.png
2026-09-23 12:36:42,913 | INFO |   ↳ Grafic metrici calitate salvat: outputs\run_20260923_123436_808321\plots\quality_metrics.png
2026-09-23 12:36:42,940 | INFO |   ↳ Checkpoint salvat: outputs\run_20260923_123436_808321\checkpoints\checkpoint_epoch_002.pt
2026-09-23 12:36:43,002 | INFO |   ↳ Checkpoint salvat: outputs\run_20260923_123436_808321\checkpoints\latest.pt
2026-09-23 12:37:15,417 | INFO | Epoca 003/100 │ D: 0.8228 │ G: 1.7841 │ D(real): 0.744 │ D(fake): 0.274 │ FID train/val: 1080.26/1033.53 │ IS train/val: 1.73/1.73 │ 32.1s
2026-09-23 12:37:15,427 | INFO |   ↳ Mostre salvate: outputs\run_20260923_123436_808321\samples\epoch_003.png
2026-09-23 12:37:15,622 | INFO |   ↳ Grafic salvat: outputs\run_20260923_123436_808321\plots\losses.png
2026-09-23 12:37:15,813 | INFO |   ↳ Grafic metrici calitate salvat: outputs\run_20260923_123436_808321\plots\quality_metrics.png
2026-09-23 12:37:15,841 | INFO |   ↳ Checkpoint salvat: outputs\run_20260923_123436_808321\checkpoints\checkpoint_epoch_003.pt
2026-09-23 12:37:15,868 | INFO |   ↳ Checkpoint salvat: outputs\run_20260923_123436_808321\checkpoints\latest.pt
2026-09-23 12:37:48,765 | INFO | Epoca 004/100 │ D: 0.8801 │ G: 1.5325 │ D(real): 0.717 │ D(fake): 0.294 │ FID train/val: 1322.10/1299.58 │ IS train/val: 1.26/1.23 │ 32.6s
2026-09-23 12:37:48,776 | INFO |   ↳ Mostre salvate: outputs\run_20260923_123436_808321\samples\epoch_004.png
2026-09-23 12:37:48,929 | INFO |   ↳ Grafic salvat: outputs\run_20260923_123436_808321\plots\losses.png
2026-09-23 12:37:49,139 | INFO |   ↳ Grafic metrici calitate salvat: outputs\run_20260923_123436_808321\plots\quality_metrics.png
2026-09-23 12:37:49,167 | INFO |   ↳ Checkpoint salvat: outputs\run_20260923_123436_808321\checkpoints\checkpoint_epoch_004.pt
2026-09-23 12:37:49,197 | INFO |   ↳ Checkpoint salvat: outputs\run_20260923_123436_808321\checkpoints\latest.pt
2026-09-23 12:38:22,766 | INFO | Epoca 005/100 │ D: 0.7829 │ G: 1.7698 │ D(real): 0.756 │ D(fake): 0.265 │ FID train/val: 834.00/820.12 │ IS train/val: 1.92/1.91 │ 33.2s
2026-09-23 12:38:22,775 | INFO |   ↳ Mostre salvate: outputs\run_20260923_123436_808321\samples\epoch_005.png
2026-09-23 12:38:22,936 | INFO |   ↳ Grafic salvat: outputs\run_20260923_123436_808321\plots\losses.png
2026-09-23 12:38:23,152 | INFO |   ↳ Grafic metrici calitate salvat: outputs\run_20260923_123436_808321\plots\quality_metrics.png
2026-09-23 12:38:23,185 | INFO |   ↳ Checkpoint salvat: outputs\run_20260923_123436_808321\checkpoints\checkpoint_epoch_005.pt
2026-09-23 12:38:23,221 | INFO |   ↳ Checkpoint salvat: outputs\run_20260923_123436_808321\checkpoints\latest.pt
2026-09-23 12:38:55,965 | INFO | Epoca 006/100 │ D: 0.6809 │ G: 2.1962 │ D(real): 0.791 │ D(fake): 0.218 │ FID train/val: 715.06/714.93 │ IS train/val: 2.42/2.39 │ 32.4s
2026-09-23 12:38:55,974 | INFO |   ↳ Mostre salvate: outputs\run_20260923_123436_808321\samples\epoch_006.png
2026-09-23 12:38:56,159 | INFO |   ↳ Grafic salvat: outputs\run_20260923_123436_808321\plots\losses.png
2026-09-23 12:38:56,374 | INFO |   ↳ Grafic metrici calitate salvat: outputs\run_20260923_123436_808321\plots\quality_metrics.png
2026-09-23 12:38:56,406 | INFO |   ↳ Checkpoint salvat: outputs\run_20260923_123436_808321\checkpoints\checkpoint_epoch_006.pt
2026-09-23 12:38:56,441 | INFO |   ↳ Checkpoint salvat: outputs\run_20260923_123436_808321\checkpoints\latest.pt
2026-09-23 12:39:29,771 | INFO | Epoca 007/100 │ D: 0.6485 │ G: 2.2311 │ D(real): 0.802 │ D(fake): 0.206 │ FID train/val: 599.71/564.97 │ IS train/val: 2.48/2.60 │ 33.0s
2026-09-23 12:39:29,799 | INFO |   ↳ Mostre salvate: outputs\run_20260923_123436_808321\samples\epoch_007.png
2026-09-23 12:39:29,974 | INFO |   ↳ Grafic salvat: outputs\run_20260923_123436_808321\plots\losses.png
2026-09-23 12:39:30,171 | INFO |   ↳ Grafic metrici calitate salvat: outputs\run_20260923_123436_808321\plots\quality_metrics.png
2026-09-23 12:39:30,201 | INFO |   ↳ Checkpoint salvat: outputs\run_20260923_123436_808321\checkpoints\checkpoint_epoch_007.pt
2026-09-23 12:39:30,232 | INFO |   ↳ Checkpoint salvat: outputs\run_20260923_123436_808321\checkpoints\latest.pt
2026-09-23 12:40:03,015 | INFO | Epoca 008/100 │ D: 0.6964 │ G: 2.1058 │ D(real): 0.782 │ D(fake): 0.219 │ FID train/val: 517.63/463.86 │ IS train/val: 2.85/3.08 │ 32.5s
2026-09-23 12:40:03,025 | INFO |   ↳ Mostre salvate: outputs\run_20260923_123436_808321\samples\epoch_008.png
2026-09-23 12:40:03,186 | INFO |   ↳ Grafic salvat: outputs\run_20260923_123436_808321\plots\losses.png
2026-09-23 12:40:03,382 | INFO |   ↳ Grafic metrici calitate salvat: outputs\run_20260923_123436_808321\plots\quality_metrics.png
2026-09-23 12:40:03,412 | INFO |   ↳ Checkpoint salvat: outputs\run_20260923_123436_808321\checkpoints\checkpoint_epoch_008.pt
2026-09-23 12:40:03,444 | INFO |   ↳ Checkpoint salvat: outputs\run_20260923_123436_808321\checkpoints\latest.pt
2026-09-23 12:40:43,250 | INFO | Epoca 009/100 │ D: 0.7508 │ G: 1.8987 │ D(real): 0.761 │ D(fake): 0.239 │ FID train/val: 376.32/383.24 │ IS train/val: 4.10/3.96 │ 39.4s
2026-09-23 12:40:43,263 | INFO |   ↳ Mostre salvate: outputs\run_20260923_123436_808321\samples\epoch_009.png
2026-09-23 12:40:43,480 | INFO |   ↳ Grafic salvat: outputs\run_20260923_123436_808321\plots\losses.png
2026-09-23 12:40:43,709 | INFO |   ↳ Grafic metrici calitate salvat: outputs\run_20260923_123436_808321\plots\quality_metrics.png
2026-09-23 12:40:43,737 | INFO |   ↳ Checkpoint salvat: outputs\run_20260923_123436_808321\checkpoints\checkpoint_epoch_009.pt
2026-09-23 12:40:43,766 | INFO |   ↳ Checkpoint salvat: outputs\run_20260923_123436_808321\checkpoints\latest.pt
2026-09-23 12:41:24,563 | INFO | Epoca 010/100 │ D: 0.8509 │ G: 1.6658 │ D(real): 0.724 │ D(fake): 0.277 │ FID train/val: 362.39/348.72 │ IS train/val: 4.05/4.21 │ 40.4s
2026-09-23 12:41:24,576 | INFO |   ↳ Mostre salvate: outputs\run_20260923_123436_808321\samples\epoch_010.png
2026-09-23 12:41:24,746 | INFO |   ↳ Grafic salvat: outputs\run_20260923_123436_808321\plots\losses.png
2026-09-23 12:41:24,928 | INFO |   ↳ Grafic metrici calitate salvat: outputs\run_20260923_123436_808321\plots\quality_metrics.png
2026-09-23 12:41:24,957 | INFO |   ↳ Checkpoint salvat: outputs\run_20260923_123436_808321\checkpoints\checkpoint_epoch_010.pt
2026-09-23 12:41:24,989 | INFO |   ↳ Checkpoint salvat: outputs\run_20260923_123436_808321\checkpoints\latest.pt
2026-09-23 12:42:06,339 | INFO | Epoca 011/100 │ D: 0.8902 │ G: 1.5610 │ D(real): 0.710 │ D(fake): 0.290 │ FID train/val: 306.76/283.88 │ IS train/val: 4.08/4.13 │ 41.0s
2026-09-23 12:42:06,347 | INFO |   ↳ Mostre salvate: outputs\run_20260923_123436_808321\samples\epoch_011.png
2026-09-23 12:42:06,520 | INFO |   ↳ Grafic salvat: outputs\run_20260923_123436_808321\plots\losses.png
2026-09-23 12:42:06,710 | INFO |   ↳ Grafic metrici calitate salvat: outputs\run_20260923_123436_808321\plots\quality_metrics.png
2026-09-23 12:42:06,740 | INFO |   ↳ Checkpoint salvat: outputs\run_20260923_123436_808321\checkpoints\checkpoint_epoch_011.pt
2026-09-23 12:42:06,772 | INFO |   ↳ Checkpoint salvat: outputs\run_20260923_123436_808321\checkpoints\latest.pt
2026-09-23 12:42:47,966 | INFO | Epoca 012/100 │ D: 0.9373 │ G: 1.4793 │ D(real): 0.691 │ D(fake): 0.308 │ FID train/val: 234.03/239.62 │ IS train/val: 4.92/5.20 │ 40.8s
2026-09-23 12:42:47,979 | INFO |   ↳ Mostre salvate: outputs\run_20260923_123436_808321\samples\epoch_012.png
2026-09-23 12:42:48,194 | INFO |   ↳ Grafic salvat: outputs\run_20260923_123436_808321\plots\losses.png
2026-09-23 12:42:48,365 | INFO |   ↳ Grafic metrici calitate salvat: outputs\run_20260923_123436_808321\plots\quality_metrics.png
2026-09-23 12:42:48,394 | INFO |   ↳ Checkpoint salvat: outputs\run_20260923_123436_808321\checkpoints\checkpoint_epoch_012.pt
2026-09-23 12:42:48,427 | INFO |   ↳ Checkpoint salvat: outputs\run_20260923_123436_808321\checkpoints\latest.pt
2026-09-23 12:43:22,060 | INFO | Epoca 013/100 │ D: 0.9550 │ G: 1.4358 │ D(real): 0.684 │ D(fake): 0.317 │ FID train/val: 275.69/277.49 │ IS train/val: 4.92/4.92 │ 33.3s
2026-09-23 12:43:22,068 | INFO |   ↳ Mostre salvate: outputs\run_20260923_123436_808321\samples\epoch_013.png
2026-09-23 12:43:22,219 | INFO |   ↳ Grafic salvat: outputs\run_20260923_123436_808321\plots\losses.png
2026-09-23 12:43:22,432 | INFO |   ↳ Grafic metrici calitate salvat: outputs\run_20260923_123436_808321\plots\quality_metrics.png
2026-09-23 12:43:22,465 | INFO |   ↳ Checkpoint salvat: outputs\run_20260923_123436_808321\checkpoints\checkpoint_epoch_013.pt
2026-09-23 12:43:22,501 | INFO |   ↳ Checkpoint salvat: outputs\run_20260923_123436_808321\checkpoints\latest.pt
2026-09-23 12:43:55,056 | INFO | Epoca 014/100 │ D: 0.9718 │ G: 1.4067 │ D(real): 0.677 │ D(fake): 0.323 │ FID train/val: 251.67/241.55 │ IS train/val: 5.06/5.24 │ 32.2s
2026-09-23 12:43:55,065 | INFO |   ↳ Mostre salvate: outputs\run_20260923_123436_808321\samples\epoch_014.png
2026-09-23 12:43:55,223 | INFO |   ↳ Grafic salvat: outputs\run_20260923_123436_808321\plots\losses.png
2026-09-23 12:43:55,417 | INFO |   ↳ Grafic metrici calitate salvat: outputs\run_20260923_123436_808321\plots\quality_metrics.png
2026-09-23 12:43:55,451 | INFO |   ↳ Checkpoint salvat: outputs\run_20260923_123436_808321\checkpoints\checkpoint_epoch_014.pt
2026-09-23 12:43:55,486 | INFO |   ↳ Checkpoint salvat: outputs\run_20260923_123436_808321\checkpoints\latest.pt
2026-09-23 12:44:28,966 | INFO | Epoca 015/100 │ D: 0.9766 │ G: 1.4142 │ D(real): 0.676 │ D(fake): 0.324 │ FID train/val: 204.35/194.67 │ IS train/val: 5.91/5.66 │ 33.1s
2026-09-23 12:44:28,975 | INFO |   ↳ Mostre salvate: outputs\run_20260923_123436_808321\samples\epoch_015.png
2026-09-23 12:44:29,137 | INFO |   ↳ Grafic salvat: outputs\run_20260923_123436_808321\plots\losses.png
2026-09-23 12:44:29,319 | INFO |   ↳ Grafic metrici calitate salvat: outputs\run_20260923_123436_808321\plots\quality_metrics.png
2026-09-23 12:44:29,364 | INFO |   ↳ Checkpoint salvat: outputs\run_20260923_123436_808321\checkpoints\checkpoint_epoch_015.pt
2026-09-23 12:44:29,394 | INFO |   ↳ Checkpoint salvat: outputs\run_20260923_123436_808321\checkpoints\latest.pt
2026-09-23 12:45:02,981 | INFO | Epoca 016/100 │ D: 0.9895 │ G: 1.3743 │ D(real): 0.670 │ D(fake): 0.329 │ FID train/val: 164.89/166.46 │ IS train/val: 5.93/5.90 │ 33.3s
2026-09-23 12:45:02,989 | INFO |   ↳ Mostre salvate: outputs\run_20260923_123436_808321\samples\epoch_016.png
2026-09-23 12:45:03,138 | INFO |   ↳ Grafic salvat: outputs\run_20260923_123436_808321\plots\losses.png
2026-09-23 12:45:03,338 | INFO |   ↳ Grafic metrici calitate salvat: outputs\run_20260923_123436_808321\plots\quality_metrics.png
2026-09-23 12:45:03,367 | INFO |   ↳ Checkpoint salvat: outputs\run_20260923_123436_808321\checkpoints\checkpoint_epoch_016.pt
2026-09-23 12:45:03,399 | INFO |   ↳ Checkpoint salvat: outputs\run_20260923_123436_808321\checkpoints\latest.pt
2026-09-23 12:45:36,522 | INFO | Epoca 017/100 │ D: 0.9875 │ G: 1.3978 │ D(real): 0.672 │ D(fake): 0.328 │ FID train/val: 196.20/200.56 │ IS train/val: 5.72/5.87 │ 32.8s
2026-09-23 12:45:36,531 | INFO |   ↳ Mostre salvate: outputs\run_20260923_123436_808321\samples\epoch_017.png
2026-09-23 12:45:36,729 | INFO |   ↳ Grafic salvat: outputs\run_20260923_123436_808321\plots\losses.png
2026-09-23 12:45:36,909 | INFO |   ↳ Grafic metrici calitate salvat: outputs\run_20260923_123436_808321\plots\quality_metrics.png
2026-09-23 12:45:36,945 | INFO |   ↳ Checkpoint salvat: outputs\run_20260923_123436_808321\checkpoints\checkpoint_epoch_017.pt
2026-09-23 12:45:36,976 | INFO |   ↳ Checkpoint salvat: outputs\run_20260923_123436_808321\checkpoints\latest.pt
2026-09-23 12:46:10,016 | INFO | Epoca 018/100 │ D: 0.9905 │ G: 1.3787 │ D(real): 0.671 │ D(fake): 0.330 │ FID train/val: 166.28/160.64 │ IS train/val: 6.14/6.15 │ 32.7s
2026-09-23 12:46:10,025 | INFO |   ↳ Mostre salvate: outputs\run_20260923_123436_808321\samples\epoch_018.png
2026-09-23 12:46:10,186 | INFO |   ↳ Grafic salvat: outputs\run_20260923_123436_808321\plots\losses.png
2026-09-23 12:46:10,378 | INFO |   ↳ Grafic metrici calitate salvat: outputs\run_20260923_123436_808321\plots\quality_metrics.png
2026-09-23 12:46:10,407 | INFO |   ↳ Checkpoint salvat: outputs\run_20260923_123436_808321\checkpoints\checkpoint_epoch_018.pt
2026-09-23 12:46:10,439 | INFO |   ↳ Checkpoint salvat: outputs\run_20260923_123436_808321\checkpoints\latest.pt
2026-09-23 12:46:43,344 | INFO | Epoca 019/100 │ D: 0.9892 │ G: 1.3940 │ D(real): 0.671 │ D(fake): 0.329 │ FID train/val: 145.01/149.04 │ IS train/val: 6.61/6.49 │ 32.6s
2026-09-23 12:46:43,352 | INFO |   ↳ Mostre salvate: outputs\run_20260923_123436_808321\samples\epoch_019.png
2026-09-23 12:46:43,514 | INFO |   ↳ Grafic salvat: outputs\run_20260923_123436_808321\plots\losses.png
2026-09-23 12:46:43,723 | INFO |   ↳ Grafic metrici calitate salvat: outputs\run_20260923_123436_808321\plots\quality_metrics.png
2026-09-23 12:46:43,757 | INFO |   ↳ Checkpoint salvat: outputs\run_20260923_123436_808321\checkpoints\checkpoint_epoch_019.pt
2026-09-23 12:46:43,793 | INFO |   ↳ Checkpoint salvat: outputs\run_20260923_123436_808321\checkpoints\latest.pt
2026-09-23 12:47:16,575 | INFO | Epoca 020/100 │ D: 0.9870 │ G: 1.3985 │ D(real): 0.672 │ D(fake): 0.329 │ FID train/val: 167.35/146.38 │ IS train/val: 6.27/6.18 │ 32.5s
2026-09-23 12:47:16,582 | INFO |   ↳ Mostre salvate: outputs\run_20260923_123436_808321\samples\epoch_020.png
2026-09-23 12:47:16,740 | INFO |   ↳ Grafic salvat: outputs\run_20260923_123436_808321\plots\losses.png
2026-09-23 12:47:16,933 | INFO |   ↳ Grafic metrici calitate salvat: outputs\run_20260923_123436_808321\plots\quality_metrics.png
2026-09-23 12:47:16,962 | INFO |   ↳ Checkpoint salvat: outputs\run_20260923_123436_808321\checkpoints\checkpoint_epoch_020.pt
2026-09-23 12:47:16,993 | INFO |   ↳ Checkpoint salvat: outputs\run_20260923_123436_808321\checkpoints\latest.pt
2026-09-23 12:47:50,801 | INFO | Epoca 021/100 │ D: 0.9885 │ G: 1.3989 │ D(real): 0.671 │ D(fake): 0.329 │ FID train/val: 163.37/172.93 │ IS train/val: 6.09/5.86 │ 33.5s
2026-09-23 12:47:50,810 | INFO |   ↳ Mostre salvate: outputs\run_20260923_123436_808321\samples\epoch_021.png
2026-09-23 12:47:50,971 | INFO |   ↳ Grafic salvat: outputs\run_20260923_123436_808321\plots\losses.png
2026-09-23 12:47:51,165 | INFO |   ↳ Grafic metrici calitate salvat: outputs\run_20260923_123436_808321\plots\quality_metrics.png
2026-09-23 12:47:51,213 | INFO |   ↳ Checkpoint salvat: outputs\run_20260923_123436_808321\checkpoints\checkpoint_epoch_021.pt
2026-09-23 12:47:51,244 | INFO |   ↳ Checkpoint salvat: outputs\run_20260923_123436_808321\checkpoints\latest.pt
2026-09-23 12:48:24,594 | INFO | Epoca 022/100 │ D: 0.9928 │ G: 1.3591 │ D(real): 0.669 │ D(fake): 0.331 │ FID train/val: 192.26/174.72 │ IS train/val: 6.08/6.29 │ 33.0s
2026-09-23 12:48:24,603 | INFO |   ↳ Mostre salvate: outputs\run_20260923_123436_808321\samples\epoch_022.png
2026-09-23 12:48:24,755 | INFO |   ↳ Grafic salvat: outputs\run_20260923_123436_808321\plots\losses.png
2026-09-23 12:48:24,937 | INFO |   ↳ Grafic metrici calitate salvat: outputs\run_20260923_123436_808321\plots\quality_metrics.png
2026-09-23 12:48:24,966 | INFO |   ↳ Checkpoint salvat: outputs\run_20260923_123436_808321\checkpoints\checkpoint_epoch_022.pt
2026-09-23 12:48:24,998 | INFO |   ↳ Checkpoint salvat: outputs\run_20260923_123436_808321\checkpoints\latest.pt
2026-09-23 12:48:58,622 | INFO | Epoca 023/100 │ D: 1.0040 │ G: 1.3373 │ D(real): 0.665 │ D(fake): 0.335 │ FID train/val: 189.16/163.39 │ IS train/val: 6.08/6.51 │ 33.3s
2026-09-23 12:48:58,631 | INFO |   ↳ Mostre salvate: outputs\run_20260923_123436_808321\samples\epoch_023.png
2026-09-23 12:48:58,783 | INFO |   ↳ Grafic salvat: outputs\run_20260923_123436_808321\plots\losses.png
2026-09-23 12:48:58,975 | INFO |   ↳ Grafic metrici calitate salvat: outputs\run_20260923_123436_808321\plots\quality_metrics.png
2026-09-23 12:48:59,023 | INFO |   ↳ Checkpoint salvat: outputs\run_20260923_123436_808321\checkpoints\checkpoint_epoch_023.pt
2026-09-23 12:48:59,055 | INFO |   ↳ Checkpoint salvat: outputs\run_20260923_123436_808321\checkpoints\latest.pt
2026-09-23 12:49:31,790 | INFO | Epoca 024/100 │ D: 1.0148 │ G: 1.3337 │ D(real): 0.662 │ D(fake): 0.339 │ FID train/val: 163.51/170.88 │ IS train/val: 6.26/6.20 │ 32.4s
2026-09-23 12:49:31,798 | INFO |   ↳ Mostre salvate: outputs\run_20260923_123436_808321\samples\epoch_024.png
2026-09-23 12:49:31,942 | INFO |   ↳ Grafic salvat: outputs\run_20260923_123436_808321\plots\losses.png
2026-09-23 12:49:32,127 | INFO |   ↳ Grafic metrici calitate salvat: outputs\run_20260923_123436_808321\plots\quality_metrics.png
2026-09-23 12:49:32,156 | INFO |   ↳ Checkpoint salvat: outputs\run_20260923_123436_808321\checkpoints\checkpoint_epoch_024.pt
2026-09-23 12:49:32,186 | INFO |   ↳ Checkpoint salvat: outputs\run_20260923_123436_808321\checkpoints\latest.pt
2026-09-23 12:50:05,197 | INFO | Epoca 025/100 │ D: 1.0220 │ G: 1.3070 │ D(real): 0.658 │ D(fake): 0.343 │ FID train/val: 121.21/121.20 │ IS train/val: 6.81/7.03 │ 32.7s
2026-09-23 12:50:05,206 | INFO |   ↳ Mostre salvate: outputs\run_20260923_123436_808321\samples\epoch_025.png
2026-09-23 12:50:05,363 | INFO |   ↳ Grafic salvat: outputs\run_20260923_123436_808321\plots\losses.png
2026-09-23 12:50:05,549 | INFO |   ↳ Grafic metrici calitate salvat: outputs\run_20260923_123436_808321\plots\quality_metrics.png
2026-09-23 12:50:05,596 | INFO |   ↳ Checkpoint salvat: outputs\run_20260923_123436_808321\checkpoints\checkpoint_epoch_025.pt
2026-09-23 12:50:05,629 | INFO |   ↳ Checkpoint salvat: outputs\run_20260923_123436_808321\checkpoints\latest.pt
2026-09-23 12:50:38,741 | INFO | Epoca 026/100 │ D: 1.0368 │ G: 1.2881 │ D(real): 0.652 │ D(fake): 0.349 │ FID train/val: 122.41/172.43 │ IS train/val: 6.56/6.33 │ 32.8s
2026-09-23 12:50:38,749 | INFO |   ↳ Mostre salvate: outputs\run_20260923_123436_808321\samples\epoch_026.png
2026-09-23 12:50:38,932 | INFO |   ↳ Grafic salvat: outputs\run_20260923_123436_808321\plots\losses.png
2026-09-23 12:50:39,115 | INFO |   ↳ Grafic metrici calitate salvat: outputs\run_20260923_123436_808321\plots\quality_metrics.png
2026-09-23 12:50:39,145 | INFO |   ↳ Checkpoint salvat: outputs\run_20260923_123436_808321\checkpoints\checkpoint_epoch_026.pt
2026-09-23 12:50:39,177 | INFO |   ↳ Checkpoint salvat: outputs\run_20260923_123436_808321\checkpoints\latest.pt
2026-09-23 12:51:11,817 | INFO | Epoca 027/100 │ D: 1.0370 │ G: 1.2980 │ D(real): 0.652 │ D(fake): 0.349 │ FID train/val: 161.40/149.72 │ IS train/val: 6.26/6.39 │ 32.3s
2026-09-23 12:51:11,825 | INFO |   ↳ Mostre salvate: outputs\run_20260923_123436_808321\samples\epoch_027.png
2026-09-23 12:51:11,998 | INFO |   ↳ Grafic salvat: outputs\run_20260923_123436_808321\plots\losses.png
2026-09-23 12:51:12,181 | INFO |   ↳ Grafic metrici calitate salvat: outputs\run_20260923_123436_808321\plots\quality_metrics.png
2026-09-23 12:51:12,210 | INFO |   ↳ Checkpoint salvat: outputs\run_20260923_123436_808321\checkpoints\checkpoint_epoch_027.pt
2026-09-23 12:51:12,241 | INFO |   ↳ Checkpoint salvat: outputs\run_20260923_123436_808321\checkpoints\latest.pt
2026-09-23 12:51:45,613 | INFO | Epoca 028/100 │ D: 1.0360 │ G: 1.2963 │ D(real): 0.653 │ D(fake): 0.348 │ FID train/val: 94.15/112.47 │ IS train/val: 6.72/6.73 │ 33.0s
2026-09-23 12:51:45,622 | INFO |   ↳ Mostre salvate: outputs\run_20260923_123436_808321\samples\epoch_028.png
2026-09-23 12:51:45,771 | INFO |   ↳ Grafic salvat: outputs\run_20260923_123436_808321\plots\losses.png
2026-09-23 12:51:46,029 | INFO |   ↳ Grafic metrici calitate salvat: outputs\run_20260923_123436_808321\plots\quality_metrics.png
2026-09-23 12:51:46,057 | INFO |   ↳ Checkpoint salvat: outputs\run_20260923_123436_808321\checkpoints\checkpoint_epoch_028.pt
2026-09-23 12:51:46,101 | INFO |   ↳ Checkpoint salvat: outputs\run_20260923_123436_808321\checkpoints\latest.pt
2026-09-23 12:52:19,424 | INFO | Epoca 029/100 │ D: 1.0487 │ G: 1.2638 │ D(real): 0.647 │ D(fake): 0.352 │ FID train/val: 111.40/102.10 │ IS train/val: 6.75/6.82 │ 33.0s
2026-09-23 12:52:19,433 | INFO |   ↳ Mostre salvate: outputs\run_20260923_123436_808321\samples\epoch_029.png
2026-09-23 12:52:19,597 | INFO |   ↳ Grafic salvat: outputs\run_20260923_123436_808321\plots\losses.png
2026-09-23 12:52:19,787 | INFO |   ↳ Grafic metrici calitate salvat: outputs\run_20260923_123436_808321\plots\quality_metrics.png
2026-09-23 12:52:19,833 | INFO |   ↳ Checkpoint salvat: outputs\run_20260923_123436_808321\checkpoints\checkpoint_epoch_029.pt
2026-09-23 12:52:19,865 | INFO |   ↳ Checkpoint salvat: outputs\run_20260923_123436_808321\checkpoints\latest.pt
2026-09-23 12:52:53,119 | INFO | Epoca 030/100 │ D: 1.0588 │ G: 1.2534 │ D(real): 0.643 │ D(fake): 0.357 │ FID train/val: 93.47/121.66 │ IS train/val: 7.18/6.80 │ 32.9s
2026-09-23 12:52:53,129 | INFO |   ↳ Mostre salvate: outputs\run_20260923_123436_808321\samples\epoch_030.png
2026-09-23 12:52:53,301 | INFO |   ↳ Grafic salvat: outputs\run_20260923_123436_808321\plots\losses.png
2026-09-23 12:52:53,489 | INFO |   ↳ Grafic metrici calitate salvat: outputs\run_20260923_123436_808321\plots\quality_metrics.png
2026-09-23 12:52:53,517 | INFO |   ↳ Checkpoint salvat: outputs\run_20260923_123436_808321\checkpoints\checkpoint_epoch_030.pt
2026-09-23 12:52:53,549 | INFO |   ↳ Checkpoint salvat: outputs\run_20260923_123436_808321\checkpoints\latest.pt
2026-09-23 12:53:26,630 | INFO | Epoca 031/100 │ D: 1.0598 │ G: 1.2395 │ D(real): 0.643 │ D(fake): 0.358 │ FID train/val: 87.97/107.93 │ IS train/val: 7.17/6.86 │ 32.7s
2026-09-23 12:53:26,639 | INFO |   ↳ Mostre salvate: outputs\run_20260923_123436_808321\samples\epoch_031.png
2026-09-23 12:53:26,794 | INFO |   ↳ Grafic salvat: outputs\run_20260923_123436_808321\plots\losses.png
2026-09-23 12:53:26,991 | INFO |   ↳ Grafic metrici calitate salvat: outputs\run_20260923_123436_808321\plots\quality_metrics.png
2026-09-23 12:53:27,020 | INFO |   ↳ Checkpoint salvat: outputs\run_20260923_123436_808321\checkpoints\checkpoint_epoch_031.pt
2026-09-23 12:53:27,052 | INFO |   ↳ Checkpoint salvat: outputs\run_20260923_123436_808321\checkpoints\latest.pt
2026-09-23 12:54:00,474 | INFO | Epoca 032/100 │ D: 1.0671 │ G: 1.2420 │ D(real): 0.640 │ D(fake): 0.360 │ FID train/val: 110.79/97.29 │ IS train/val: 6.81/7.18 │ 33.0s
2026-09-23 12:54:00,484 | INFO |   ↳ Mostre salvate: outputs\run_20260923_123436_808321\samples\epoch_032.png
2026-09-23 12:54:00,673 | INFO |   ↳ Grafic salvat: outputs\run_20260923_123436_808321\plots\losses.png
2026-09-23 12:54:00,867 | INFO |   ↳ Grafic metrici calitate salvat: outputs\run_20260923_123436_808321\plots\quality_metrics.png
2026-09-23 12:54:00,895 | INFO |   ↳ Checkpoint salvat: outputs\run_20260923_123436_808321\checkpoints\checkpoint_epoch_032.pt
2026-09-23 12:54:00,927 | INFO |   ↳ Checkpoint salvat: outputs\run_20260923_123436_808321\checkpoints\latest.pt
2026-09-23 12:54:34,178 | INFO | Epoca 033/100 │ D: 1.0671 │ G: 1.2198 │ D(real): 0.640 │ D(fake): 0.361 │ FID train/val: 75.75/90.05 │ IS train/val: 7.42/7.44 │ 32.9s
2026-09-23 12:54:34,189 | INFO |   ↳ Mostre salvate: outputs\run_20260923_123436_808321\samples\epoch_033.png
2026-09-23 12:54:34,351 | INFO |   ↳ Grafic salvat: outputs\run_20260923_123436_808321\plots\losses.png
2026-09-23 12:54:34,629 | INFO |   ↳ Grafic metrici calitate salvat: outputs\run_20260923_123436_808321\plots\quality_metrics.png
2026-09-23 12:54:34,660 | INFO |   ↳ Checkpoint salvat: outputs\run_20260923_123436_808321\checkpoints\checkpoint_epoch_033.pt
2026-09-23 12:54:34,693 | INFO |   ↳ Checkpoint salvat: outputs\run_20260923_123436_808321\checkpoints\latest.pt
2026-09-23 12:55:08,162 | INFO | Epoca 034/100 │ D: 1.0819 │ G: 1.2048 │ D(real): 0.634 │ D(fake): 0.366 │ FID train/val: 90.17/115.21 │ IS train/val: 7.33/7.34 │ 33.1s
2026-09-23 12:55:08,172 | INFO |   ↳ Mostre salvate: outputs\run_20260923_123436_808321\samples\epoch_034.png
2026-09-23 12:55:08,332 | INFO |   ↳ Grafic salvat: outputs\run_20260923_123436_808321\plots\losses.png
2026-09-23 12:55:08,528 | INFO |   ↳ Grafic metrici calitate salvat: outputs\run_20260923_123436_808321\plots\quality_metrics.png
2026-09-23 12:55:08,556 | INFO |   ↳ Checkpoint salvat: outputs\run_20260923_123436_808321\checkpoints\checkpoint_epoch_034.pt
2026-09-23 12:55:08,586 | INFO |   ↳ Checkpoint salvat: outputs\run_20260923_123436_808321\checkpoints\latest.pt
2026-09-23 12:55:41,692 | INFO | Epoca 035/100 │ D: 1.0817 │ G: 1.2013 │ D(real): 0.633 │ D(fake): 0.366 │ FID train/val: 90.18/79.26 │ IS train/val: 6.96/7.20 │ 32.7s
2026-09-23 12:55:41,700 | INFO |   ↳ Mostre salvate: outputs\run_20260923_123436_808321\samples\epoch_035.png
2026-09-23 12:55:41,903 | INFO |   ↳ Grafic salvat: outputs\run_20260923_123436_808321\plots\losses.png
2026-09-23 12:55:42,088 | INFO |   ↳ Grafic metrici calitate salvat: outputs\run_20260923_123436_808321\plots\quality_metrics.png
2026-09-23 12:55:42,119 | INFO |   ↳ Checkpoint salvat: outputs\run_20260923_123436_808321\checkpoints\checkpoint_epoch_035.pt
2026-09-23 12:55:42,151 | INFO |   ↳ Checkpoint salvat: outputs\run_20260923_123436_808321\checkpoints\latest.pt
2026-09-23 12:56:15,181 | INFO | Epoca 036/100 │ D: 1.0769 │ G: 1.2059 │ D(real): 0.636 │ D(fake): 0.365 │ FID train/val: 82.47/88.41 │ IS train/val: 7.02/7.29 │ 32.7s
2026-09-23 12:56:15,210 | INFO |   ↳ Mostre salvate: outputs\run_20260923_123436_808321\samples\epoch_036.png
2026-09-23 12:56:15,401 | INFO |   ↳ Grafic salvat: outputs\run_20260923_123436_808321\plots\losses.png
2026-09-23 12:56:15,599 | INFO |   ↳ Grafic metrici calitate salvat: outputs\run_20260923_123436_808321\plots\quality_metrics.png
2026-09-23 12:56:15,628 | INFO |   ↳ Checkpoint salvat: outputs\run_20260923_123436_808321\checkpoints\checkpoint_epoch_036.pt
2026-09-23 12:56:15,660 | INFO |   ↳ Checkpoint salvat: outputs\run_20260923_123436_808321\checkpoints\latest.pt
2026-09-23 12:56:48,997 | INFO | Epoca 037/100 │ D: 1.0806 │ G: 1.1989 │ D(real): 0.634 │ D(fake): 0.366 │ FID train/val: 105.31/93.00 │ IS train/val: 7.29/6.92 │ 33.0s
2026-09-23 12:56:49,006 | INFO |   ↳ Mostre salvate: outputs\run_20260923_123436_808321\samples\epoch_037.png
2026-09-23 12:56:49,176 | INFO |   ↳ Grafic salvat: outputs\run_20260923_123436_808321\plots\losses.png
2026-09-23 12:56:49,372 | INFO |   ↳ Grafic metrici calitate salvat: outputs\run_20260923_123436_808321\plots\quality_metrics.png
2026-09-23 12:56:49,406 | INFO |   ↳ Checkpoint salvat: outputs\run_20260923_123436_808321\checkpoints\checkpoint_epoch_037.pt
2026-09-23 12:56:49,438 | INFO |   ↳ Checkpoint salvat: outputs\run_20260923_123436_808321\checkpoints\latest.pt
2026-09-23 12:57:22,941 | INFO | Epoca 038/100 │ D: 1.0860 │ G: 1.1940 │ D(real): 0.632 │ D(fake): 0.368 │ FID train/val: 81.27/92.26 │ IS train/val: 7.19/7.50 │ 33.2s
2026-09-23 12:57:22,949 | INFO |   ↳ Mostre salvate: outputs\run_20260923_123436_808321\samples\epoch_038.png
2026-09-23 12:57:23,112 | INFO |   ↳ Grafic salvat: outputs\run_20260923_123436_808321\plots\losses.png
2026-09-23 12:57:23,317 | INFO |   ↳ Grafic metrici calitate salvat: outputs\run_20260923_123436_808321\plots\quality_metrics.png
2026-09-23 12:57:23,346 | INFO |   ↳ Checkpoint salvat: outputs\run_20260923_123436_808321\checkpoints\checkpoint_epoch_038.pt
2026-09-23 12:57:23,378 | INFO |   ↳ Checkpoint salvat: outputs\run_20260923_123436_808321\checkpoints\latest.pt
2026-09-23 12:57:57,483 | INFO | Epoca 039/100 │ D: 1.0816 │ G: 1.1956 │ D(real): 0.634 │ D(fake): 0.367 │ FID train/val: 83.56/82.55 │ IS train/val: 7.27/7.54 │ 33.7s
2026-09-23 12:57:57,493 | INFO |   ↳ Mostre salvate: outputs\run_20260923_123436_808321\samples\epoch_039.png
2026-09-23 12:57:57,661 | INFO |   ↳ Grafic salvat: outputs\run_20260923_123436_808321\plots\losses.png
2026-09-23 12:57:57,864 | INFO |   ↳ Grafic metrici calitate salvat: outputs\run_20260923_123436_808321\plots\quality_metrics.png
2026-09-23 12:57:57,910 | INFO |   ↳ Checkpoint salvat: outputs\run_20260923_123436_808321\checkpoints\checkpoint_epoch_039.pt
2026-09-23 12:57:57,943 | INFO |   ↳ Checkpoint salvat: outputs\run_20260923_123436_808321\checkpoints\latest.pt
2026-09-23 12:58:31,514 | INFO | Epoca 040/100 │ D: 1.0955 │ G: 1.1818 │ D(real): 0.628 │ D(fake): 0.372 │ FID train/val: 88.44/95.33 │ IS train/val: 7.24/7.16 │ 33.2s
2026-09-23 12:58:31,524 | INFO |   ↳ Mostre salvate: outputs\run_20260923_123436_808321\samples\epoch_040.png
2026-09-23 12:58:31,681 | INFO |   ↳ Grafic salvat: outputs\run_20260923_123436_808321\plots\losses.png
2026-09-23 12:58:31,918 | INFO |   ↳ Grafic metrici calitate salvat: outputs\run_20260923_123436_808321\plots\quality_metrics.png
2026-09-23 12:58:31,947 | INFO |   ↳ Checkpoint salvat: outputs\run_20260923_123436_808321\checkpoints\checkpoint_epoch_040.pt
2026-09-23 12:58:31,977 | INFO |   ↳ Checkpoint salvat: outputs\run_20260923_123436_808321\checkpoints\latest.pt
2026-09-23 12:59:05,265 | INFO | Epoca 041/100 │ D: 1.0926 │ G: 1.1862 │ D(real): 0.629 │ D(fake): 0.371 │ FID train/val: 95.07/104.89 │ IS train/val: 7.09/7.14 │ 33.0s
2026-09-23 12:59:05,273 | INFO |   ↳ Mostre salvate: outputs\run_20260923_123436_808321\samples\epoch_041.png
2026-09-23 12:59:05,442 | INFO |   ↳ Grafic salvat: outputs\run_20260923_123436_808321\plots\losses.png
2026-09-23 12:59:05,642 | INFO |   ↳ Grafic metrici calitate salvat: outputs\run_20260923_123436_808321\plots\quality_metrics.png
2026-09-23 12:59:05,692 | INFO |   ↳ Checkpoint salvat: outputs\run_20260923_123436_808321\checkpoints\checkpoint_epoch_041.pt
2026-09-23 12:59:05,796 | INFO |   ↳ Checkpoint salvat: outputs\run_20260923_123436_808321\checkpoints\latest.pt
2026-09-23 12:59:39,183 | INFO | Epoca 042/100 │ D: 1.0906 │ G: 1.1747 │ D(real): 0.630 │ D(fake): 0.371 │ FID train/val: 106.76/98.85 │ IS train/val: 7.18/7.05 │ 32.9s
2026-09-23 12:59:39,191 | INFO |   ↳ Mostre salvate: outputs\run_20260923_123436_808321\samples\epoch_042.png
2026-09-23 12:59:39,337 | INFO |   ↳ Grafic salvat: outputs\run_20260923_123436_808321\plots\losses.png
2026-09-23 12:59:39,526 | INFO |   ↳ Grafic metrici calitate salvat: outputs\run_20260923_123436_808321\plots\quality_metrics.png
2026-09-23 12:59:39,555 | INFO |   ↳ Checkpoint salvat: outputs\run_20260923_123436_808321\checkpoints\checkpoint_epoch_042.pt
2026-09-23 12:59:39,587 | INFO |   ↳ Checkpoint salvat: outputs\run_20260923_123436_808321\checkpoints\latest.pt
2026-09-23 13:00:18,194 | INFO | Epoca 043/100 │ D: 1.0924 │ G: 1.1732 │ D(real): 0.630 │ D(fake): 0.371 │ FID train/val: 94.91/68.76 │ IS train/val: 7.03/7.31 │ 38.2s
2026-09-23 13:00:18,203 | INFO |   ↳ Mostre salvate: outputs\run_20260923_123436_808321\samples\epoch_043.png
2026-09-23 13:00:18,407 | INFO |   ↳ Grafic salvat: outputs\run_20260923_123436_808321\plots\losses.png
2026-09-23 13:00:18,580 | INFO |   ↳ Grafic metrici calitate salvat: outputs\run_20260923_123436_808321\plots\quality_metrics.png
2026-09-23 13:00:18,619 | INFO |   ↳ Checkpoint salvat: outputs\run_20260923_123436_808321\checkpoints\checkpoint_epoch_043.pt
2026-09-23 13:00:18,651 | INFO |   ↳ Checkpoint salvat: outputs\run_20260923_123436_808321\checkpoints\latest.pt
2026-09-23 13:01:00,591 | INFO | Epoca 044/100 │ D: 1.0838 │ G: 1.1868 │ D(real): 0.633 │ D(fake): 0.367 │ FID train/val: 91.34/75.51 │ IS train/val: 7.03/7.25 │ 41.6s
2026-09-23 13:01:00,605 | INFO |   ↳ Mostre salvate: outputs\run_20260923_123436_808321\samples\epoch_044.png
2026-09-23 13:01:00,804 | INFO |   ↳ Grafic salvat: outputs\run_20260923_123436_808321\plots\losses.png
2026-09-23 13:01:00,979 | INFO |   ↳ Grafic metrici calitate salvat: outputs\run_20260923_123436_808321\plots\quality_metrics.png
2026-09-23 13:01:01,007 | INFO |   ↳ Checkpoint salvat: outputs\run_20260923_123436_808321\checkpoints\checkpoint_epoch_044.pt
2026-09-23 13:01:01,300 | INFO |   ↳ Checkpoint salvat: outputs\run_20260923_123436_808321\checkpoints\latest.pt
2026-09-23 13:01:42,633 | INFO | Epoca 045/100 │ D: 1.0952 │ G: 1.1670 │ D(real): 0.629 │ D(fake): 0.372 │ FID train/val: 83.09/84.39 │ IS train/val: 7.51/7.42 │ 41.0s
2026-09-23 13:01:42,647 | INFO |   ↳ Mostre salvate: outputs\run_20260923_123436_808321\samples\epoch_045.png
2026-09-23 13:01:42,841 | INFO |   ↳ Grafic salvat: outputs\run_20260923_123436_808321\plots\losses.png
2026-09-23 13:01:43,016 | INFO |   ↳ Grafic metrici calitate salvat: outputs\run_20260923_123436_808321\plots\quality_metrics.png
2026-09-23 13:01:43,053 | INFO |   ↳ Checkpoint salvat: outputs\run_20260923_123436_808321\checkpoints\checkpoint_epoch_045.pt
2026-09-23 13:01:43,085 | INFO |   ↳ Checkpoint salvat: outputs\run_20260923_123436_808321\checkpoints\latest.pt
2026-09-23 13:02:24,853 | INFO | Epoca 046/100 │ D: 1.1058 │ G: 1.1462 │ D(real): 0.624 │ D(fake): 0.377 │ FID train/val: 108.98/85.32 │ IS train/val: 7.08/7.41 │ 41.4s
2026-09-23 13:02:24,867 | INFO |   ↳ Mostre salvate: outputs\run_20260923_123436_808321\samples\epoch_046.png
2026-09-23 13:02:25,042 | INFO |   ↳ Grafic salvat: outputs\run_20260923_123436_808321\plots\losses.png
2026-09-23 13:02:25,224 | INFO |   ↳ Grafic metrici calitate salvat: outputs\run_20260923_123436_808321\plots\quality_metrics.png
2026-09-23 13:02:25,253 | INFO |   ↳ Checkpoint salvat: outputs\run_20260923_123436_808321\checkpoints\checkpoint_epoch_046.pt
2026-09-23 13:02:25,283 | INFO |   ↳ Checkpoint salvat: outputs\run_20260923_123436_808321\checkpoints\latest.pt
2026-09-23 13:03:07,405 | INFO | Epoca 047/100 │ D: 1.0993 │ G: 1.1548 │ D(real): 0.627 │ D(fake): 0.374 │ FID train/val: 106.31/99.76 │ IS train/val: 7.11/7.33 │ 41.7s
2026-09-23 13:03:07,417 | INFO |   ↳ Mostre salvate: outputs\run_20260923_123436_808321\samples\epoch_047.png
2026-09-23 13:03:07,634 | INFO |   ↳ Grafic salvat: outputs\run_20260923_123436_808321\plots\losses.png
2026-09-23 13:03:07,818 | INFO |   ↳ Grafic metrici calitate salvat: outputs\run_20260923_123436_808321\plots\quality_metrics.png
2026-09-23 13:03:08,030 | INFO |   ↳ Checkpoint salvat: outputs\run_20260923_123436_808321\checkpoints\checkpoint_epoch_047.pt
2026-09-23 13:03:08,131 | INFO |   ↳ Checkpoint salvat: outputs\run_20260923_123436_808321\checkpoints\latest.pt
2026-09-23 13:03:49,261 | INFO | Epoca 048/100 │ D: 1.0991 │ G: 1.1581 │ D(real): 0.627 │ D(fake): 0.374 │ FID train/val: 96.80/89.93 │ IS train/val: 7.27/7.33 │ 40.7s
2026-09-23 13:03:49,271 | INFO |   ↳ Mostre salvate: outputs\run_20260923_123436_808321\samples\epoch_048.png
2026-09-23 13:03:49,490 | INFO |   ↳ Grafic salvat: outputs\run_20260923_123436_808321\plots\losses.png
2026-09-23 13:03:49,666 | INFO |   ↳ Grafic metrici calitate salvat: outputs\run_20260923_123436_808321\plots\quality_metrics.png
2026-09-23 13:03:49,695 | INFO |   ↳ Checkpoint salvat: outputs\run_20260923_123436_808321\checkpoints\checkpoint_epoch_048.pt
2026-09-23 13:03:49,728 | INFO |   ↳ Checkpoint salvat: outputs\run_20260923_123436_808321\checkpoints\latest.pt
2026-09-23 13:04:31,408 | INFO | Epoca 049/100 │ D: 1.1012 │ G: 1.1557 │ D(real): 0.626 │ D(fake): 0.376 │ FID train/val: 65.64/77.13 │ IS train/val: 7.66/7.37 │ 41.3s
2026-09-23 13:04:31,423 | INFO |   ↳ Mostre salvate: outputs\run_20260923_123436_808321\samples\epoch_049.png
2026-09-23 13:04:31,589 | INFO |   ↳ Grafic salvat: outputs\run_20260923_123436_808321\plots\losses.png
2026-09-23 13:04:31,783 | INFO |   ↳ Grafic metrici calitate salvat: outputs\run_20260923_123436_808321\plots\quality_metrics.png
2026-09-23 13:04:31,822 | INFO |   ↳ Checkpoint salvat: outputs\run_20260923_123436_808321\checkpoints\checkpoint_epoch_049.pt
2026-09-23 13:04:31,856 | INFO |   ↳ Checkpoint salvat: outputs\run_20260923_123436_808321\checkpoints\latest.pt
2026-09-23 13:05:13,366 | INFO | Epoca 050/100 │ D: 1.1043 │ G: 1.1474 │ D(real): 0.625 │ D(fake): 0.376 │ FID train/val: 92.79/90.34 │ IS train/val: 7.25/6.87 │ 41.1s
2026-09-23 13:05:13,376 | INFO |   ↳ Mostre salvate: outputs\run_20260923_123436_808321\samples\epoch_050.png
2026-09-23 13:05:13,574 | INFO |   ↳ Grafic salvat: outputs\run_20260923_123436_808321\plots\losses.png
2026-09-23 13:05:13,756 | INFO |   ↳ Grafic metrici calitate salvat: outputs\run_20260923_123436_808321\plots\quality_metrics.png
2026-09-23 13:05:13,785 | INFO |   ↳ Checkpoint salvat: outputs\run_20260923_123436_808321\checkpoints\checkpoint_epoch_050.pt
2026-09-23 13:05:13,883 | INFO |   ↳ Checkpoint salvat: outputs\run_20260923_123436_808321\checkpoints\latest.pt
2026-09-23 13:05:55,657 | INFO | Epoca 051/100 │ D: 1.1056 │ G: 1.1452 │ D(real): 0.625 │ D(fake): 0.377 │ FID train/val: 95.72/85.59 │ IS train/val: 7.29/7.61 │ 41.4s
2026-09-23 13:05:55,670 | INFO |   ↳ Mostre salvate: outputs\run_20260923_123436_808321\samples\epoch_051.png
2026-09-23 13:05:55,826 | INFO |   ↳ Grafic salvat: outputs\run_20260923_123436_808321\plots\losses.png
2026-09-23 13:05:56,014 | INFO |   ↳ Grafic metrici calitate salvat: outputs\run_20260923_123436_808321\plots\quality_metrics.png
2026-09-23 13:05:56,084 | INFO |   ↳ Checkpoint salvat: outputs\run_20260923_123436_808321\checkpoints\checkpoint_epoch_051.pt
2026-09-23 13:05:56,115 | INFO |   ↳ Checkpoint salvat: outputs\run_20260923_123436_808321\checkpoints\latest.pt
2026-09-23 13:06:37,920 | INFO | Epoca 052/100 │ D: 1.1090 │ G: 1.1320 │ D(real): 0.622 │ D(fake): 0.378 │ FID train/val: 69.70/104.20 │ IS train/val: 7.50/7.13 │ 41.3s
2026-09-23 13:06:37,937 | INFO |   ↳ Mostre salvate: outputs\run_20260923_123436_808321\samples\epoch_052.png
2026-09-23 13:06:38,156 | INFO |   ↳ Grafic salvat: outputs\run_20260923_123436_808321\plots\losses.png
2026-09-23 13:06:38,368 | INFO |   ↳ Grafic metrici calitate salvat: outputs\run_20260923_123436_808321\plots\quality_metrics.png
2026-09-23 13:06:38,398 | INFO |   ↳ Checkpoint salvat: outputs\run_20260923_123436_808321\checkpoints\checkpoint_epoch_052.pt
2026-09-23 13:06:38,429 | INFO |   ↳ Checkpoint salvat: outputs\run_20260923_123436_808321\checkpoints\latest.pt
2026-09-23 13:07:20,097 | INFO | Epoca 053/100 │ D: 1.1105 │ G: 1.1339 │ D(real): 0.622 │ D(fake): 0.379 │ FID train/val: 66.58/73.83 │ IS train/val: 7.78/7.85 │ 41.3s
2026-09-23 13:07:20,114 | INFO |   ↳ Mostre salvate: outputs\run_20260923_123436_808321\samples\epoch_053.png
2026-09-23 13:07:20,307 | INFO |   ↳ Grafic salvat: outputs\run_20260923_123436_808321\plots\losses.png
2026-09-23 13:07:20,512 | INFO |   ↳ Grafic metrici calitate salvat: outputs\run_20260923_123436_808321\plots\quality_metrics.png
2026-09-23 13:07:20,619 | INFO |   ↳ Checkpoint salvat: outputs\run_20260923_123436_808321\checkpoints\checkpoint_epoch_053.pt
2026-09-23 13:07:20,699 | INFO |   ↳ Checkpoint salvat: outputs\run_20260923_123436_808321\checkpoints\latest.pt
2026-09-23 13:08:02,206 | INFO | Epoca 054/100 │ D: 1.1212 │ G: 1.1144 │ D(real): 0.618 │ D(fake): 0.382 │ FID train/val: 72.94/62.00 │ IS train/val: 7.56/7.82 │ 41.1s
2026-09-23 13:08:02,223 | INFO |   ↳ Mostre salvate: outputs\run_20260923_123436_808321\samples\epoch_054.png
2026-09-23 13:08:02,438 | INFO |   ↳ Grafic salvat: outputs\run_20260923_123436_808321\plots\losses.png
2026-09-23 13:08:02,642 | INFO |   ↳ Grafic metrici calitate salvat: outputs\run_20260923_123436_808321\plots\quality_metrics.png
2026-09-23 13:08:02,671 | INFO |   ↳ Checkpoint salvat: outputs\run_20260923_123436_808321\checkpoints\checkpoint_epoch_054.pt
2026-09-23 13:08:02,702 | INFO |   ↳ Checkpoint salvat: outputs\run_20260923_123436_808321\checkpoints\latest.pt
2026-09-23 13:08:44,100 | INFO | Epoca 055/100 │ D: 1.1189 │ G: 1.1237 │ D(real): 0.619 │ D(fake): 0.382 │ FID train/val: 81.14/78.32 │ IS train/val: 6.97/7.50 │ 41.0s
2026-09-23 13:08:44,108 | INFO |   ↳ Mostre salvate: outputs\run_20260923_123436_808321\samples\epoch_055.png
2026-09-23 13:08:44,300 | INFO |   ↳ Grafic salvat: outputs\run_20260923_123436_808321\plots\losses.png
2026-09-23 13:08:44,484 | INFO |   ↳ Grafic metrici calitate salvat: outputs\run_20260923_123436_808321\plots\quality_metrics.png
2026-09-23 13:08:44,514 | INFO |   ↳ Checkpoint salvat: outputs\run_20260923_123436_808321\checkpoints\checkpoint_epoch_055.pt
2026-09-23 13:08:44,544 | INFO |   ↳ Checkpoint salvat: outputs\run_20260923_123436_808321\checkpoints\latest.pt
2026-09-23 13:09:26,576 | INFO | Epoca 056/100 │ D: 1.1172 │ G: 1.1280 │ D(real): 0.619 │ D(fake): 0.381 │ FID train/val: 75.52/78.92 │ IS train/val: 7.61/7.53 │ 41.6s
2026-09-23 13:09:26,591 | INFO |   ↳ Mostre salvate: outputs\run_20260923_123436_808321\samples\epoch_056.png
2026-09-23 13:09:26,761 | INFO |   ↳ Grafic salvat: outputs\run_20260923_123436_808321\plots\losses.png
2026-09-23 13:09:26,955 | INFO |   ↳ Grafic metrici calitate salvat: outputs\run_20260923_123436_808321\plots\quality_metrics.png
2026-09-23 13:09:26,982 | INFO |   ↳ Checkpoint salvat: outputs\run_20260923_123436_808321\checkpoints\checkpoint_epoch_056.pt
2026-09-23 13:09:27,040 | INFO |   ↳ Checkpoint salvat: outputs\run_20260923_123436_808321\checkpoints\latest.pt
2026-09-23 13:10:08,721 | INFO | Epoca 057/100 │ D: 1.1242 │ G: 1.1060 │ D(real): 0.616 │ D(fake): 0.384 │ FID train/val: 96.65/84.48 │ IS train/val: 6.95/7.56 │ 41.3s
2026-09-23 13:10:08,732 | INFO |   ↳ Mostre salvate: outputs\run_20260923_123436_808321\samples\epoch_057.png
2026-09-23 13:10:08,926 | INFO |   ↳ Grafic salvat: outputs\run_20260923_123436_808321\plots\losses.png
2026-09-23 13:10:09,111 | INFO |   ↳ Grafic metrici calitate salvat: outputs\run_20260923_123436_808321\plots\quality_metrics.png
2026-09-23 13:10:09,248 | INFO |   ↳ Checkpoint salvat: outputs\run_20260923_123436_808321\checkpoints\checkpoint_epoch_057.pt
2026-09-23 13:10:09,344 | INFO |   ↳ Checkpoint salvat: outputs\run_20260923_123436_808321\checkpoints\latest.pt
2026-09-23 13:10:50,996 | INFO | Epoca 058/100 │ D: 1.1213 │ G: 1.1126 │ D(real): 0.617 │ D(fake): 0.383 │ FID train/val: 71.14/73.96 │ IS train/val: 7.52/7.55 │ 41.2s
2026-09-23 13:10:51,005 | INFO |   ↳ Mostre salvate: outputs\run_20260923_123436_808321\samples\epoch_058.png
2026-09-23 13:10:51,209 | INFO |   ↳ Grafic salvat: outputs\run_20260923_123436_808321\plots\losses.png
2026-09-23 13:10:51,390 | INFO |   ↳ Grafic metrici calitate salvat: outputs\run_20260923_123436_808321\plots\quality_metrics.png
2026-09-23 13:10:51,418 | INFO |   ↳ Checkpoint salvat: outputs\run_20260923_123436_808321\checkpoints\checkpoint_epoch_058.pt
2026-09-23 13:10:51,450 | INFO |   ↳ Checkpoint salvat: outputs\run_20260923_123436_808321\checkpoints\latest.pt
2026-09-23 13:11:33,889 | INFO | Epoca 059/100 │ D: 1.1193 │ G: 1.1156 │ D(real): 0.618 │ D(fake): 0.383 │ FID train/val: 72.69/80.99 │ IS train/val: 7.60/7.50 │ 42.0s
2026-09-23 13:11:33,900 | INFO |   ↳ Mostre salvate: outputs\run_20260923_123436_808321\samples\epoch_059.png
2026-09-23 13:11:34,064 | INFO |   ↳ Grafic salvat: outputs\run_20260923_123436_808321\plots\losses.png
2026-09-23 13:11:34,259 | INFO |   ↳ Grafic metrici calitate salvat: outputs\run_20260923_123436_808321\plots\quality_metrics.png
2026-09-23 13:11:34,305 | INFO |   ↳ Checkpoint salvat: outputs\run_20260923_123436_808321\checkpoints\checkpoint_epoch_059.pt
2026-09-23 13:11:34,374 | INFO |   ↳ Checkpoint salvat: outputs\run_20260923_123436_808321\checkpoints\latest.pt
2026-09-23 13:12:17,164 | INFO | Epoca 060/100 │ D: 1.1142 │ G: 1.1259 │ D(real): 0.621 │ D(fake): 0.380 │ FID train/val: 71.67/100.51 │ IS train/val: 7.75/7.55 │ 42.4s
2026-09-23 13:12:17,179 | INFO |   ↳ Mostre salvate: outputs\run_20260923_123436_808321\samples\epoch_060.png
2026-09-23 13:12:17,465 | INFO |   ↳ Grafic salvat: outputs\run_20260923_123436_808321\plots\losses.png
2026-09-23 13:12:17,647 | INFO |   ↳ Grafic metrici calitate salvat: outputs\run_20260923_123436_808321\plots\quality_metrics.png
2026-09-23 13:12:17,676 | INFO |   ↳ Checkpoint salvat: outputs\run_20260923_123436_808321\checkpoints\checkpoint_epoch_060.pt
2026-09-23 13:12:17,708 | INFO |   ↳ Checkpoint salvat: outputs\run_20260923_123436_808321\checkpoints\latest.pt
2026-09-23 13:13:00,057 | INFO | Epoca 061/100 │ D: 1.1251 │ G: 1.1093 │ D(real): 0.616 │ D(fake): 0.385 │ FID train/val: 102.89/80.12 │ IS train/val: 7.35/7.46 │ 41.9s
2026-09-23 13:13:00,072 | INFO |   ↳ Mostre salvate: outputs\run_20260923_123436_808321\samples\epoch_061.png
2026-09-23 13:13:00,280 | INFO |   ↳ Grafic salvat: outputs\run_20260923_123436_808321\plots\losses.png
2026-09-23 13:13:00,470 | INFO |   ↳ Grafic metrici calitate salvat: outputs\run_20260923_123436_808321\plots\quality_metrics.png
2026-09-23 13:13:00,584 | INFO |   ↳ Checkpoint salvat: outputs\run_20260923_123436_808321\checkpoints\checkpoint_epoch_061.pt
2026-09-23 13:13:00,615 | INFO |   ↳ Checkpoint salvat: outputs\run_20260923_123436_808321\checkpoints\latest.pt
2026-09-23 13:13:41,972 | INFO | Epoca 062/100 │ D: 1.1171 │ G: 1.1184 │ D(real): 0.619 │ D(fake): 0.382 │ FID train/val: 82.51/110.43 │ IS train/val: 7.60/7.18 │ 41.0s
2026-09-23 13:13:41,986 | INFO |   ↳ Mostre salvate: outputs\run_20260923_123436_808321\samples\epoch_062.png
2026-09-23 13:13:42,171 | INFO |   ↳ Grafic salvat: outputs\run_20260923_123436_808321\plots\losses.png
2026-09-23 13:13:42,369 | INFO |   ↳ Grafic metrici calitate salvat: outputs\run_20260923_123436_808321\plots\quality_metrics.png
2026-09-23 13:13:42,399 | INFO |   ↳ Checkpoint salvat: outputs\run_20260923_123436_808321\checkpoints\checkpoint_epoch_062.pt
2026-09-23 13:13:42,451 | INFO |   ↳ Checkpoint salvat: outputs\run_20260923_123436_808321\checkpoints\latest.pt
2026-09-23 13:14:24,545 | INFO | Epoca 063/100 │ D: 1.1212 │ G: 1.1110 │ D(real): 0.618 │ D(fake): 0.384 │ FID train/val: 85.43/81.40 │ IS train/val: 7.28/7.74 │ 41.8s
2026-09-23 13:14:24,554 | INFO |   ↳ Mostre salvate: outputs\run_20260923_123436_808321\samples\epoch_063.png
2026-09-23 13:14:24,781 | INFO |   ↳ Grafic salvat: outputs\run_20260923_123436_808321\plots\losses.png
2026-09-23 13:14:24,960 | INFO |   ↳ Grafic metrici calitate salvat: outputs\run_20260923_123436_808321\plots\quality_metrics.png
2026-09-23 13:14:25,149 | INFO |   ↳ Checkpoint salvat: outputs\run_20260923_123436_808321\checkpoints\checkpoint_epoch_063.pt
2026-09-23 13:14:25,180 | INFO |   ↳ Checkpoint salvat: outputs\run_20260923_123436_808321\checkpoints\latest.pt
2026-09-23 13:15:07,388 | INFO | Epoca 064/100 │ D: 1.1226 │ G: 1.1086 │ D(real): 0.616 │ D(fake): 0.384 │ FID train/val: 94.43/91.23 │ IS train/val: 7.76/7.62 │ 41.8s
2026-09-23 13:15:07,402 | INFO |   ↳ Mostre salvate: outputs\run_20260923_123436_808321\samples\epoch_064.png
2026-09-23 13:15:07,578 | INFO |   ↳ Grafic salvat: outputs\run_20260923_123436_808321\plots\losses.png
2026-09-23 13:15:07,772 | INFO |   ↳ Grafic metrici calitate salvat: outputs\run_20260923_123436_808321\plots\quality_metrics.png
2026-09-23 13:15:07,801 | INFO |   ↳ Checkpoint salvat: outputs\run_20260923_123436_808321\checkpoints\checkpoint_epoch_064.pt
2026-09-23 13:15:07,834 | INFO |   ↳ Checkpoint salvat: outputs\run_20260923_123436_808321\checkpoints\latest.pt
2026-09-23 13:15:50,498 | INFO | Epoca 065/100 │ D: 1.1285 │ G: 1.1022 │ D(real): 0.614 │ D(fake): 0.386 │ FID train/val: 72.16/85.85 │ IS train/val: 7.79/7.32 │ 42.2s
2026-09-23 13:15:50,512 | INFO |   ↳ Mostre salvate: outputs\run_20260923_123436_808321\samples\epoch_065.png
2026-09-23 13:15:50,683 | INFO |   ↳ Grafic salvat: outputs\run_20260923_123436_808321\plots\losses.png
2026-09-23 13:15:50,880 | INFO |   ↳ Grafic metrici calitate salvat: outputs\run_20260923_123436_808321\plots\quality_metrics.png
2026-09-23 13:15:50,949 | INFO |   ↳ Checkpoint salvat: outputs\run_20260923_123436_808321\checkpoints\checkpoint_epoch_065.pt
2026-09-23 13:15:51,035 | INFO |   ↳ Checkpoint salvat: outputs\run_20260923_123436_808321\checkpoints\latest.pt
2026-09-23 13:16:33,141 | INFO | Epoca 066/100 │ D: 1.1406 │ G: 1.0868 │ D(real): 0.609 │ D(fake): 0.391 │ FID train/val: 72.77/73.58 │ IS train/val: 7.43/7.81 │ 41.6s
2026-09-23 13:16:33,151 | INFO |   ↳ Mostre salvate: outputs\run_20260923_123436_808321\samples\epoch_066.png
2026-09-23 13:16:33,355 | INFO |   ↳ Grafic salvat: outputs\run_20260923_123436_808321\plots\losses.png
2026-09-23 13:16:33,561 | INFO |   ↳ Grafic metrici calitate salvat: outputs\run_20260923_123436_808321\plots\quality_metrics.png
2026-09-23 13:16:33,590 | INFO |   ↳ Checkpoint salvat: outputs\run_20260923_123436_808321\checkpoints\checkpoint_epoch_066.pt
2026-09-23 13:16:33,623 | INFO |   ↳ Checkpoint salvat: outputs\run_20260923_123436_808321\checkpoints\latest.pt
2026-09-23 13:17:15,617 | INFO | Epoca 067/100 │ D: 1.1375 │ G: 1.0848 │ D(real): 0.610 │ D(fake): 0.390 │ FID train/val: 82.12/74.55 │ IS train/val: 7.61/7.79 │ 41.6s
2026-09-23 13:17:15,628 | INFO |   ↳ Mostre salvate: outputs\run_20260923_123436_808321\samples\epoch_067.png
2026-09-23 13:17:15,848 | INFO |   ↳ Grafic salvat: outputs\run_20260923_123436_808321\plots\losses.png
2026-09-23 13:17:16,042 | INFO |   ↳ Grafic metrici calitate salvat: outputs\run_20260923_123436_808321\plots\quality_metrics.png
2026-09-23 13:17:16,171 | INFO |   ↳ Checkpoint salvat: outputs\run_20260923_123436_808321\checkpoints\checkpoint_epoch_067.pt
2026-09-23 13:17:16,204 | INFO |   ↳ Checkpoint salvat: outputs\run_20260923_123436_808321\checkpoints\latest.pt
2026-09-23 13:17:57,282 | INFO | Epoca 068/100 │ D: 1.1358 │ G: 1.0884 │ D(real): 0.611 │ D(fake): 0.390 │ FID train/val: 55.58/79.42 │ IS train/val: 7.57/7.52 │ 40.6s
2026-09-23 13:17:57,296 | INFO |   ↳ Mostre salvate: outputs\run_20260923_123436_808321\samples\epoch_068.png
2026-09-23 13:17:57,500 | INFO |   ↳ Grafic salvat: outputs\run_20260923_123436_808321\plots\losses.png
2026-09-23 13:17:57,699 | INFO |   ↳ Grafic metrici calitate salvat: outputs\run_20260923_123436_808321\plots\quality_metrics.png
2026-09-23 13:17:57,729 | INFO |   ↳ Checkpoint salvat: outputs\run_20260923_123436_808321\checkpoints\checkpoint_epoch_068.pt
2026-09-23 13:17:57,759 | INFO |   ↳ Checkpoint salvat: outputs\run_20260923_123436_808321\checkpoints\latest.pt
2026-09-23 13:18:40,137 | INFO | Epoca 069/100 │ D: 1.1325 │ G: 1.0913 │ D(real): 0.612 │ D(fake): 0.388 │ FID train/val: 91.21/69.01 │ IS train/val: 7.45/7.80 │ 41.9s
2026-09-23 13:18:40,151 | INFO |   ↳ Mostre salvate: outputs\run_20260923_123436_808321\samples\epoch_069.png
2026-09-23 13:18:40,355 | INFO |   ↳ Grafic salvat: outputs\run_20260923_123436_808321\plots\losses.png
2026-09-23 13:18:40,554 | INFO |   ↳ Grafic metrici calitate salvat: outputs\run_20260923_123436_808321\plots\quality_metrics.png
2026-09-23 13:18:40,597 | INFO |   ↳ Checkpoint salvat: outputs\run_20260923_123436_808321\checkpoints\checkpoint_epoch_069.pt
2026-09-23 13:18:40,694 | INFO |   ↳ Checkpoint salvat: outputs\run_20260923_123436_808321\checkpoints\latest.pt
2026-09-23 13:19:22,593 | INFO | Epoca 070/100 │ D: 1.1353 │ G: 1.0873 │ D(real): 0.611 │ D(fake): 0.389 │ FID train/val: 65.22/66.18 │ IS train/val: 7.98/7.80 │ 41.4s
2026-09-23 13:19:22,608 | INFO |   ↳ Mostre salvate: outputs\run_20260923_123436_808321\samples\epoch_070.png
2026-09-23 13:19:22,835 | INFO |   ↳ Grafic salvat: outputs\run_20260923_123436_808321\plots\losses.png
2026-09-23 13:19:23,037 | INFO |   ↳ Grafic metrici calitate salvat: outputs\run_20260923_123436_808321\plots\quality_metrics.png
2026-09-23 13:19:23,070 | INFO |   ↳ Checkpoint salvat: outputs\run_20260923_123436_808321\checkpoints\checkpoint_epoch_070.pt
2026-09-23 13:19:23,104 | INFO |   ↳ Checkpoint salvat: outputs\run_20260923_123436_808321\checkpoints\latest.pt
2026-09-23 13:20:05,758 | INFO | Epoca 071/100 │ D: 1.1373 │ G: 1.0844 │ D(real): 0.611 │ D(fake): 0.391 │ FID train/val: 97.23/95.59 │ IS train/val: 7.26/7.55 │ 42.3s
2026-09-23 13:20:05,772 | INFO |   ↳ Mostre salvate: outputs\run_20260923_123436_808321\samples\epoch_071.png
2026-09-23 13:20:05,990 | INFO |   ↳ Grafic salvat: outputs\run_20260923_123436_808321\plots\losses.png
2026-09-23 13:20:06,188 | INFO |   ↳ Grafic metrici calitate salvat: outputs\run_20260923_123436_808321\plots\quality_metrics.png
2026-09-23 13:20:06,268 | INFO |   ↳ Checkpoint salvat: outputs\run_20260923_123436_808321\checkpoints\checkpoint_epoch_071.pt
2026-09-23 13:20:06,299 | INFO |   ↳ Checkpoint salvat: outputs\run_20260923_123436_808321\checkpoints\latest.pt
2026-09-23 13:20:48,350 | INFO | Epoca 072/100 │ D: 1.1383 │ G: 1.0764 │ D(real): 0.610 │ D(fake): 0.391 │ FID train/val: 61.14/72.93 │ IS train/val: 7.66/7.74 │ 41.7s
2026-09-23 13:20:48,411 | INFO |   ↳ Mostre salvate: outputs\run_20260923_123436_808321\samples\epoch_072.png
2026-09-23 13:20:48,611 | INFO |   ↳ Grafic salvat: outputs\run_20260923_123436_808321\plots\losses.png
2026-09-23 13:20:48,812 | INFO |   ↳ Grafic metrici calitate salvat: outputs\run_20260923_123436_808321\plots\quality_metrics.png
2026-09-23 13:20:48,875 | INFO |   ↳ Checkpoint salvat: outputs\run_20260923_123436_808321\checkpoints\checkpoint_epoch_072.pt
2026-09-23 13:20:48,944 | INFO |   ↳ Checkpoint salvat: outputs\run_20260923_123436_808321\checkpoints\latest.pt
2026-09-23 13:21:31,659 | INFO | Epoca 073/100 │ D: 1.1381 │ G: 1.0789 │ D(real): 0.609 │ D(fake): 0.390 │ FID train/val: 66.24/71.11 │ IS train/val: 7.82/7.66 │ 42.2s
2026-09-23 13:21:31,674 | INFO |   ↳ Mostre salvate: outputs\run_20260923_123436_808321\samples\epoch_073.png
2026-09-23 13:21:31,899 | INFO |   ↳ Grafic salvat: outputs\run_20260923_123436_808321\plots\losses.png
2026-09-23 13:21:32,093 | INFO |   ↳ Grafic metrici calitate salvat: outputs\run_20260923_123436_808321\plots\quality_metrics.png
2026-09-23 13:21:32,158 | INFO |   ↳ Checkpoint salvat: outputs\run_20260923_123436_808321\checkpoints\checkpoint_epoch_073.pt
2026-09-23 13:21:32,190 | INFO |   ↳ Checkpoint salvat: outputs\run_20260923_123436_808321\checkpoints\latest.pt
2026-09-23 13:22:13,982 | INFO | Epoca 074/100 │ D: 1.1411 │ G: 1.0719 │ D(real): 0.609 │ D(fake): 0.392 │ FID train/val: 69.00/63.53 │ IS train/val: 7.63/7.63 │ 41.4s
2026-09-23 13:22:13,996 | INFO |   ↳ Mostre salvate: outputs\run_20260923_123436_808321\samples\epoch_074.png
2026-09-23 13:22:14,219 | INFO |   ↳ Grafic salvat: outputs\run_20260923_123436_808321\plots\losses.png
2026-09-23 13:22:14,399 | INFO |   ↳ Grafic metrici calitate salvat: outputs\run_20260923_123436_808321\plots\quality_metrics.png
2026-09-23 13:22:14,426 | INFO |   ↳ Checkpoint salvat: outputs\run_20260923_123436_808321\checkpoints\checkpoint_epoch_074.pt
2026-09-23 13:22:14,458 | INFO |   ↳ Checkpoint salvat: outputs\run_20260923_123436_808321\checkpoints\latest.pt
2026-09-23 13:22:56,879 | INFO | Epoca 075/100 │ D: 1.1466 │ G: 1.0703 │ D(real): 0.607 │ D(fake): 0.395 │ FID train/val: 36.80/65.18 │ IS train/val: 8.09/7.71 │ 42.1s
2026-09-23 13:22:56,889 | INFO |   ↳ Mostre salvate: outputs\run_20260923_123436_808321\samples\epoch_075.png
2026-09-23 13:22:57,116 | INFO |   ↳ Grafic salvat: outputs\run_20260923_123436_808321\plots\losses.png
2026-09-23 13:22:57,298 | INFO |   ↳ Grafic metrici calitate salvat: outputs\run_20260923_123436_808321\plots\quality_metrics.png
2026-09-23 13:22:57,411 | INFO |   ↳ Checkpoint salvat: outputs\run_20260923_123436_808321\checkpoints\checkpoint_epoch_075.pt
2026-09-23 13:22:57,489 | INFO |   ↳ Checkpoint salvat: outputs\run_20260923_123436_808321\checkpoints\latest.pt
2026-09-23 13:23:39,888 | INFO | Epoca 076/100 │ D: 1.1483 │ G: 1.0615 │ D(real): 0.606 │ D(fake): 0.395 │ FID train/val: 77.09/60.06 │ IS train/val: 7.56/7.81 │ 42.0s
2026-09-23 13:23:39,904 | INFO |   ↳ Mostre salvate: outputs\run_20260923_123436_808321\samples\epoch_076.png
2026-09-23 13:23:40,150 | INFO |   ↳ Grafic salvat: outputs\run_20260923_123436_808321\plots\losses.png
2026-09-23 13:23:40,348 | INFO |   ↳ Grafic metrici calitate salvat: outputs\run_20260923_123436_808321\plots\quality_metrics.png
2026-09-23 13:23:40,377 | INFO |   ↳ Checkpoint salvat: outputs\run_20260923_123436_808321\checkpoints\checkpoint_epoch_076.pt
2026-09-23 13:23:40,410 | INFO |   ↳ Checkpoint salvat: outputs\run_20260923_123436_808321\checkpoints\latest.pt
2026-09-23 13:24:22,158 | INFO | Epoca 077/100 │ D: 1.1513 │ G: 1.0623 │ D(real): 0.604 │ D(fake): 0.396 │ FID train/val: 63.16/67.67 │ IS train/val: 7.50/7.68 │ 41.3s
2026-09-23 13:24:22,172 | INFO |   ↳ Mostre salvate: outputs\run_20260923_123436_808321\samples\epoch_077.png
2026-09-23 13:24:22,402 | INFO |   ↳ Grafic salvat: outputs\run_20260923_123436_808321\plots\losses.png
2026-09-23 13:24:22,594 | INFO |   ↳ Grafic metrici calitate salvat: outputs\run_20260923_123436_808321\plots\quality_metrics.png
2026-09-23 13:24:22,686 | INFO |   ↳ Checkpoint salvat: outputs\run_20260923_123436_808321\checkpoints\checkpoint_epoch_077.pt
2026-09-23 13:24:22,718 | INFO |   ↳ Checkpoint salvat: outputs\run_20260923_123436_808321\checkpoints\latest.pt
2026-09-23 13:25:04,857 | INFO | Epoca 078/100 │ D: 1.1490 │ G: 1.0607 │ D(real): 0.605 │ D(fake): 0.396 │ FID train/val: 42.57/84.29 │ IS train/val: 7.78/7.61 │ 41.7s
2026-09-23 13:25:04,868 | INFO |   ↳ Mostre salvate: outputs\run_20260923_123436_808321\samples\epoch_078.png
2026-09-23 13:25:05,091 | INFO |   ↳ Grafic salvat: outputs\run_20260923_123436_808321\plots\losses.png
2026-09-23 13:25:05,282 | INFO |   ↳ Grafic metrici calitate salvat: outputs\run_20260923_123436_808321\plots\quality_metrics.png
2026-09-23 13:25:05,310 | INFO |   ↳ Checkpoint salvat: outputs\run_20260923_123436_808321\checkpoints\checkpoint_epoch_078.pt
2026-09-23 13:25:05,440 | INFO |   ↳ Checkpoint salvat: outputs\run_20260923_123436_808321\checkpoints\latest.pt
2026-09-23 13:25:47,335 | INFO | Epoca 079/100 │ D: 1.1490 │ G: 1.0551 │ D(real): 0.606 │ D(fake): 0.396 │ FID train/val: 90.73/85.53 │ IS train/val: 7.46/7.72 │ 41.5s
2026-09-23 13:25:47,346 | INFO |   ↳ Mostre salvate: outputs\run_20260923_123436_808321\samples\epoch_079.png
2026-09-23 13:25:47,544 | INFO |   ↳ Grafic salvat: outputs\run_20260923_123436_808321\plots\losses.png
2026-09-23 13:25:47,767 | INFO |   ↳ Grafic metrici calitate salvat: outputs\run_20260923_123436_808321\plots\quality_metrics.png
2026-09-23 13:25:48,051 | INFO |   ↳ Checkpoint salvat: outputs\run_20260923_123436_808321\checkpoints\checkpoint_epoch_079.pt
2026-09-23 13:25:48,083 | INFO |   ↳ Checkpoint salvat: outputs\run_20260923_123436_808321\checkpoints\latest.pt
2026-09-23 13:26:29,923 | INFO | Epoca 080/100 │ D: 1.1503 │ G: 1.0616 │ D(real): 0.605 │ D(fake): 0.396 │ FID train/val: 84.69/73.70 │ IS train/val: 7.90/7.73 │ 41.5s
2026-09-23 13:26:29,938 | INFO |   ↳ Mostre salvate: outputs\run_20260923_123436_808321\samples\epoch_080.png
2026-09-23 13:26:30,142 | INFO |   ↳ Grafic salvat: outputs\run_20260923_123436_808321\plots\losses.png
2026-09-23 13:26:30,334 | INFO |   ↳ Grafic metrici calitate salvat: outputs\run_20260923_123436_808321\plots\quality_metrics.png
2026-09-23 13:26:30,362 | INFO |   ↳ Checkpoint salvat: outputs\run_20260923_123436_808321\checkpoints\checkpoint_epoch_080.pt
2026-09-23 13:26:30,393 | INFO |   ↳ Checkpoint salvat: outputs\run_20260923_123436_808321\checkpoints\latest.pt
2026-09-23 13:27:11,938 | INFO | Epoca 081/100 │ D: 1.1543 │ G: 1.0486 │ D(real): 0.603 │ D(fake): 0.398 │ FID train/val: 67.92/75.88 │ IS train/val: 7.71/7.64 │ 41.2s
2026-09-23 13:27:11,952 | INFO |   ↳ Mostre salvate: outputs\run_20260923_123436_808321\samples\epoch_081.png
2026-09-23 13:27:12,168 | INFO |   ↳ Grafic salvat: outputs\run_20260923_123436_808321\plots\losses.png
2026-09-23 13:27:12,358 | INFO |   ↳ Grafic metrici calitate salvat: outputs\run_20260923_123436_808321\plots\quality_metrics.png
2026-09-23 13:27:12,438 | INFO |   ↳ Checkpoint salvat: outputs\run_20260923_123436_808321\checkpoints\checkpoint_epoch_081.pt
2026-09-23 13:27:12,532 | INFO |   ↳ Checkpoint salvat: outputs\run_20260923_123436_808321\checkpoints\latest.pt
2026-09-23 13:27:54,248 | INFO | Epoca 082/100 │ D: 1.1539 │ G: 1.0477 │ D(real): 0.603 │ D(fake): 0.397 │ FID train/val: 87.68/70.90 │ IS train/val: 7.30/7.89 │ 41.4s
2026-09-23 13:27:54,262 | INFO |   ↳ Mostre salvate: outputs\run_20260923_123436_808321\samples\epoch_082.png
2026-09-23 13:27:54,477 | INFO |   ↳ Grafic salvat: outputs\run_20260923_123436_808321\plots\losses.png
2026-09-23 13:27:54,714 | INFO |   ↳ Grafic metrici calitate salvat: outputs\run_20260923_123436_808321\plots\quality_metrics.png
2026-09-23 13:27:54,742 | INFO |   ↳ Checkpoint salvat: outputs\run_20260923_123436_808321\checkpoints\checkpoint_epoch_082.pt
2026-09-23 13:27:54,774 | INFO |   ↳ Checkpoint salvat: outputs\run_20260923_123436_808321\checkpoints\latest.pt
2026-09-23 13:28:36,281 | INFO | Epoca 083/100 │ D: 1.1526 │ G: 1.0474 │ D(real): 0.604 │ D(fake): 0.397 │ FID train/val: 92.29/82.07 │ IS train/val: 7.37/7.55 │ 41.2s
2026-09-23 13:28:36,290 | INFO |   ↳ Mostre salvate: outputs\run_20260923_123436_808321\samples\epoch_083.png
2026-09-23 13:28:36,476 | INFO |   ↳ Grafic salvat: outputs\run_20260923_123436_808321\plots\losses.png
2026-09-23 13:28:36,704 | INFO |   ↳ Grafic metrici calitate salvat: outputs\run_20260923_123436_808321\plots\quality_metrics.png
2026-09-23 13:28:36,798 | INFO |   ↳ Checkpoint salvat: outputs\run_20260923_123436_808321\checkpoints\checkpoint_epoch_083.pt
2026-09-23 13:28:36,830 | INFO |   ↳ Checkpoint salvat: outputs\run_20260923_123436_808321\checkpoints\latest.pt
2026-09-23 13:29:19,302 | INFO | Epoca 084/100 │ D: 1.1501 │ G: 1.0565 │ D(real): 0.605 │ D(fake): 0.395 │ FID train/val: 40.28/76.83 │ IS train/val: 7.98/7.41 │ 42.0s
2026-09-23 13:29:19,312 | INFO |   ↳ Mostre salvate: outputs\run_20260923_123436_808321\samples\epoch_084.png
2026-09-23 13:29:19,520 | INFO |   ↳ Grafic salvat: outputs\run_20260923_123436_808321\plots\losses.png
2026-09-23 13:29:19,701 | INFO |   ↳ Grafic metrici calitate salvat: outputs\run_20260923_123436_808321\plots\quality_metrics.png
2026-09-23 13:29:19,728 | INFO |   ↳ Checkpoint salvat: outputs\run_20260923_123436_808321\checkpoints\checkpoint_epoch_084.pt
2026-09-23 13:29:19,810 | INFO |   ↳ Checkpoint salvat: outputs\run_20260923_123436_808321\checkpoints\latest.pt
2026-09-23 13:30:02,195 | INFO | Epoca 085/100 │ D: 1.1521 │ G: 1.0584 │ D(real): 0.604 │ D(fake): 0.396 │ FID train/val: 81.28/81.35 │ IS train/val: 7.86/7.94 │ 41.9s
2026-09-23 13:30:02,209 | INFO |   ↳ Mostre salvate: outputs\run_20260923_123436_808321\samples\epoch_085.png
2026-09-23 13:30:02,361 | INFO |   ↳ Grafic salvat: outputs\run_20260923_123436_808321\plots\losses.png
2026-09-23 13:30:02,559 | INFO |   ↳ Grafic metrici calitate salvat: outputs\run_20260923_123436_808321\plots\quality_metrics.png
2026-09-23 13:30:02,623 | INFO |   ↳ Checkpoint salvat: outputs\run_20260923_123436_808321\checkpoints\checkpoint_epoch_085.pt
2026-09-23 13:30:02,654 | INFO |   ↳ Checkpoint salvat: outputs\run_20260923_123436_808321\checkpoints\latest.pt
2026-09-23 13:30:44,470 | INFO | Epoca 086/100 │ D: 1.1595 │ G: 1.0440 │ D(real): 0.601 │ D(fake): 0.399 │ FID train/val: 43.45/53.42 │ IS train/val: 7.88/8.08 │ 41.5s
2026-09-23 13:30:44,479 | INFO |   ↳ Mostre salvate: outputs\run_20260923_123436_808321\samples\epoch_086.png
2026-09-23 13:30:44,666 | INFO |   ↳ Grafic salvat: outputs\run_20260923_123436_808321\plots\losses.png
2026-09-23 13:30:44,849 | INFO |   ↳ Grafic metrici calitate salvat: outputs\run_20260923_123436_808321\plots\quality_metrics.png
2026-09-23 13:30:44,878 | INFO |   ↳ Checkpoint salvat: outputs\run_20260923_123436_808321\checkpoints\checkpoint_epoch_086.pt
2026-09-23 13:30:44,909 | INFO |   ↳ Checkpoint salvat: outputs\run_20260923_123436_808321\checkpoints\latest.pt
2026-09-23 13:31:27,146 | INFO | Epoca 087/100 │ D: 1.1603 │ G: 1.0495 │ D(real): 0.600 │ D(fake): 0.399 │ FID train/val: 65.57/78.84 │ IS train/val: 7.56/7.81 │ 41.8s
2026-09-23 13:31:27,162 | INFO |   ↳ Mostre salvate: outputs\run_20260923_123436_808321\samples\epoch_087.png
2026-09-23 13:31:27,461 | INFO |   ↳ Grafic salvat: outputs\run_20260923_123436_808321\plots\losses.png
2026-09-23 13:31:27,632 | INFO |   ↳ Grafic metrici calitate salvat: outputs\run_20260923_123436_808321\plots\quality_metrics.png
2026-09-23 13:31:27,668 | INFO |   ↳ Checkpoint salvat: outputs\run_20260923_123436_808321\checkpoints\checkpoint_epoch_087.pt
2026-09-23 13:31:27,752 | INFO |   ↳ Checkpoint salvat: outputs\run_20260923_123436_808321\checkpoints\latest.pt
2026-09-23 13:32:09,473 | INFO | Epoca 088/100 │ D: 1.1559 │ G: 1.0470 │ D(real): 0.602 │ D(fake): 0.398 │ FID train/val: 65.20/73.06 │ IS train/val: 7.76/7.98 │ 41.3s
2026-09-23 13:32:09,486 | INFO |   ↳ Mostre salvate: outputs\run_20260923_123436_808321\samples\epoch_088.png
2026-09-23 13:32:09,642 | INFO |   ↳ Grafic salvat: outputs\run_20260923_123436_808321\plots\losses.png
2026-09-23 13:32:09,840 | INFO |   ↳ Grafic metrici calitate salvat: outputs\run_20260923_123436_808321\plots\quality_metrics.png
2026-09-23 13:32:09,868 | INFO |   ↳ Checkpoint salvat: outputs\run_20260923_123436_808321\checkpoints\checkpoint_epoch_088.pt
2026-09-23 13:32:09,898 | INFO |   ↳ Checkpoint salvat: outputs\run_20260923_123436_808321\checkpoints\latest.pt
2026-09-23 13:32:52,520 | INFO | Epoca 089/100 │ D: 1.1599 │ G: 1.0425 │ D(real): 0.601 │ D(fake): 0.400 │ FID train/val: 64.53/69.26 │ IS train/val: 7.74/7.96 │ 42.3s
2026-09-23 13:32:52,535 | INFO |   ↳ Mostre salvate: outputs\run_20260923_123436_808321\samples\epoch_089.png
2026-09-23 13:32:52,751 | INFO |   ↳ Grafic salvat: outputs\run_20260923_123436_808321\plots\losses.png
2026-09-23 13:32:52,925 | INFO |   ↳ Grafic metrici calitate salvat: outputs\run_20260923_123436_808321\plots\quality_metrics.png
2026-09-23 13:32:52,966 | INFO |   ↳ Checkpoint salvat: outputs\run_20260923_123436_808321\checkpoints\checkpoint_epoch_089.pt
2026-09-23 13:32:52,999 | INFO |   ↳ Checkpoint salvat: outputs\run_20260923_123436_808321\checkpoints\latest.pt
2026-09-23 13:33:34,809 | INFO | Epoca 090/100 │ D: 1.1605 │ G: 1.0403 │ D(real): 0.601 │ D(fake): 0.400 │ FID train/val: 72.62/80.81 │ IS train/val: 7.96/7.76 │ 41.4s
2026-09-23 13:33:34,841 | INFO |   ↳ Mostre salvate: outputs\run_20260923_123436_808321\samples\epoch_090.png
2026-09-23 13:33:35,050 | INFO |   ↳ Grafic salvat: outputs\run_20260923_123436_808321\plots\losses.png
2026-09-23 13:33:35,252 | INFO |   ↳ Grafic metrici calitate salvat: outputs\run_20260923_123436_808321\plots\quality_metrics.png
2026-09-23 13:33:35,281 | INFO |   ↳ Checkpoint salvat: outputs\run_20260923_123436_808321\checkpoints\checkpoint_epoch_090.pt
2026-09-23 13:33:35,312 | INFO |   ↳ Checkpoint salvat: outputs\run_20260923_123436_808321\checkpoints\latest.pt
2026-09-23 13:34:16,736 | INFO | Epoca 091/100 │ D: 1.1602 │ G: 1.0425 │ D(real): 0.601 │ D(fake): 0.400 │ FID train/val: 59.33/61.08 │ IS train/val: 7.74/7.95 │ 41.1s
2026-09-23 13:34:16,752 | INFO |   ↳ Mostre salvate: outputs\run_20260923_123436_808321\samples\epoch_091.png
2026-09-23 13:34:17,038 | INFO |   ↳ Grafic salvat: outputs\run_20260923_123436_808321\plots\losses.png
2026-09-23 13:34:17,209 | INFO |   ↳ Grafic metrici calitate salvat: outputs\run_20260923_123436_808321\plots\quality_metrics.png
2026-09-23 13:34:17,253 | INFO |   ↳ Checkpoint salvat: outputs\run_20260923_123436_808321\checkpoints\checkpoint_epoch_091.pt
2026-09-23 13:34:17,353 | INFO |   ↳ Checkpoint salvat: outputs\run_20260923_123436_808321\checkpoints\latest.pt
2026-09-23 13:34:59,151 | INFO | Epoca 092/100 │ D: 1.1612 │ G: 1.0419 │ D(real): 0.600 │ D(fake): 0.400 │ FID train/val: 58.40/55.14 │ IS train/val: 7.95/8.00 │ 41.3s
2026-09-23 13:34:59,165 | INFO |   ↳ Mostre salvate: outputs\run_20260923_123436_808321\samples\epoch_092.png
2026-09-23 13:34:59,361 | INFO |   ↳ Grafic salvat: outputs\run_20260923_123436_808321\plots\losses.png
2026-09-23 13:34:59,551 | INFO |   ↳ Grafic metrici calitate salvat: outputs\run_20260923_123436_808321\plots\quality_metrics.png
2026-09-23 13:34:59,582 | INFO |   ↳ Checkpoint salvat: outputs\run_20260923_123436_808321\checkpoints\checkpoint_epoch_092.pt
2026-09-23 13:34:59,616 | INFO |   ↳ Checkpoint salvat: outputs\run_20260923_123436_808321\checkpoints\latest.pt
2026-09-23 13:35:41,054 | INFO | Epoca 093/100 │ D: 1.1645 │ G: 1.0442 │ D(real): 0.598 │ D(fake): 0.401 │ FID train/val: 55.24/91.36 │ IS train/val: 7.81/7.76 │ 41.0s
2026-09-23 13:35:41,064 | INFO |   ↳ Mostre salvate: outputs\run_20260923_123436_808321\samples\epoch_093.png
2026-09-23 13:35:41,287 | INFO |   ↳ Grafic salvat: outputs\run_20260923_123436_808321\plots\losses.png
2026-09-23 13:35:41,466 | INFO |   ↳ Grafic metrici calitate salvat: outputs\run_20260923_123436_808321\plots\quality_metrics.png
2026-09-23 13:35:41,526 | INFO |   ↳ Checkpoint salvat: outputs\run_20260923_123436_808321\checkpoints\checkpoint_epoch_093.pt
2026-09-23 13:35:41,559 | INFO |   ↳ Checkpoint salvat: outputs\run_20260923_123436_808321\checkpoints\latest.pt
2026-09-23 13:36:23,315 | INFO | Epoca 094/100 │ D: 1.1623 │ G: 1.0378 │ D(real): 0.600 │ D(fake): 0.401 │ FID train/val: 44.77/51.47 │ IS train/val: 7.97/7.92 │ 41.3s
2026-09-23 13:36:23,325 | INFO |   ↳ Mostre salvate: outputs\run_20260923_123436_808321\samples\epoch_094.png
2026-09-23 13:36:23,531 | INFO |   ↳ Grafic salvat: outputs\run_20260923_123436_808321\plots\losses.png
2026-09-23 13:36:23,710 | INFO |   ↳ Grafic metrici calitate salvat: outputs\run_20260923_123436_808321\plots\quality_metrics.png
2026-09-23 13:36:23,739 | INFO |   ↳ Checkpoint salvat: outputs\run_20260923_123436_808321\checkpoints\checkpoint_epoch_094.pt
2026-09-23 13:36:23,811 | INFO |   ↳ Checkpoint salvat: outputs\run_20260923_123436_808321\checkpoints\latest.pt
2026-09-23 13:37:05,158 | INFO | Epoca 095/100 │ D: 1.1640 │ G: 1.0321 │ D(real): 0.599 │ D(fake): 0.401 │ FID train/val: 63.09/80.02 │ IS train/val: 8.02/7.80 │ 40.9s
2026-09-23 13:37:05,171 | INFO |   ↳ Mostre salvate: outputs\run_20260923_123436_808321\samples\epoch_095.png
2026-09-23 13:37:05,352 | INFO |   ↳ Grafic salvat: outputs\run_20260923_123436_808321\plots\losses.png
2026-09-23 13:37:05,542 | INFO |   ↳ Grafic metrici calitate salvat: outputs\run_20260923_123436_808321\plots\quality_metrics.png
2026-09-23 13:37:05,767 | INFO |   ↳ Checkpoint salvat: outputs\run_20260923_123436_808321\checkpoints\checkpoint_epoch_095.pt
2026-09-23 13:37:05,797 | INFO |   ↳ Checkpoint salvat: outputs\run_20260923_123436_808321\checkpoints\latest.pt
2026-09-23 13:37:48,002 | INFO | Epoca 096/100 │ D: 1.1646 │ G: 1.0381 │ D(real): 0.598 │ D(fake): 0.401 │ FID train/val: 70.96/95.52 │ IS train/val: 7.82/7.74 │ 41.8s
2026-09-23 13:37:48,015 | INFO |   ↳ Mostre salvate: outputs\run_20260923_123436_808321\samples\epoch_096.png
2026-09-23 13:37:48,181 | INFO |   ↳ Grafic salvat: outputs\run_20260923_123436_808321\plots\losses.png
2026-09-23 13:37:48,381 | INFO |   ↳ Grafic metrici calitate salvat: outputs\run_20260923_123436_808321\plots\quality_metrics.png
2026-09-23 13:37:48,410 | INFO |   ↳ Checkpoint salvat: outputs\run_20260923_123436_808321\checkpoints\checkpoint_epoch_096.pt
2026-09-23 13:37:48,442 | INFO |   ↳ Checkpoint salvat: outputs\run_20260923_123436_808321\checkpoints\latest.pt
2026-09-23 13:38:30,645 | INFO | Epoca 097/100 │ D: 1.1671 │ G: 1.0327 │ D(real): 0.598 │ D(fake): 0.403 │ FID train/val: 78.26/84.07 │ IS train/val: 7.40/7.74 │ 41.8s
2026-09-23 13:38:30,659 | INFO |   ↳ Mostre salvate: outputs\run_20260923_123436_808321\samples\epoch_097.png
2026-09-23 13:38:30,885 | INFO |   ↳ Grafic salvat: outputs\run_20260923_123436_808321\plots\losses.png
2026-09-23 13:38:31,097 | INFO |   ↳ Grafic metrici calitate salvat: outputs\run_20260923_123436_808321\plots\quality_metrics.png
2026-09-23 13:38:31,169 | INFO |   ↳ Checkpoint salvat: outputs\run_20260923_123436_808321\checkpoints\checkpoint_epoch_097.pt
2026-09-23 13:38:31,268 | INFO |   ↳ Checkpoint salvat: outputs\run_20260923_123436_808321\checkpoints\latest.pt
2026-09-23 13:39:12,786 | INFO | Epoca 098/100 │ D: 1.1638 │ G: 1.0360 │ D(real): 0.599 │ D(fake): 0.402 │ FID train/val: 66.00/75.80 │ IS train/val: 7.93/7.80 │ 41.1s
2026-09-23 13:39:12,801 | INFO |   ↳ Mostre salvate: outputs\run_20260923_123436_808321\samples\epoch_098.png
2026-09-23 13:39:13,020 | INFO |   ↳ Grafic salvat: outputs\run_20260923_123436_808321\plots\losses.png
2026-09-23 13:39:13,200 | INFO |   ↳ Grafic metrici calitate salvat: outputs\run_20260923_123436_808321\plots\quality_metrics.png
2026-09-23 13:39:13,229 | INFO |   ↳ Checkpoint salvat: outputs\run_20260923_123436_808321\checkpoints\checkpoint_epoch_098.pt
2026-09-23 13:39:13,262 | INFO |   ↳ Checkpoint salvat: outputs\run_20260923_123436_808321\checkpoints\latest.pt
2026-09-23 13:39:54,647 | INFO | Epoca 099/100 │ D: 1.1676 │ G: 1.0425 │ D(real): 0.598 │ D(fake): 0.403 │ FID train/val: 58.69/68.83 │ IS train/val: 7.66/7.79 │ 41.0s
2026-09-23 13:39:54,662 | INFO |   ↳ Mostre salvate: outputs\run_20260923_123436_808321\samples\epoch_099.png
2026-09-23 13:39:54,882 | INFO |   ↳ Grafic salvat: outputs\run_20260923_123436_808321\plots\losses.png
2026-09-23 13:39:55,071 | INFO |   ↳ Grafic metrici calitate salvat: outputs\run_20260923_123436_808321\plots\quality_metrics.png
2026-09-23 13:39:55,189 | INFO |   ↳ Checkpoint salvat: outputs\run_20260923_123436_808321\checkpoints\checkpoint_epoch_099.pt
2026-09-23 13:39:55,221 | INFO |   ↳ Checkpoint salvat: outputs\run_20260923_123436_808321\checkpoints\latest.pt
2026-09-23 13:40:37,556 | INFO | Epoca 100/100 │ D: 1.1690 │ G: 1.0312 │ D(real): 0.597 │ D(fake): 0.403 │ FID train/val: 51.94/76.42 │ IS train/val: 8.11/7.67 │ 41.9s
2026-09-23 13:40:37,566 | INFO |   ↳ Mostre salvate: outputs\run_20260923_123436_808321\samples\epoch_100.png
2026-09-23 13:40:37,772 | INFO |   ↳ Grafic salvat: outputs\run_20260923_123436_808321\plots\losses.png
2026-09-23 13:40:37,985 | INFO |   ↳ Grafic metrici calitate salvat: outputs\run_20260923_123436_808321\plots\quality_metrics.png
2026-09-23 13:40:38,019 | INFO |   ↳ Checkpoint salvat: outputs\run_20260923_123436_808321\checkpoints\checkpoint_epoch_100.pt
2026-09-23 13:40:38,065 | INFO |   ↳ Checkpoint salvat: outputs\run_20260923_123436_808321\checkpoints\latest.pt
2026-09-23 13:40:38,066 | INFO | Training completed in 3900.12 seconds. Artifacts=outputs\run_20260923_123436_808321
