2026-09-24 11:30:15,940 | INFO | Execution started. Device=cpu, Python=3.14.2, PyTorch=2.14.0+cpu
2026-09-24 11:30:16,025 | INFO | Antrenez evaluatorul MNIST pentru FID și Inception Score...
2026-09-24 11:31:07,594 | INFO | Evaluatorul MNIST este pregătit.
2026-09-24 11:31:07,618 | INFO | Zgomot fix salvat: outputs\run_20260924_113015_919720\fixed_noise.pt
2026-09-24 11:31:07,618 | INFO | Zgomot pentru metrici salvat: outputs\run_20260924_113015_919720\metric_noise.pt
2026-09-24 11:31:35,654 | INFO | Epoca 001/100 │ D: 1.3189 │ G: 0.8222 │ D(real): 0.556 │ D(fake): 0.497 │ FID train/val: 705.64/718.82 │ IS train/val: 2.16/2.16 │ 27.7s
2026-09-24 11:31:36,046 | INFO | ✓ Cel mai bun validation FID: 718.8171
2026-09-24 11:32:09,946 | INFO | Epoca 002/100 │ D: 1.2639 │ G: 0.9604 │ D(real): 0.553 │ D(fake): 0.438 │ FID train/val: 598.44/606.93 │ IS train/val: 2.76/2.76 │ 33.5s
2026-09-24 11:32:10,208 | INFO | ✓ Cel mai bun validation FID: 606.9322
2026-09-24 11:32:40,008 | INFO | Epoca 003/100 │ D: 1.2730 │ G: 0.8987 │ D(real): 0.541 │ D(fake): 0.435 │ FID train/val: 442.36/445.91 │ IS train/val: 3.07/3.07 │ 29.4s
2026-09-24 11:32:40,260 | INFO | ✓ Cel mai bun validation FID: 445.9082
2026-09-24 11:33:08,638 | INFO | Epoca 004/100 │ D: 1.3301 │ G: 0.8025 │ D(real): 0.517 │ D(fake): 0.463 │ FID train/val: 486.74/492.39 │ IS train/val: 2.62/2.62 │ 28.0s
2026-09-24 11:33:08,849 | INFO | Early stopping: 1/15 evaluări fără îmbunătățire.
2026-09-24 11:33:37,333 | INFO | Epoca 005/100 │ D: 1.3599 │ G: 0.7576 │ D(real): 0.503 │ D(fake): 0.477 │ FID train/val: 448.64/458.62 │ IS train/val: 3.73/3.73 │ 28.1s
2026-09-24 11:33:37,526 | INFO | Early stopping: 2/15 evaluări fără îmbunătățire.
2026-09-24 11:34:05,711 | INFO | Epoca 006/100 │ D: 1.3032 │ G: 0.7972 │ D(real): 0.545 │ D(fake): 0.471 │ FID train/val: 419.14/423.24 │ IS train/val: 3.27/3.27 │ 27.8s
2026-09-24 11:34:05,945 | INFO | ✓ Cel mai bun validation FID: 423.2410
2026-09-24 11:34:35,274 | INFO | Epoca 007/100 │ D: 1.2460 │ G: 0.8940 │ D(real): 0.574 │ D(fake): 0.447 │ FID train/val: 287.71/289.41 │ IS train/val: 4.88/4.88 │ 28.8s
2026-09-24 11:34:35,611 | INFO | ✓ Cel mai bun validation FID: 289.4103
2026-09-24 11:35:27,364 | INFO | Epoca 008/100 │ D: 1.2245 │ G: 0.9226 │ D(real): 0.581 │ D(fake): 0.437 │ FID train/val: 254.92/255.47 │ IS train/val: 4.58/4.58 │ 50.7s
2026-09-24 11:35:27,965 | INFO | ✓ Cel mai bun validation FID: 255.4686
2026-09-24 11:36:31,568 | INFO | Epoca 009/100 │ D: 1.2164 │ G: 0.9615 │ D(real): 0.581 │ D(fake): 0.427 │ FID train/val: 216.97/213.97 │ IS train/val: 5.14/5.14 │ 62.8s
2026-09-24 11:36:32,011 | INFO | ✓ Cel mai bun validation FID: 213.9732
2026-09-24 11:37:34,742 | INFO | Epoca 010/100 │ D: 1.1672 │ G: 1.0769 │ D(real): 0.601 │ D(fake): 0.405 │ FID train/val: 191.58/192.07 │ IS train/val: 5.57/5.57 │ 62.0s
2026-09-24 11:37:35,118 | INFO | ✓ Cel mai bun validation FID: 192.0731
2026-09-24 11:38:37,878 | INFO | Epoca 011/100 │ D: 1.1738 │ G: 1.0653 │ D(real): 0.596 │ D(fake): 0.405 │ FID train/val: 158.58/151.23 │ IS train/val: 5.89/5.89 │ 61.9s
2026-09-24 11:38:38,352 | INFO | ✓ Cel mai bun validation FID: 151.2267
2026-09-24 11:39:31,834 | INFO | Epoca 012/100 │ D: 1.1903 │ G: 1.0315 │ D(real): 0.589 │ D(fake): 0.411 │ FID train/val: 137.82/139.33 │ IS train/val: 6.25/6.25 │ 53.0s
2026-09-24 11:39:32,159 | INFO | ✓ Cel mai bun validation FID: 139.3348
2026-09-24 11:40:17,496 | INFO | Epoca 013/100 │ D: 1.1879 │ G: 1.0388 │ D(real): 0.590 │ D(fake): 0.410 │ FID train/val: 105.10/110.83 │ IS train/val: 6.51/6.51 │ 44.8s
2026-09-24 11:40:17,836 | INFO | ✓ Cel mai bun validation FID: 110.8274
2026-09-24 11:41:07,638 | INFO | Epoca 014/100 │ D: 1.1935 │ G: 1.0386 │ D(real): 0.588 │ D(fake): 0.412 │ FID train/val: 99.15/101.21 │ IS train/val: 6.76/6.76 │ 49.2s
2026-09-24 11:41:08,010 | INFO | ✓ Cel mai bun validation FID: 101.2075
2026-09-24 11:42:08,862 | INFO | Epoca 015/100 │ D: 1.1920 │ G: 1.0349 │ D(real): 0.588 │ D(fake): 0.412 │ FID train/val: 99.73/99.70 │ IS train/val: 6.67/6.67 │ 60.0s
2026-09-24 11:42:09,224 | INFO | ✓ Cel mai bun validation FID: 99.7024
2026-09-24 11:43:10,936 | INFO | Epoca 016/100 │ D: 1.1917 │ G: 1.0368 │ D(real): 0.589 │ D(fake): 0.412 │ FID train/val: 90.47/86.23 │ IS train/val: 6.47/6.47 │ 60.9s
2026-09-24 11:43:11,335 | INFO | ✓ Cel mai bun validation FID: 86.2328
2026-09-24 11:44:17,173 | INFO | Epoca 017/100 │ D: 1.1961 │ G: 1.0253 │ D(real): 0.587 │ D(fake): 0.413 │ FID train/val: 83.13/82.28 │ IS train/val: 6.83/6.83 │ 65.0s
2026-09-24 11:44:17,614 | INFO | ✓ Cel mai bun validation FID: 82.2813
2026-09-24 11:45:16,623 | INFO | Epoca 018/100 │ D: 1.1963 │ G: 1.0182 │ D(real): 0.586 │ D(fake): 0.413 │ FID train/val: 70.16/68.17 │ IS train/val: 6.91/6.91 │ 58.3s
2026-09-24 11:45:17,000 | INFO | ✓ Cel mai bun validation FID: 68.1718
2026-09-24 11:46:19,620 | INFO | Epoca 019/100 │ D: 1.2004 │ G: 1.0119 │ D(real): 0.584 │ D(fake): 0.415 │ FID train/val: 74.30/71.64 │ IS train/val: 7.00/7.00 │ 61.8s
2026-09-24 11:46:19,952 | INFO | Early stopping: 1/15 evaluări fără îmbunătățire.
2026-09-24 11:47:25,608 | INFO | Epoca 020/100 │ D: 1.2047 │ G: 1.0038 │ D(real): 0.583 │ D(fake): 0.417 │ FID train/val: 68.66/69.10 │ IS train/val: 6.88/6.88 │ 64.9s
2026-09-24 11:47:25,980 | INFO | Early stopping: 2/15 evaluări fără îmbunătățire.
2026-09-24 11:48:27,892 | INFO | Epoca 021/100 │ D: 1.2110 │ G: 0.9805 │ D(real): 0.580 │ D(fake): 0.420 │ FID train/val: 71.72/69.91 │ IS train/val: 6.90/6.90 │ 61.0s
2026-09-24 11:48:28,276 | INFO | Early stopping: 3/15 evaluări fără îmbunătățire.
2026-09-24 11:49:32,764 | INFO | Epoca 022/100 │ D: 1.2141 │ G: 0.9843 │ D(real): 0.578 │ D(fake): 0.421 │ FID train/val: 56.43/59.79 │ IS train/val: 7.20/7.20 │ 63.7s
2026-09-24 11:49:33,176 | INFO | ✓ Cel mai bun validation FID: 59.7860
2026-09-24 11:50:34,643 | INFO | Epoca 023/100 │ D: 1.2125 │ G: 0.9840 │ D(real): 0.579 │ D(fake): 0.421 │ FID train/val: 63.03/64.79 │ IS train/val: 7.21/7.21 │ 60.7s
2026-09-24 11:50:35,045 | INFO | Early stopping: 1/15 evaluări fără îmbunătățire.
2026-09-24 11:51:42,018 | INFO | Epoca 024/100 │ D: 1.2162 │ G: 0.9719 │ D(real): 0.577 │ D(fake): 0.422 │ FID train/val: 53.24/53.84 │ IS train/val: 7.39/7.39 │ 66.2s
2026-09-24 11:51:42,418 | INFO | ✓ Cel mai bun validation FID: 53.8425
2026-09-24 11:52:46,558 | INFO | Epoca 025/100 │ D: 1.2187 │ G: 0.9707 │ D(real): 0.576 │ D(fake): 0.423 │ FID train/val: 48.66/54.42 │ IS train/val: 7.55/7.55 │ 63.5s
2026-09-24 11:52:46,844 | INFO | Early stopping: 1/15 evaluări fără îmbunătățire.
2026-09-24 11:53:43,735 | INFO | Epoca 026/100 │ D: 1.2227 │ G: 0.9640 │ D(real): 0.575 │ D(fake): 0.424 │ FID train/val: 51.91/54.61 │ IS train/val: 7.69/7.69 │ 56.1s
2026-09-24 11:53:44,081 | INFO | Early stopping: 2/15 evaluări fără îmbunătățire.
2026-09-24 11:54:50,942 | INFO | Epoca 027/100 │ D: 1.2214 │ G: 0.9658 │ D(real): 0.576 │ D(fake): 0.425 │ FID train/val: 48.74/47.14 │ IS train/val: 7.59/7.59 │ 66.1s
2026-09-24 11:54:51,346 | INFO | ✓ Cel mai bun validation FID: 47.1366
2026-09-24 11:55:58,660 | INFO | Epoca 028/100 │ D: 1.2273 │ G: 0.9611 │ D(real): 0.573 │ D(fake): 0.428 │ FID train/val: 46.85/46.71 │ IS train/val: 7.42/7.42 │ 66.6s
2026-09-24 11:55:59,147 | INFO | ✓ Cel mai bun validation FID: 46.7115
2026-09-24 11:57:03,703 | INFO | Epoca 029/100 │ D: 1.2267 │ G: 0.9599 │ D(real): 0.572 │ D(fake): 0.426 │ FID train/val: 49.26/49.81 │ IS train/val: 7.74/7.74 │ 63.7s
2026-09-24 11:57:04,100 | INFO | Early stopping: 1/15 evaluări fără îmbunătățire.
2026-09-24 11:58:06,751 | INFO | Epoca 030/100 │ D: 1.2257 │ G: 0.9487 │ D(real): 0.573 │ D(fake): 0.427 │ FID train/val: 51.38/54.14 │ IS train/val: 7.60/7.60 │ 61.8s
2026-09-24 11:58:07,145 | INFO | Early stopping: 2/15 evaluări fără îmbunătățire.
2026-09-24 11:59:16,356 | INFO | Epoca 031/100 │ D: 1.2323 │ G: 0.9459 │ D(real): 0.570 │ D(fake): 0.429 │ FID train/val: 53.01/57.72 │ IS train/val: 7.60/7.60 │ 68.4s
2026-09-24 11:59:16,692 | INFO | Early stopping: 3/15 evaluări fără îmbunătățire.
2026-09-24 12:00:27,477 | INFO | Epoca 032/100 │ D: 1.2330 │ G: 0.9393 │ D(real): 0.570 │ D(fake): 0.430 │ FID train/val: 46.67/49.59 │ IS train/val: 7.63/7.63 │ 70.0s
2026-09-24 12:00:27,847 | INFO | Early stopping: 4/15 evaluări fără îmbunătățire.
2026-09-24 12:01:38,182 | INFO | Epoca 033/100 │ D: 1.2337 │ G: 0.9362 │ D(real): 0.570 │ D(fake): 0.431 │ FID train/val: 51.34/47.42 │ IS train/val: 7.80/7.80 │ 69.5s
2026-09-24 12:01:38,560 | INFO | Early stopping: 5/15 evaluări fără îmbunătățire.
2026-09-24 12:02:46,418 | INFO | Epoca 034/100 │ D: 1.2360 │ G: 0.9417 │ D(real): 0.568 │ D(fake): 0.431 │ FID train/val: 47.03/45.87 │ IS train/val: 7.66/7.66 │ 67.0s
2026-09-24 12:02:46,849 | INFO | ✓ Cel mai bun validation FID: 45.8729
2026-09-24 12:03:55,809 | INFO | Epoca 035/100 │ D: 1.2341 │ G: 0.9461 │ D(real): 0.570 │ D(fake): 0.431 │ FID train/val: 53.40/57.33 │ IS train/val: 7.71/7.71 │ 68.1s
2026-09-24 12:03:56,207 | INFO | Early stopping: 1/15 evaluări fără îmbunătățire.
2026-09-24 12:05:04,900 | INFO | Epoca 036/100 │ D: 1.2429 │ G: 0.9229 │ D(real): 0.565 │ D(fake): 0.434 │ FID train/val: 39.17/41.50 │ IS train/val: 7.89/7.89 │ 67.9s
2026-09-24 12:05:05,350 | INFO | ✓ Cel mai bun validation FID: 41.4967
2026-09-24 12:06:13,789 | INFO | Epoca 037/100 │ D: 1.2401 │ G: 0.9243 │ D(real): 0.566 │ D(fake): 0.433 │ FID train/val: 41.24/44.63 │ IS train/val: 7.77/7.77 │ 67.6s
2026-09-24 12:06:14,146 | INFO | Early stopping: 1/15 evaluări fără îmbunătățire.
2026-09-24 12:07:24,228 | INFO | Epoca 038/100 │ D: 1.2371 │ G: 0.9266 │ D(real): 0.567 │ D(fake): 0.432 │ FID train/val: 40.57/43.88 │ IS train/val: 7.88/7.88 │ 69.2s
2026-09-24 12:07:24,656 | INFO | Early stopping: 2/15 evaluări fără îmbunătățire.
2026-09-24 12:08:27,800 | INFO | Epoca 039/100 │ D: 1.2379 │ G: 0.9310 │ D(real): 0.567 │ D(fake): 0.432 │ FID train/val: 55.88/54.70 │ IS train/val: 7.74/7.74 │ 62.2s
2026-09-24 12:08:28,195 | INFO | Early stopping: 3/15 evaluări fără îmbunătățire.
2026-09-24 12:09:38,455 | INFO | Epoca 040/100 │ D: 1.2470 │ G: 0.9137 │ D(real): 0.563 │ D(fake): 0.436 │ FID train/val: 41.58/46.11 │ IS train/val: 7.80/7.80 │ 69.5s
2026-09-24 12:09:38,813 | INFO | Early stopping: 4/15 evaluări fără îmbunătățire.
2026-09-24 12:10:47,760 | INFO | Epoca 041/100 │ D: 1.2446 │ G: 0.9117 │ D(real): 0.565 │ D(fake): 0.436 │ FID train/val: 36.98/40.75 │ IS train/val: 8.08/8.08 │ 68.1s
2026-09-24 12:10:48,265 | INFO | ✓ Cel mai bun validation FID: 40.7523
2026-09-24 12:11:58,348 | INFO | Epoca 042/100 │ D: 1.2445 │ G: 0.9141 │ D(real): 0.565 │ D(fake): 0.436 │ FID train/val: 39.18/42.69 │ IS train/val: 7.96/7.96 │ 69.2s
2026-09-24 12:11:58,727 | INFO | Early stopping: 1/15 evaluări fără îmbunătățire.
2026-09-24 12:13:02,744 | INFO | Epoca 043/100 │ D: 1.2499 │ G: 0.9058 │ D(real): 0.562 │ D(fake): 0.437 │ FID train/val: 45.95/49.80 │ IS train/val: 8.21/8.21 │ 63.2s
2026-09-24 12:13:03,121 | INFO | Early stopping: 2/15 evaluări fără îmbunătățire.
2026-09-24 12:14:09,496 | INFO | Epoca 044/100 │ D: 1.2493 │ G: 0.9042 │ D(real): 0.562 │ D(fake): 0.437 │ FID train/val: 47.92/48.83 │ IS train/val: 8.05/8.05 │ 65.6s
2026-09-24 12:14:09,850 | INFO | Early stopping: 3/15 evaluări fără îmbunătățire.
2026-09-24 12:15:18,051 | INFO | Epoca 045/100 │ D: 1.2482 │ G: 0.9103 │ D(real): 0.562 │ D(fake): 0.436 │ FID train/val: 45.60/46.26 │ IS train/val: 7.93/7.93 │ 67.3s
2026-09-24 12:15:18,408 | INFO | Early stopping: 4/15 evaluări fără îmbunătățire.
2026-09-24 12:16:12,517 | INFO | Epoca 046/100 │ D: 1.2480 │ G: 0.9121 │ D(real): 0.564 │ D(fake): 0.437 │ FID train/val: 31.09/35.43 │ IS train/val: 8.10/8.10 │ 53.5s
2026-09-24 12:16:12,893 | INFO | ✓ Cel mai bun validation FID: 35.4267
2026-09-24 12:17:11,717 | INFO | Epoca 047/100 │ D: 1.2530 │ G: 0.9065 │ D(real): 0.561 │ D(fake): 0.439 │ FID train/val: 33.67/37.93 │ IS train/val: 8.06/8.06 │ 58.0s
2026-09-24 12:17:12,095 | INFO | Early stopping: 1/15 evaluări fără îmbunătățire.
2026-09-24 12:18:19,486 | INFO | Epoca 048/100 │ D: 1.2500 │ G: 0.9135 │ D(real): 0.562 │ D(fake): 0.437 │ FID train/val: 37.05/42.64 │ IS train/val: 8.11/8.11 │ 66.6s
2026-09-24 12:18:19,894 | INFO | Early stopping: 2/15 evaluări fără îmbunătățire.
2026-09-24 12:19:29,654 | INFO | Epoca 049/100 │ D: 1.2534 │ G: 0.9010 │ D(real): 0.561 │ D(fake): 0.440 │ FID train/val: 30.01/34.46 │ IS train/val: 8.27/8.27 │ 68.9s
2026-09-24 12:19:30,062 | INFO | ✓ Cel mai bun validation FID: 34.4564
2026-09-24 12:20:40,465 | INFO | Epoca 050/100 │ D: 1.2540 │ G: 0.9012 │ D(real): 0.561 │ D(fake): 0.440 │ FID train/val: 35.05/40.20 │ IS train/val: 8.16/8.16 │ 69.9s
2026-09-24 12:20:40,732 | INFO | Early stopping: 1/15 evaluări fără îmbunătățire.
2026-09-24 12:21:45,088 | INFO | Epoca 051/100 │ D: 1.2514 │ G: 0.9045 │ D(real): 0.561 │ D(fake): 0.438 │ FID train/val: 42.20/47.08 │ IS train/val: 7.99/7.99 │ 63.5s
2026-09-24 12:21:45,459 | INFO | Early stopping: 2/15 evaluări fără îmbunătățire.
2026-09-24 12:22:55,777 | INFO | Epoca 052/100 │ D: 1.2493 │ G: 0.9109 │ D(real): 0.563 │ D(fake): 0.438 │ FID train/val: 35.71/40.18 │ IS train/val: 8.13/8.13 │ 69.4s
2026-09-24 12:22:56,189 | INFO | Early stopping: 3/15 evaluări fără îmbunătățire.
2026-09-24 12:24:05,849 | INFO | Epoca 053/100 │ D: 1.2516 │ G: 0.9035 │ D(real): 0.562 │ D(fake): 0.439 │ FID train/val: 33.45/37.61 │ IS train/val: 8.04/8.04 │ 68.9s
2026-09-24 12:24:06,249 | INFO | Early stopping: 4/15 evaluări fără îmbunătățire.
2026-09-24 12:25:14,121 | INFO | Epoca 054/100 │ D: 1.2540 │ G: 0.9010 │ D(real): 0.561 │ D(fake): 0.440 │ FID train/val: 35.82/41.07 │ IS train/val: 8.10/8.10 │ 67.0s
2026-09-24 12:25:14,495 | INFO | Early stopping: 5/15 evaluări fără îmbunătățire.
2026-09-24 12:26:23,543 | INFO | Epoca 055/100 │ D: 1.2553 │ G: 0.8992 │ D(real): 0.559 │ D(fake): 0.440 │ FID train/val: 34.16/37.59 │ IS train/val: 8.14/8.14 │ 68.3s
2026-09-24 12:26:23,926 | INFO | Early stopping: 6/15 evaluări fără îmbunătățire.
2026-09-24 12:27:32,484 | INFO | Epoca 056/100 │ D: 1.2556 │ G: 0.9009 │ D(real): 0.560 │ D(fake): 0.441 │ FID train/val: 33.50/37.72 │ IS train/val: 8.03/8.03 │ 67.7s
2026-09-24 12:27:32,834 | INFO | Early stopping: 7/15 evaluări fără îmbunătățire.
2026-09-24 12:28:42,155 | INFO | Epoca 057/100 │ D: 1.2513 │ G: 0.9053 │ D(real): 0.561 │ D(fake): 0.438 │ FID train/val: 36.01/35.58 │ IS train/val: 8.17/8.17 │ 68.5s
2026-09-24 12:28:42,556 | INFO | Early stopping: 8/15 evaluări fără îmbunătățire.
2026-09-24 12:29:50,864 | INFO | Epoca 058/100 │ D: 1.2530 │ G: 0.9024 │ D(real): 0.562 │ D(fake): 0.440 │ FID train/val: 28.35/31.79 │ IS train/val: 8.09/8.09 │ 67.5s
2026-09-24 12:29:51,284 | INFO | ✓ Cel mai bun validation FID: 31.7925
2026-09-24 12:31:02,117 | INFO | Epoca 059/100 │ D: 1.2571 │ G: 0.8930 │ D(real): 0.559 │ D(fake): 0.440 │ FID train/val: 39.90/44.02 │ IS train/val: 8.04/8.04 │ 70.0s
2026-09-24 12:31:02,521 | INFO | Early stopping: 1/15 evaluări fără îmbunătățire.
2026-09-24 12:32:13,060 | INFO | Epoca 060/100 │ D: 1.2589 │ G: 0.8926 │ D(real): 0.558 │ D(fake): 0.441 │ FID train/val: 33.72/37.04 │ IS train/val: 8.28/8.28 │ 69.7s
2026-09-24 12:32:13,466 | INFO | Early stopping: 2/15 evaluări fără îmbunătățire.
2026-09-24 12:33:24,065 | INFO | Epoca 061/100 │ D: 1.2567 │ G: 0.8964 │ D(real): 0.559 │ D(fake): 0.441 │ FID train/val: 29.58/33.91 │ IS train/val: 8.28/8.28 │ 69.7s
2026-09-24 12:33:24,577 | INFO | Early stopping: 3/15 evaluări fără îmbunătățire.
2026-09-24 12:34:34,880 | INFO | Epoca 062/100 │ D: 1.2524 │ G: 0.9031 │ D(real): 0.562 │ D(fake): 0.440 │ FID train/val: 31.21/37.20 │ IS train/val: 8.30/8.30 │ 69.4s
2026-09-24 12:34:35,514 | INFO | Early stopping: 4/15 evaluări fără îmbunătățire.
2026-09-24 12:35:47,873 | INFO | Epoca 063/100 │ D: 1.2537 │ G: 0.9024 │ D(real): 0.560 │ D(fake): 0.439 │ FID train/val: 35.25/37.32 │ IS train/val: 8.34/8.34 │ 71.4s
2026-09-24 12:35:48,298 | INFO | Early stopping: 5/15 evaluări fără îmbunătățire.
2026-09-24 12:36:59,979 | INFO | Epoca 064/100 │ D: 1.2576 │ G: 0.8905 │ D(real): 0.560 │ D(fake): 0.442 │ FID train/val: 36.22/41.62 │ IS train/val: 8.15/8.15 │ 70.9s
2026-09-24 12:37:00,347 | INFO | Early stopping: 6/15 evaluări fără îmbunătățire.
2026-09-24 12:38:07,751 | INFO | Epoca 065/100 │ D: 1.2498 │ G: 0.9106 │ D(real): 0.562 │ D(fake): 0.438 │ FID train/val: 39.59/47.59 │ IS train/val: 8.31/8.31 │ 66.9s
2026-09-24 12:38:07,984 | INFO | Early stopping: 7/15 evaluări fără îmbunătățire.
2026-09-24 12:38:43,497 | INFO | Epoca 066/100 │ D: 1.2569 │ G: 0.8921 │ D(real): 0.559 │ D(fake): 0.441 │ FID train/val: 37.30/42.26 │ IS train/val: 8.17/8.17 │ 35.1s
2026-09-24 12:38:43,707 | INFO | Early stopping: 8/15 evaluări fără îmbunătățire.
2026-09-24 12:39:14,742 | INFO | Epoca 067/100 │ D: 1.2552 │ G: 0.8979 │ D(real): 0.560 │ D(fake): 0.441 │ FID train/val: 36.29/42.12 │ IS train/val: 8.10/8.10 │ 30.6s
2026-09-24 12:39:14,940 | INFO | Early stopping: 9/15 evaluări fără îmbunătățire.
2026-09-24 12:39:46,068 | INFO | Epoca 068/100 │ D: 1.2545 │ G: 0.8973 │ D(real): 0.560 │ D(fake): 0.440 │ FID train/val: 30.67/37.06 │ IS train/val: 8.25/8.25 │ 30.6s
2026-09-24 12:39:46,346 | INFO | Early stopping: 10/15 evaluări fără îmbunătățire.
2026-09-24 12:40:17,917 | INFO | Epoca 069/100 │ D: 1.2518 │ G: 0.9019 │ D(real): 0.562 │ D(fake): 0.439 │ FID train/val: 45.21/53.09 │ IS train/val: 8.21/8.21 │ 31.1s
2026-09-24 12:40:18,121 | INFO | Early stopping: 11/15 evaluări fără îmbunătățire.
2026-09-24 12:40:49,159 | INFO | Epoca 070/100 │ D: 1.2552 │ G: 0.8987 │ D(real): 0.560 │ D(fake): 0.440 │ FID train/val: 27.40/33.24 │ IS train/val: 8.18/8.18 │ 30.6s
2026-09-24 12:40:49,370 | INFO | Early stopping: 12/15 evaluări fără îmbunătățire.
2026-09-24 12:41:20,056 | INFO | Epoca 071/100 │ D: 1.2504 │ G: 0.8997 │ D(real): 0.562 │ D(fake): 0.438 │ FID train/val: 35.23/43.62 │ IS train/val: 8.17/8.17 │ 30.2s
2026-09-24 12:41:20,257 | INFO | Early stopping: 13/15 evaluări fără îmbunătățire.
2026-09-24 12:41:56,318 | INFO | Epoca 072/100 │ D: 1.2538 │ G: 0.8980 │ D(real): 0.560 │ D(fake): 0.440 │ FID train/val: 32.53/37.26 │ IS train/val: 8.44/8.44 │ 35.7s
2026-09-24 12:41:56,605 | INFO | Early stopping: 14/15 evaluări fără îmbunătățire.
2026-09-24 12:42:27,880 | INFO | Epoca 073/100 │ D: 1.2564 │ G: 0.8921 │ D(real): 0.559 │ D(fake): 0.441 │ FID train/val: 33.12/37.89 │ IS train/val: 8.27/8.27 │ 30.8s
2026-09-24 12:42:28,088 | INFO | Early stopping: 15/15 evaluări fără îmbunătățire.
2026-09-24 12:42:28,089 | INFO | Early stopping activat: criteriul de calitate nu s-a îmbunătățit.
2026-09-24 12:42:28,113 | INFO | Evaluez modelul selectat pentru raportul final: best_quality.pt
2026-09-24 12:42:28,680 | INFO | Raport final train/validation/test salvat: outputs\run_20260924_113015_919720\best_model_metrics.json
2026-09-24 12:42:28,681 | INFO | Training completed in 4281.03 seconds. Artifacts=outputs\run_20260924_113015_919720
