2026-09-23 15:00:00,434 | INFO | Execution started. Device=cpu, Python=3.14.2, PyTorch=2.14.0+cpu
2026-09-23 15:00:00,507 | INFO | Antrenez evaluatorul MNIST pentru FID și Inception Score...
2026-09-23 15:01:08,409 | INFO | Evaluatorul MNIST este pregătit.
2026-09-23 15:01:08,425 | INFO | Zgomot fix salvat: outputs\run_20260923_150000_429533\fixed_noise.pt
2026-09-23 15:01:45,003 | INFO | Epoca 001/100 │ D: 1.3140 │ G: 0.7933 │ D(real): 0.574 │ D(fake): 0.510 │ FID train/val: 596.45/594.39 │ IS train/val: 2.35/2.38 │ 36.2s
2026-09-23 15:01:46,439 | INFO | ✓ Cel mai bun validation FID: 594.3885
2026-09-23 15:02:23,240 | INFO | Epoca 002/100 │ D: 1.2483 │ G: 0.9855 │ D(real): 0.564 │ D(fake): 0.437 │ FID train/val: 417.35/431.24 │ IS train/val: 2.89/2.86 │ 36.4s
2026-09-23 15:02:23,501 | INFO | ✓ Cel mai bun validation FID: 431.2404
2026-09-23 15:03:00,450 | INFO | Epoca 003/100 │ D: 1.2122 │ G: 0.9661 │ D(real): 0.584 │ D(fake): 0.427 │ FID train/val: 356.62/380.77 │ IS train/val: 3.98/3.88 │ 36.4s
2026-09-23 15:03:00,741 | INFO | ✓ Cel mai bun validation FID: 380.7712
2026-09-23 15:03:35,557 | INFO | Epoca 004/100 │ D: 1.1833 │ G: 1.0288 │ D(real): 0.598 │ D(fake): 0.415 │ FID train/val: 248.35/234.44 │ IS train/val: 4.40/4.53 │ 34.4s
2026-09-23 15:03:35,830 | INFO | ✓ Cel mai bun validation FID: 234.4392
2026-09-23 15:04:05,949 | INFO | Epoca 005/100 │ D: 1.1593 │ G: 1.0989 │ D(real): 0.604 │ D(fake): 0.400 │ FID train/val: 195.75/199.86 │ IS train/val: 4.89/5.15 │ 29.8s
2026-09-23 15:04:06,319 | INFO | ✓ Cel mai bun validation FID: 199.8562
2026-09-23 15:04:34,682 | INFO | Epoca 006/100 │ D: 1.1638 │ G: 1.0862 │ D(real): 0.602 │ D(fake): 0.402 │ FID train/val: 178.52/172.35 │ IS train/val: 5.02/5.32 │ 28.0s
2026-09-23 15:04:34,944 | INFO | ✓ Cel mai bun validation FID: 172.3487
2026-09-23 15:05:03,856 | INFO | Epoca 007/100 │ D: 1.1775 │ G: 1.0717 │ D(real): 0.595 │ D(fake): 0.406 │ FID train/val: 138.38/137.25 │ IS train/val: 5.62/5.55 │ 28.6s
2026-09-23 15:05:04,200 | INFO | ✓ Cel mai bun validation FID: 137.2544
2026-09-23 15:05:32,495 | INFO | Epoca 008/100 │ D: 1.1799 │ G: 1.0661 │ D(real): 0.594 │ D(fake): 0.407 │ FID train/val: 93.60/106.56 │ IS train/val: 6.22/6.06 │ 27.9s
2026-09-23 15:05:32,773 | INFO | ✓ Cel mai bun validation FID: 106.5649
2026-09-23 15:06:01,115 | INFO | Epoca 009/100 │ D: 1.1945 │ G: 1.0270 │ D(real): 0.588 │ D(fake): 0.413 │ FID train/val: 109.11/117.47 │ IS train/val: 6.48/6.44 │ 28.0s
2026-09-23 15:06:01,366 | INFO | Early stopping: 1/15 evaluări fără îmbunătățire.
2026-09-23 15:06:33,385 | INFO | Epoca 010/100 │ D: 1.2134 │ G: 1.0125 │ D(real): 0.580 │ D(fake): 0.421 │ FID train/val: 77.98/69.17 │ IS train/val: 6.62/6.81 │ 31.7s
2026-09-23 15:06:33,727 | INFO | ✓ Cel mai bun validation FID: 69.1716
2026-09-23 15:07:02,528 | INFO | Epoca 011/100 │ D: 1.2196 │ G: 0.9922 │ D(real): 0.577 │ D(fake): 0.424 │ FID train/val: 52.44/63.18 │ IS train/val: 6.72/6.84 │ 28.4s
2026-09-23 15:07:02,784 | INFO | ✓ Cel mai bun validation FID: 63.1770
2026-09-23 15:07:31,509 | INFO | Epoca 012/100 │ D: 1.2270 │ G: 0.9806 │ D(real): 0.574 │ D(fake): 0.427 │ FID train/val: 81.78/64.34 │ IS train/val: 6.55/6.59 │ 28.4s
2026-09-23 15:07:31,713 | INFO | Early stopping: 1/15 evaluări fără îmbunătățire.
2026-09-23 15:08:00,451 | INFO | Epoca 013/100 │ D: 1.2266 │ G: 0.9771 │ D(real): 0.574 │ D(fake): 0.427 │ FID train/val: 70.90/67.59 │ IS train/val: 6.62/6.91 │ 28.4s
2026-09-23 15:08:00,704 | INFO | Early stopping: 2/15 evaluări fără îmbunătățire.
2026-09-23 15:08:29,308 | INFO | Epoca 014/100 │ D: 1.2327 │ G: 0.9643 │ D(real): 0.571 │ D(fake): 0.430 │ FID train/val: 44.15/68.61 │ IS train/val: 6.98/6.79 │ 28.2s
2026-09-23 15:08:29,508 | INFO | Early stopping: 3/15 evaluări fără îmbunătățire.
2026-09-23 15:08:58,181 | INFO | Epoca 015/100 │ D: 1.2360 │ G: 0.9593 │ D(real): 0.570 │ D(fake): 0.430 │ FID train/val: 60.69/59.59 │ IS train/val: 7.09/6.81 │ 28.3s
2026-09-23 15:08:58,439 | INFO | ✓ Cel mai bun validation FID: 59.5904
2026-09-23 15:09:27,293 | INFO | Epoca 016/100 │ D: 1.2373 │ G: 0.9534 │ D(real): 0.569 │ D(fake): 0.432 │ FID train/val: 39.80/43.80 │ IS train/val: 7.34/7.15 │ 28.5s
2026-09-23 15:09:27,612 | INFO | ✓ Cel mai bun validation FID: 43.7988
2026-09-23 15:09:56,216 | INFO | Epoca 017/100 │ D: 1.2393 │ G: 0.9489 │ D(real): 0.568 │ D(fake): 0.433 │ FID train/val: 42.07/53.81 │ IS train/val: 7.26/7.08 │ 28.2s
2026-09-23 15:09:56,417 | INFO | Early stopping: 1/15 evaluări fără îmbunătățire.
2026-09-23 15:10:25,408 | INFO | Epoca 018/100 │ D: 1.2438 │ G: 0.9405 │ D(real): 0.566 │ D(fake): 0.435 │ FID train/val: 58.71/54.67 │ IS train/val: 6.70/7.02 │ 28.6s
2026-09-23 15:10:25,603 | INFO | Early stopping: 2/15 evaluări fără îmbunătățire.
2026-09-23 15:10:54,503 | INFO | Epoca 019/100 │ D: 1.2506 │ G: 0.9259 │ D(real): 0.563 │ D(fake): 0.438 │ FID train/val: 39.10/52.85 │ IS train/val: 7.20/7.14 │ 28.5s
2026-09-23 15:10:54,744 | INFO | Early stopping: 3/15 evaluări fără îmbunătățire.
2026-09-23 15:11:23,551 | INFO | Epoca 020/100 │ D: 1.2453 │ G: 0.9326 │ D(real): 0.565 │ D(fake): 0.435 │ FID train/val: 46.32/43.69 │ IS train/val: 7.53/7.67 │ 28.1s
2026-09-23 15:11:23,766 | INFO | ✓ Cel mai bun validation FID: 43.6932
2026-09-23 15:11:52,550 | INFO | Epoca 021/100 │ D: 1.2473 │ G: 0.9354 │ D(real): 0.565 │ D(fake): 0.436 │ FID train/val: 48.33/45.43 │ IS train/val: 7.09/7.20 │ 28.4s
2026-09-23 15:11:52,756 | INFO | Early stopping: 1/15 evaluări fără îmbunătățire.
2026-09-23 15:12:21,335 | INFO | Epoca 022/100 │ D: 1.2573 │ G: 0.9126 │ D(real): 0.560 │ D(fake): 0.441 │ FID train/val: 33.13/36.63 │ IS train/val: 7.49/7.52 │ 28.2s
2026-09-23 15:12:21,582 | INFO | ✓ Cel mai bun validation FID: 36.6288
2026-09-23 15:12:50,047 | INFO | Epoca 023/100 │ D: 1.2607 │ G: 0.9074 │ D(real): 0.559 │ D(fake): 0.443 │ FID train/val: 40.00/36.12 │ IS train/val: 7.27/7.35 │ 28.1s
2026-09-23 15:12:50,335 | INFO | ✓ Cel mai bun validation FID: 36.1206
2026-09-23 15:13:18,196 | INFO | Epoca 024/100 │ D: 1.2593 │ G: 0.9120 │ D(real): 0.560 │ D(fake): 0.442 │ FID train/val: 42.34/40.54 │ IS train/val: 7.52/7.44 │ 27.5s
2026-09-23 15:13:18,393 | INFO | Early stopping: 1/15 evaluări fără îmbunătățire.
2026-09-23 15:13:46,771 | INFO | Epoca 025/100 │ D: 1.2564 │ G: 0.9128 │ D(real): 0.561 │ D(fake): 0.441 │ FID train/val: 40.92/31.02 │ IS train/val: 7.48/7.40 │ 28.0s
2026-09-23 15:13:47,080 | INFO | ✓ Cel mai bun validation FID: 31.0203
2026-09-23 15:14:15,423 | INFO | Epoca 026/100 │ D: 1.2621 │ G: 0.9065 │ D(real): 0.559 │ D(fake): 0.443 │ FID train/val: 37.25/36.09 │ IS train/val: 7.56/7.67 │ 28.0s
2026-09-23 15:14:15,618 | INFO | Early stopping: 1/15 evaluări fără îmbunătățire.
2026-09-23 15:14:44,298 | INFO | Epoca 027/100 │ D: 1.2593 │ G: 0.9073 │ D(real): 0.559 │ D(fake): 0.442 │ FID train/val: 38.18/41.66 │ IS train/val: 7.46/7.59 │ 28.3s
2026-09-23 15:14:44,605 | INFO | Early stopping: 2/15 evaluări fără îmbunătățire.
2026-09-23 15:15:12,763 | INFO | Epoca 028/100 │ D: 1.2648 │ G: 0.8980 │ D(real): 0.557 │ D(fake): 0.444 │ FID train/val: 28.33/40.06 │ IS train/val: 7.56/7.56 │ 27.8s
2026-09-23 15:15:12,968 | INFO | Early stopping: 3/15 evaluări fără îmbunătățire.
2026-09-23 15:15:43,943 | INFO | Epoca 029/100 │ D: 1.2629 │ G: 0.9007 │ D(real): 0.558 │ D(fake): 0.444 │ FID train/val: 35.76/36.98 │ IS train/val: 7.52/7.57 │ 30.6s
2026-09-23 15:15:44,166 | INFO | Early stopping: 4/15 evaluări fără îmbunătățire.
2026-09-23 15:16:12,674 | INFO | Epoca 030/100 │ D: 1.2601 │ G: 0.9066 │ D(real): 0.558 │ D(fake): 0.442 │ FID train/val: 29.12/34.98 │ IS train/val: 7.65/7.72 │ 28.1s
2026-09-23 15:16:12,866 | INFO | Early stopping: 5/15 evaluări fără îmbunătățire.
2026-09-23 15:16:42,434 | INFO | Epoca 031/100 │ D: 1.2674 │ G: 0.8944 │ D(real): 0.556 │ D(fake): 0.445 │ FID train/val: 26.36/29.38 │ IS train/val: 7.68/7.79 │ 29.2s
2026-09-23 15:16:42,724 | INFO | ✓ Cel mai bun validation FID: 29.3776
2026-09-23 15:17:11,323 | INFO | Epoca 032/100 │ D: 1.2700 │ G: 0.8842 │ D(real): 0.555 │ D(fake): 0.447 │ FID train/val: 37.97/31.23 │ IS train/val: 7.80/7.80 │ 28.2s
2026-09-23 15:17:11,523 | INFO | Early stopping: 1/15 evaluări fără îmbunătățire.
2026-09-23 15:17:40,126 | INFO | Epoca 033/100 │ D: 1.2683 │ G: 0.8895 │ D(real): 0.555 │ D(fake): 0.446 │ FID train/val: 25.44/30.54 │ IS train/val: 7.85/7.69 │ 28.2s
2026-09-23 15:17:40,477 | INFO | Early stopping: 2/15 evaluări fără îmbunătățire.
2026-09-23 15:18:08,695 | INFO | Epoca 034/100 │ D: 1.2699 │ G: 0.8851 │ D(real): 0.555 │ D(fake): 0.446 │ FID train/val: 29.27/31.66 │ IS train/val: 7.54/7.90 │ 27.9s
2026-09-23 15:18:08,896 | INFO | Early stopping: 3/15 evaluări fără îmbunătățire.
2026-09-23 15:18:37,140 | INFO | Epoca 035/100 │ D: 1.2694 │ G: 0.8872 │ D(real): 0.555 │ D(fake): 0.446 │ FID train/val: 33.29/24.74 │ IS train/val: 7.84/7.79 │ 27.9s
2026-09-23 15:18:37,563 | INFO | ✓ Cel mai bun validation FID: 24.7363
2026-09-23 15:19:06,111 | INFO | Epoca 036/100 │ D: 1.2758 │ G: 0.8745 │ D(real): 0.552 │ D(fake): 0.450 │ FID train/val: 23.28/27.07 │ IS train/val: 7.66/7.82 │ 28.2s
2026-09-23 15:19:06,341 | INFO | Early stopping: 1/15 evaluări fără îmbunătățire.
2026-09-23 15:19:34,686 | INFO | Epoca 037/100 │ D: 1.2764 │ G: 0.8731 │ D(real): 0.552 │ D(fake): 0.450 │ FID train/val: 30.36/31.19 │ IS train/val: 7.86/7.99 │ 28.0s
2026-09-23 15:19:34,898 | INFO | Early stopping: 2/15 evaluări fără îmbunătățire.
2026-09-23 15:20:03,353 | INFO | Epoca 038/100 │ D: 1.2740 │ G: 0.8773 │ D(real): 0.552 │ D(fake): 0.449 │ FID train/val: 38.12/33.00 │ IS train/val: 7.47/7.85 │ 28.1s
2026-09-23 15:20:03,561 | INFO | Early stopping: 3/15 evaluări fără îmbunătățire.
2026-09-23 15:20:32,813 | INFO | Epoca 039/100 │ D: 1.2754 │ G: 0.8777 │ D(real): 0.552 │ D(fake): 0.449 │ FID train/val: 32.56/30.92 │ IS train/val: 7.73/8.02 │ 28.9s
2026-09-23 15:20:33,023 | INFO | Early stopping: 4/15 evaluări fără îmbunătățire.
2026-09-23 15:21:01,434 | INFO | Epoca 040/100 │ D: 1.2763 │ G: 0.8746 │ D(real): 0.552 │ D(fake): 0.449 │ FID train/val: 33.34/35.71 │ IS train/val: 7.90/7.59 │ 28.0s
2026-09-23 15:21:01,630 | INFO | Early stopping: 5/15 evaluări fără îmbunătățire.
2026-09-23 15:21:30,151 | INFO | Epoca 041/100 │ D: 1.2759 │ G: 0.8711 │ D(real): 0.552 │ D(fake): 0.450 │ FID train/val: 27.35/36.17 │ IS train/val: 8.13/7.60 │ 28.1s
2026-09-23 15:21:30,375 | INFO | Early stopping: 6/15 evaluări fără îmbunătățire.
2026-09-23 15:21:59,073 | INFO | Epoca 042/100 │ D: 1.2722 │ G: 0.8866 │ D(real): 0.553 │ D(fake): 0.447 │ FID train/val: 25.19/23.19 │ IS train/val: 7.97/8.18 │ 28.3s
2026-09-23 15:21:59,331 | INFO | ✓ Cel mai bun validation FID: 23.1899
2026-09-23 15:22:27,711 | INFO | Epoca 043/100 │ D: 1.2721 │ G: 0.8792 │ D(real): 0.553 │ D(fake): 0.447 │ FID train/val: 34.41/27.17 │ IS train/val: 7.81/7.94 │ 28.0s
2026-09-23 15:22:27,924 | INFO | Early stopping: 1/15 evaluări fără îmbunătățire.
2026-09-23 15:22:56,447 | INFO | Epoca 044/100 │ D: 1.2726 │ G: 0.8794 │ D(real): 0.553 │ D(fake): 0.448 │ FID train/val: 32.97/36.81 │ IS train/val: 7.82/7.69 │ 28.2s
2026-09-23 15:22:56,666 | INFO | Early stopping: 2/15 evaluări fără îmbunătățire.
2026-09-23 15:23:24,857 | INFO | Epoca 045/100 │ D: 1.2721 │ G: 0.8762 │ D(real): 0.554 │ D(fake): 0.448 │ FID train/val: 18.15/25.46 │ IS train/val: 8.05/7.76 │ 27.8s
2026-09-23 15:23:25,084 | INFO | Early stopping: 3/15 evaluări fără îmbunătățire.
2026-09-23 15:23:53,342 | INFO | Epoca 046/100 │ D: 1.2751 │ G: 0.8721 │ D(real): 0.552 │ D(fake): 0.449 │ FID train/val: 22.46/23.48 │ IS train/val: 7.88/8.16 │ 27.9s
2026-09-23 15:23:53,574 | INFO | Early stopping: 4/15 evaluări fără îmbunătățire.
2026-09-23 15:24:21,410 | INFO | Epoca 047/100 │ D: 1.2790 │ G: 0.8652 │ D(real): 0.550 │ D(fake): 0.451 │ FID train/val: 37.87/38.69 │ IS train/val: 7.91/8.07 │ 27.5s
2026-09-23 15:24:21,611 | INFO | Early stopping: 5/15 evaluări fără îmbunătățire.
2026-09-23 15:24:50,094 | INFO | Epoca 048/100 │ D: 1.2790 │ G: 0.8670 │ D(real): 0.550 │ D(fake): 0.450 │ FID train/val: 24.10/23.57 │ IS train/val: 8.00/8.18 │ 28.1s
2026-09-23 15:24:50,298 | INFO | Early stopping: 6/15 evaluări fără îmbunătățire.
2026-09-23 15:25:18,449 | INFO | Epoca 049/100 │ D: 1.2769 │ G: 0.8665 │ D(real): 0.552 │ D(fake): 0.450 │ FID train/val: 21.74/33.64 │ IS train/val: 7.93/7.76 │ 27.8s
2026-09-23 15:25:18,673 | INFO | Early stopping: 7/15 evaluări fără îmbunătățire.
2026-09-23 15:25:47,212 | INFO | Epoca 050/100 │ D: 1.2787 │ G: 0.8671 │ D(real): 0.550 │ D(fake): 0.450 │ FID train/val: 23.46/20.44 │ IS train/val: 8.08/7.99 │ 28.2s
2026-09-23 15:25:47,454 | INFO | ✓ Cel mai bun validation FID: 20.4350
2026-09-23 15:26:30,122 | INFO | Epoca 051/100 │ D: 1.2774 │ G: 0.8665 │ D(real): 0.550 │ D(fake): 0.450 │ FID train/val: 23.46/27.60 │ IS train/val: 7.93/7.99 │ 42.1s
2026-09-23 15:26:30,468 | INFO | Early stopping: 1/15 evaluări fără îmbunătățire.
2026-09-23 15:27:15,777 | INFO | Epoca 052/100 │ D: 1.2818 │ G: 0.8649 │ D(real): 0.549 │ D(fake): 0.452 │ FID train/val: 23.90/32.14 │ IS train/val: 7.93/7.84 │ 44.8s
2026-09-23 15:27:16,038 | INFO | Early stopping: 2/15 evaluări fără îmbunătățire.
2026-09-23 15:28:01,056 | INFO | Epoca 053/100 │ D: 1.2699 │ G: 0.8798 │ D(real): 0.555 │ D(fake): 0.447 │ FID train/val: 25.84/26.01 │ IS train/val: 8.14/8.04 │ 44.6s
2026-09-23 15:28:01,350 | INFO | Early stopping: 3/15 evaluări fără îmbunătățire.
2026-09-23 15:28:46,316 | INFO | Epoca 054/100 │ D: 1.2750 │ G: 0.8711 │ D(real): 0.552 │ D(fake): 0.449 │ FID train/val: 28.53/34.31 │ IS train/val: 7.89/8.16 │ 44.5s
2026-09-23 15:28:46,616 | INFO | Early stopping: 4/15 evaluări fără îmbunătățire.
2026-09-23 15:29:21,160 | INFO | Epoca 055/100 │ D: 1.2754 │ G: 0.8733 │ D(real): 0.552 │ D(fake): 0.449 │ FID train/val: 29.58/23.37 │ IS train/val: 8.07/8.21 │ 34.2s
2026-09-23 15:29:21,390 | INFO | Early stopping: 5/15 evaluări fără îmbunătățire.
2026-09-23 15:29:50,923 | INFO | Epoca 056/100 │ D: 1.2726 │ G: 0.8747 │ D(real): 0.553 │ D(fake): 0.448 │ FID train/val: 19.57/23.64 │ IS train/val: 8.10/8.17 │ 29.1s
2026-09-23 15:29:51,144 | INFO | Early stopping: 6/15 evaluări fără îmbunătățire.
2026-09-23 15:30:26,927 | INFO | Epoca 057/100 │ D: 1.2815 │ G: 0.8622 │ D(real): 0.549 │ D(fake): 0.451 │ FID train/val: 21.78/24.29 │ IS train/val: 8.16/8.18 │ 35.2s
2026-09-23 15:30:27,321 | INFO | Early stopping: 7/15 evaluări fără îmbunătățire.
2026-09-23 15:31:03,410 | INFO | Epoca 058/100 │ D: 1.2776 │ G: 0.8672 │ D(real): 0.552 │ D(fake): 0.451 │ FID train/val: 33.18/35.09 │ IS train/val: 7.79/7.94 │ 35.7s
2026-09-23 15:31:03,634 | INFO | Early stopping: 8/15 evaluări fără îmbunătățire.
2026-09-23 15:31:36,757 | INFO | Epoca 059/100 │ D: 1.2746 │ G: 0.8676 │ D(real): 0.553 │ D(fake): 0.449 │ FID train/val: 20.01/30.11 │ IS train/val: 8.16/7.94 │ 32.8s
2026-09-23 15:31:36,975 | INFO | Early stopping: 9/15 evaluări fără îmbunătățire.
2026-09-23 15:32:06,172 | INFO | Epoca 060/100 │ D: 1.2770 │ G: 0.8689 │ D(real): 0.551 │ D(fake): 0.450 │ FID train/val: 25.13/31.38 │ IS train/val: 8.25/8.21 │ 28.9s
2026-09-23 15:32:06,452 | INFO | Early stopping: 10/15 evaluări fără îmbunătățire.
2026-09-23 15:32:34,883 | INFO | Epoca 061/100 │ D: 1.2782 │ G: 0.8682 │ D(real): 0.551 │ D(fake): 0.450 │ FID train/val: 20.12/25.46 │ IS train/val: 8.29/7.83 │ 28.1s
2026-09-23 15:32:35,091 | INFO | Early stopping: 11/15 evaluări fără îmbunătățire.
2026-09-23 15:33:03,861 | INFO | Epoca 062/100 │ D: 1.2792 │ G: 0.8642 │ D(real): 0.550 │ D(fake): 0.451 │ FID train/val: 40.82/22.85 │ IS train/val: 7.79/8.17 │ 28.4s
2026-09-23 15:33:04,074 | INFO | Early stopping: 12/15 evaluări fără îmbunătățire.
2026-09-23 15:33:32,358 | INFO | Epoca 063/100 │ D: 1.2764 │ G: 0.8650 │ D(real): 0.552 │ D(fake): 0.450 │ FID train/val: 27.48/30.56 │ IS train/val: 8.11/8.10 │ 27.9s
2026-09-23 15:33:32,623 | INFO | Early stopping: 13/15 evaluări fără îmbunătățire.
2026-09-23 15:34:01,045 | INFO | Epoca 064/100 │ D: 1.2775 │ G: 0.8672 │ D(real): 0.550 │ D(fake): 0.449 │ FID train/val: 19.46/34.87 │ IS train/val: 8.12/8.17 │ 28.1s
2026-09-23 15:34:01,240 | INFO | Early stopping: 14/15 evaluări fără îmbunătățire.
2026-09-23 15:34:29,549 | INFO | Epoca 065/100 │ D: 1.2757 │ G: 0.8671 │ D(real): 0.551 │ D(fake): 0.449 │ FID train/val: 25.58/24.53 │ IS train/val: 7.96/8.03 │ 28.0s
2026-09-23 15:34:29,798 | INFO | Early stopping: 15/15 evaluări fără îmbunătățire.
2026-09-23 15:34:29,799 | INFO | Early stopping activat: criteriul de calitate nu s-a îmbunătățit.
2026-09-23 15:34:29,819 | INFO | Evaluez modelul selectat pentru raportul final: best_quality.pt
2026-09-23 15:34:30,353 | INFO | Raport final train/validation/test salvat: outputs\run_20260923_150000_429533\best_model_metrics.json
2026-09-23 15:34:30,354 | INFO | Training completed in 2001.92 seconds. Artifacts=outputs\run_20260923_150000_429533
