2026-09-24 08:46:04,823 | INFO | Execution started. Device=cpu, Python=3.14.2, PyTorch=2.14.0+cpu
2026-09-24 08:46:05,045 | INFO | Antrenez evaluatorul MNIST pentru FID și Inception Score...
2026-09-24 08:46:55,338 | INFO | Evaluatorul MNIST este pregătit.
2026-09-24 08:46:55,373 | INFO | Zgomot fix salvat: outputs\run_20260924_084604_819283\fixed_noise.pt
2026-09-24 08:46:55,373 | INFO | Zgomot pentru metrici salvat: outputs\run_20260924_084604_819283\metric_noise.pt
2026-09-24 08:47:23,995 | INFO | Epoca 001/100 │ D: 1.3159 │ G: 0.8032 │ D(real): 0.563 │ D(fake): 0.502 │ FID train/val: 607.90/608.01 │ IS train/val: 2.91/2.91 │ 28.2s
2026-09-24 08:47:25,563 | INFO | ✓ Cel mai bun validation FID: 608.0117
2026-09-24 08:47:53,611 | INFO | Epoca 002/100 │ D: 1.2458 │ G: 0.9805 │ D(real): 0.566 │ D(fake): 0.435 │ FID train/val: 493.34/495.85 │ IS train/val: 3.23/3.23 │ 27.7s
2026-09-24 08:47:53,862 | INFO | ✓ Cel mai bun validation FID: 495.8533
2026-09-24 08:48:22,011 | INFO | Epoca 003/100 │ D: 1.2329 │ G: 0.9229 │ D(real): 0.574 │ D(fake): 0.438 │ FID train/val: 376.30/370.58 │ IS train/val: 4.37/4.37 │ 27.8s
2026-09-24 08:48:22,254 | INFO | ✓ Cel mai bun validation FID: 370.5784
2026-09-24 08:48:50,304 | INFO | Epoca 004/100 │ D: 1.1980 │ G: 0.9899 │ D(real): 0.589 │ D(fake): 0.420 │ FID train/val: 331.25/323.44 │ IS train/val: 4.49/4.49 │ 27.7s
2026-09-24 08:48:50,542 | INFO | ✓ Cel mai bun validation FID: 323.4443
2026-09-24 08:49:18,563 | INFO | Epoca 005/100 │ D: 1.1501 │ G: 1.0999 │ D(real): 0.610 │ D(fake): 0.400 │ FID train/val: 292.96/281.42 │ IS train/val: 4.47/4.47 │ 27.7s
2026-09-24 08:49:18,800 | INFO | ✓ Cel mai bun validation FID: 281.4209
2026-09-24 08:49:46,790 | INFO | Epoca 006/100 │ D: 1.1118 │ G: 1.1734 │ D(real): 0.623 │ D(fake): 0.380 │ FID train/val: 201.10/190.58 │ IS train/val: 5.61/5.61 │ 27.6s
2026-09-24 08:49:47,040 | INFO | ✓ Cel mai bun validation FID: 190.5826
2026-09-24 08:50:16,201 | INFO | Epoca 007/100 │ D: 1.1232 │ G: 1.1472 │ D(real): 0.617 │ D(fake): 0.383 │ FID train/val: 163.32/154.98 │ IS train/val: 6.36/6.36 │ 28.8s
2026-09-24 08:50:16,443 | INFO | ✓ Cel mai bun validation FID: 154.9834
2026-09-24 08:50:44,651 | INFO | Epoca 008/100 │ D: 1.1443 │ G: 1.1192 │ D(real): 0.609 │ D(fake): 0.391 │ FID train/val: 158.38/148.42 │ IS train/val: 6.29/6.29 │ 27.8s
2026-09-24 08:50:44,924 | INFO | ✓ Cel mai bun validation FID: 148.4207
2026-09-24 08:51:13,083 | INFO | Epoca 009/100 │ D: 1.1597 │ G: 1.0968 │ D(real): 0.602 │ D(fake): 0.398 │ FID train/val: 121.00/113.69 │ IS train/val: 6.33/6.33 │ 27.8s
2026-09-24 08:51:13,322 | INFO | ✓ Cel mai bun validation FID: 113.6864
2026-09-24 08:51:41,752 | INFO | Epoca 010/100 │ D: 1.1766 │ G: 1.0658 │ D(real): 0.594 │ D(fake): 0.404 │ FID train/val: 112.53/105.98 │ IS train/val: 6.38/6.38 │ 28.1s
2026-09-24 08:51:41,980 | INFO | ✓ Cel mai bun validation FID: 105.9849
2026-09-24 08:52:10,104 | INFO | Epoca 011/100 │ D: 1.1704 │ G: 1.0854 │ D(real): 0.597 │ D(fake): 0.401 │ FID train/val: 96.39/92.25 │ IS train/val: 6.75/6.75 │ 27.8s
2026-09-24 08:52:10,338 | INFO | ✓ Cel mai bun validation FID: 92.2513
2026-09-24 08:52:38,617 | INFO | Epoca 012/100 │ D: 1.1855 │ G: 1.0412 │ D(real): 0.591 │ D(fake): 0.408 │ FID train/val: 113.66/109.95 │ IS train/val: 6.71/6.71 │ 27.9s
2026-09-24 08:52:38,810 | INFO | Early stopping: 1/15 evaluări fără îmbunătățire.
2026-09-24 08:53:06,905 | INFO | Epoca 013/100 │ D: 1.1956 │ G: 1.0303 │ D(real): 0.587 │ D(fake): 0.412 │ FID train/val: 74.79/73.67 │ IS train/val: 6.93/6.93 │ 27.7s
2026-09-24 08:53:07,162 | INFO | ✓ Cel mai bun validation FID: 73.6725
2026-09-24 08:53:35,275 | INFO | Epoca 014/100 │ D: 1.2049 │ G: 1.0066 │ D(real): 0.583 │ D(fake): 0.417 │ FID train/val: 87.36/82.88 │ IS train/val: 6.98/6.98 │ 27.8s
2026-09-24 08:53:35,474 | INFO | Early stopping: 1/15 evaluări fără îmbunătățire.
2026-09-24 08:54:03,848 | INFO | Epoca 015/100 │ D: 1.2049 │ G: 1.0102 │ D(real): 0.582 │ D(fake): 0.416 │ FID train/val: 84.58/79.99 │ IS train/val: 7.30/7.30 │ 28.0s
2026-09-24 08:54:04,046 | INFO | Early stopping: 2/15 evaluări fără îmbunătățire.
2026-09-24 08:54:32,330 | INFO | Epoca 016/100 │ D: 1.2121 │ G: 0.9961 │ D(real): 0.580 │ D(fake): 0.420 │ FID train/val: 59.50/59.11 │ IS train/val: 7.44/7.44 │ 27.9s
2026-09-24 08:54:32,575 | INFO | ✓ Cel mai bun validation FID: 59.1081
2026-09-24 08:55:07,052 | INFO | Epoca 017/100 │ D: 1.2225 │ G: 0.9738 │ D(real): 0.576 │ D(fake): 0.425 │ FID train/val: 66.94/61.86 │ IS train/val: 7.29/7.29 │ 34.1s
2026-09-24 08:55:07,257 | INFO | Early stopping: 1/15 evaluări fără îmbunătățire.
2026-09-24 08:55:38,682 | INFO | Epoca 018/100 │ D: 1.2293 │ G: 0.9655 │ D(real): 0.572 │ D(fake): 0.427 │ FID train/val: 62.10/56.53 │ IS train/val: 7.25/7.25 │ 31.0s
2026-09-24 08:55:38,924 | INFO | ✓ Cel mai bun validation FID: 56.5250
2026-09-24 08:56:10,633 | INFO | Epoca 019/100 │ D: 1.2259 │ G: 0.9698 │ D(real): 0.573 │ D(fake): 0.426 │ FID train/val: 57.89/51.42 │ IS train/val: 7.44/7.44 │ 31.4s
2026-09-24 08:56:10,877 | INFO | ✓ Cel mai bun validation FID: 51.4224
2026-09-24 08:56:39,288 | INFO | Epoca 020/100 │ D: 1.2299 │ G: 0.9567 │ D(real): 0.572 │ D(fake): 0.428 │ FID train/val: 56.38/54.26 │ IS train/val: 7.40/7.40 │ 28.0s
2026-09-24 08:56:39,499 | INFO | Early stopping: 1/15 evaluări fără îmbunătățire.
2026-09-24 08:57:07,675 | INFO | Epoca 021/100 │ D: 1.2354 │ G: 0.9507 │ D(real): 0.569 │ D(fake): 0.430 │ FID train/val: 47.94/45.68 │ IS train/val: 7.56/7.56 │ 27.8s
2026-09-24 08:57:07,913 | INFO | ✓ Cel mai bun validation FID: 45.6814
2026-09-24 08:57:36,360 | INFO | Epoca 022/100 │ D: 1.2337 │ G: 0.9573 │ D(real): 0.570 │ D(fake): 0.430 │ FID train/val: 51.99/48.01 │ IS train/val: 7.66/7.66 │ 28.0s
2026-09-24 08:57:36,562 | INFO | Early stopping: 1/15 evaluări fără îmbunătățire.
2026-09-24 08:58:04,948 | INFO | Epoca 023/100 │ D: 1.2376 │ G: 0.9438 │ D(real): 0.568 │ D(fake): 0.432 │ FID train/val: 61.66/53.72 │ IS train/val: 7.55/7.55 │ 28.0s
2026-09-24 08:58:05,185 | INFO | Early stopping: 2/15 evaluări fără îmbunătățire.
2026-09-24 08:58:33,492 | INFO | Epoca 024/100 │ D: 1.2441 │ G: 0.9356 │ D(real): 0.566 │ D(fake): 0.435 │ FID train/val: 54.12/49.40 │ IS train/val: 7.65/7.65 │ 27.9s
2026-09-24 08:58:33,689 | INFO | Early stopping: 3/15 evaluări fără îmbunătățire.
2026-09-24 08:59:02,273 | INFO | Epoca 025/100 │ D: 1.2445 │ G: 0.9368 │ D(real): 0.565 │ D(fake): 0.435 │ FID train/val: 52.48/49.72 │ IS train/val: 7.70/7.70 │ 28.2s
2026-09-24 08:59:02,460 | INFO | Early stopping: 4/15 evaluări fără îmbunătățire.
2026-09-24 08:59:31,009 | INFO | Epoca 026/100 │ D: 1.2484 │ G: 0.9282 │ D(real): 0.564 │ D(fake): 0.436 │ FID train/val: 39.53/39.06 │ IS train/val: 7.92/7.92 │ 28.2s
2026-09-24 08:59:31,247 | INFO | ✓ Cel mai bun validation FID: 39.0625
2026-09-24 08:59:59,530 | INFO | Epoca 027/100 │ D: 1.2553 │ G: 0.9153 │ D(real): 0.560 │ D(fake): 0.439 │ FID train/val: 43.11/40.46 │ IS train/val: 7.63/7.63 │ 27.9s
2026-09-24 08:59:59,740 | INFO | Early stopping: 1/15 evaluări fără îmbunătățire.
2026-09-24 09:00:28,341 | INFO | Epoca 028/100 │ D: 1.2520 │ G: 0.9231 │ D(real): 0.562 │ D(fake): 0.438 │ FID train/val: 47.25/47.56 │ IS train/val: 7.62/7.62 │ 28.2s
2026-09-24 09:00:28,539 | INFO | Early stopping: 2/15 evaluări fără îmbunătățire.
2026-09-24 09:00:59,484 | INFO | Epoca 029/100 │ D: 1.2538 │ G: 0.9169 │ D(real): 0.561 │ D(fake): 0.438 │ FID train/val: 40.03/38.10 │ IS train/val: 7.87/7.87 │ 30.5s
2026-09-24 09:00:59,744 | INFO | ✓ Cel mai bun validation FID: 38.0980
2026-09-24 09:01:35,815 | INFO | Epoca 030/100 │ D: 1.2532 │ G: 0.9136 │ D(real): 0.561 │ D(fake): 0.439 │ FID train/val: 43.07/38.45 │ IS train/val: 7.91/7.91 │ 35.7s
2026-09-24 09:01:36,045 | INFO | Early stopping: 1/15 evaluări fără îmbunătățire.
2026-09-24 09:02:15,408 | INFO | Epoca 031/100 │ D: 1.2564 │ G: 0.9137 │ D(real): 0.560 │ D(fake): 0.440 │ FID train/val: 46.45/43.26 │ IS train/val: 7.94/7.94 │ 39.0s
2026-09-24 09:02:15,615 | INFO | Early stopping: 2/15 evaluări fără îmbunătățire.
2026-09-24 09:03:01,387 | INFO | Epoca 032/100 │ D: 1.2594 │ G: 0.9005 │ D(real): 0.558 │ D(fake): 0.441 │ FID train/val: 35.15/33.26 │ IS train/val: 8.10/8.10 │ 44.9s
2026-09-24 09:03:01,799 | INFO | ✓ Cel mai bun validation FID: 33.2552
2026-09-24 09:04:06,995 | INFO | Epoca 033/100 │ D: 1.2609 │ G: 0.9014 │ D(real): 0.559 │ D(fake): 0.443 │ FID train/val: 40.19/36.92 │ IS train/val: 7.90/7.90 │ 64.4s
2026-09-24 09:04:07,337 | INFO | Early stopping: 1/15 evaluări fără îmbunătățire.
2026-09-24 09:05:12,087 | INFO | Epoca 034/100 │ D: 1.2617 │ G: 0.9056 │ D(real): 0.557 │ D(fake): 0.442 │ FID train/val: 33.10/29.29 │ IS train/val: 7.86/7.86 │ 63.9s
2026-09-24 09:05:12,486 | INFO | ✓ Cel mai bun validation FID: 29.2940
2026-09-24 09:06:17,293 | INFO | Epoca 035/100 │ D: 1.2636 │ G: 0.9023 │ D(real): 0.557 │ D(fake): 0.444 │ FID train/val: 34.70/31.68 │ IS train/val: 7.86/7.86 │ 64.1s
2026-09-24 09:06:17,645 | INFO | Early stopping: 1/15 evaluări fără îmbunătățire.
2026-09-24 09:07:12,571 | INFO | Epoca 036/100 │ D: 1.2634 │ G: 0.9016 │ D(real): 0.557 │ D(fake): 0.443 │ FID train/val: 36.16/30.90 │ IS train/val: 8.03/8.03 │ 54.5s
2026-09-24 09:07:12,811 | INFO | Early stopping: 2/15 evaluări fără îmbunătățire.
2026-09-24 09:07:59,384 | INFO | Epoca 037/100 │ D: 1.2670 │ G: 0.8955 │ D(real): 0.555 │ D(fake): 0.444 │ FID train/val: 31.62/29.34 │ IS train/val: 7.92/7.92 │ 46.1s
2026-09-24 09:07:59,640 | INFO | Early stopping: 3/15 evaluări fără îmbunătățire.
2026-09-24 09:08:35,489 | INFO | Epoca 038/100 │ D: 1.2641 │ G: 0.8911 │ D(real): 0.557 │ D(fake): 0.444 │ FID train/val: 30.69/26.90 │ IS train/val: 8.09/8.09 │ 35.4s
2026-09-24 09:08:35,746 | INFO | ✓ Cel mai bun validation FID: 26.8956
2026-09-24 09:09:04,783 | INFO | Epoca 039/100 │ D: 1.2724 │ G: 0.8783 │ D(real): 0.553 │ D(fake): 0.447 │ FID train/val: 37.60/30.52 │ IS train/val: 8.11/8.11 │ 28.7s
2026-09-24 09:09:04,984 | INFO | Early stopping: 1/15 evaluări fără îmbunătățire.
2026-09-24 09:09:34,310 | INFO | Epoca 040/100 │ D: 1.2686 │ G: 0.8932 │ D(real): 0.554 │ D(fake): 0.446 │ FID train/val: 41.63/36.16 │ IS train/val: 7.96/7.96 │ 28.9s
2026-09-24 09:09:34,508 | INFO | Early stopping: 2/15 evaluări fără îmbunătățire.
2026-09-24 09:10:04,039 | INFO | Epoca 041/100 │ D: 1.2700 │ G: 0.8853 │ D(real): 0.555 │ D(fake): 0.447 │ FID train/val: 35.04/31.48 │ IS train/val: 7.96/7.96 │ 29.2s
2026-09-24 09:10:04,244 | INFO | Early stopping: 3/15 evaluări fără îmbunătățire.
2026-09-24 09:10:33,730 | INFO | Epoca 042/100 │ D: 1.2734 │ G: 0.8829 │ D(real): 0.552 │ D(fake): 0.447 │ FID train/val: 33.90/34.57 │ IS train/val: 7.94/7.94 │ 29.1s
2026-09-24 09:10:33,952 | INFO | Early stopping: 4/15 evaluări fără îmbunătățire.
2026-09-24 09:11:03,414 | INFO | Epoca 043/100 │ D: 1.2681 │ G: 0.8882 │ D(real): 0.555 │ D(fake): 0.446 │ FID train/val: 34.87/29.38 │ IS train/val: 7.79/7.79 │ 29.1s
2026-09-24 09:11:03,615 | INFO | Early stopping: 5/15 evaluări fără îmbunătățire.
2026-09-24 09:11:33,392 | INFO | Epoca 044/100 │ D: 1.2744 │ G: 0.8787 │ D(real): 0.552 │ D(fake): 0.448 │ FID train/val: 36.05/32.77 │ IS train/val: 8.00/8.00 │ 29.4s
2026-09-24 09:11:33,594 | INFO | Early stopping: 6/15 evaluări fără îmbunătățire.
2026-09-24 09:12:03,204 | INFO | Epoca 045/100 │ D: 1.2735 │ G: 0.8810 │ D(real): 0.552 │ D(fake): 0.447 │ FID train/val: 30.20/28.81 │ IS train/val: 7.93/7.93 │ 29.2s
2026-09-24 09:12:03,413 | INFO | Early stopping: 7/15 evaluări fără îmbunătățire.
2026-09-24 09:12:33,131 | INFO | Epoca 046/100 │ D: 1.2706 │ G: 0.8880 │ D(real): 0.553 │ D(fake): 0.446 │ FID train/val: 28.78/28.54 │ IS train/val: 8.34/8.34 │ 29.4s
2026-09-24 09:12:33,329 | INFO | Early stopping: 8/15 evaluări fără îmbunătățire.
2026-09-24 09:13:03,410 | INFO | Epoca 047/100 │ D: 1.2727 │ G: 0.8764 │ D(real): 0.553 │ D(fake): 0.448 │ FID train/val: 27.53/26.81 │ IS train/val: 8.03/8.03 │ 29.7s
2026-09-24 09:13:03,671 | INFO | ✓ Cel mai bun validation FID: 26.8118
2026-09-24 09:13:34,137 | INFO | Epoca 048/100 │ D: 1.2767 │ G: 0.8743 │ D(real): 0.551 │ D(fake): 0.449 │ FID train/val: 27.82/29.19 │ IS train/val: 8.14/8.14 │ 30.1s
2026-09-24 09:13:34,337 | INFO | Early stopping: 1/15 evaluări fără îmbunătățire.
2026-09-24 09:14:12,567 | INFO | Epoca 049/100 │ D: 1.2676 │ G: 0.8849 │ D(real): 0.555 │ D(fake): 0.446 │ FID train/val: 31.46/31.24 │ IS train/val: 8.22/8.22 │ 37.7s
2026-09-24 09:14:12,848 | INFO | Early stopping: 2/15 evaluări fără îmbunătățire.
2026-09-24 09:14:59,391 | INFO | Epoca 050/100 │ D: 1.2725 │ G: 0.8741 │ D(real): 0.553 │ D(fake): 0.448 │ FID train/val: 26.49/27.36 │ IS train/val: 8.44/8.44 │ 45.9s
2026-09-24 09:15:00,661 | INFO | Early stopping: 3/15 evaluări fără îmbunătățire.
2026-09-24 09:15:40,639 | INFO | Epoca 051/100 │ D: 1.2695 │ G: 0.8833 │ D(real): 0.554 │ D(fake): 0.446 │ FID train/val: 25.86/24.64 │ IS train/val: 8.26/8.26 │ 39.5s
2026-09-24 09:15:40,923 | INFO | ✓ Cel mai bun validation FID: 24.6413
2026-09-24 09:16:12,279 | INFO | Epoca 052/100 │ D: 1.2713 │ G: 0.8775 │ D(real): 0.553 │ D(fake): 0.446 │ FID train/val: 31.44/32.03 │ IS train/val: 8.32/8.32 │ 31.0s
2026-09-24 09:16:12,482 | INFO | Early stopping: 1/15 evaluări fără îmbunătățire.
2026-09-24 09:16:42,123 | INFO | Epoca 053/100 │ D: 1.2713 │ G: 0.8758 │ D(real): 0.554 │ D(fake): 0.448 │ FID train/val: 32.35/30.77 │ IS train/val: 8.27/8.27 │ 29.3s
2026-09-24 09:16:42,327 | INFO | Early stopping: 2/15 evaluări fără îmbunătățire.
2026-09-24 09:17:12,158 | INFO | Epoca 054/100 │ D: 1.2691 │ G: 0.8821 │ D(real): 0.554 │ D(fake): 0.446 │ FID train/val: 27.77/28.45 │ IS train/val: 8.24/8.24 │ 29.4s
2026-09-24 09:17:12,379 | INFO | Early stopping: 3/15 evaluări fără îmbunătățire.
2026-09-24 09:17:42,448 | INFO | Epoca 055/100 │ D: 1.2711 │ G: 0.8722 │ D(real): 0.553 │ D(fake): 0.447 │ FID train/val: 31.95/32.87 │ IS train/val: 8.32/8.32 │ 29.7s
2026-09-24 09:17:42,655 | INFO | Early stopping: 4/15 evaluări fără îmbunătățire.
2026-09-24 09:18:12,760 | INFO | Epoca 056/100 │ D: 1.2693 │ G: 0.8816 │ D(real): 0.554 │ D(fake): 0.446 │ FID train/val: 30.40/33.63 │ IS train/val: 8.31/8.31 │ 29.7s
2026-09-24 09:18:12,957 | INFO | Early stopping: 5/15 evaluări fără îmbunătățire.
2026-09-24 09:18:43,137 | INFO | Epoca 057/100 │ D: 1.2697 │ G: 0.8798 │ D(real): 0.554 │ D(fake): 0.446 │ FID train/val: 26.87/27.94 │ IS train/val: 8.61/8.61 │ 29.7s
2026-09-24 09:18:43,346 | INFO | Early stopping: 6/15 evaluări fără îmbunătățire.
2026-09-24 09:19:13,083 | INFO | Epoca 058/100 │ D: 1.2725 │ G: 0.8802 │ D(real): 0.552 │ D(fake): 0.447 │ FID train/val: 28.18/29.80 │ IS train/val: 8.47/8.47 │ 29.3s
2026-09-24 09:19:13,299 | INFO | Early stopping: 7/15 evaluări fără îmbunătățire.
2026-09-24 09:19:43,326 | INFO | Epoca 059/100 │ D: 1.2714 │ G: 0.8757 │ D(real): 0.553 │ D(fake): 0.447 │ FID train/val: 30.22/30.92 │ IS train/val: 8.46/8.46 │ 29.7s
2026-09-24 09:19:43,538 | INFO | Early stopping: 8/15 evaluări fără îmbunătățire.
2026-09-24 09:20:13,391 | INFO | Epoca 060/100 │ D: 1.2731 │ G: 0.8779 │ D(real): 0.553 │ D(fake): 0.448 │ FID train/val: 27.14/25.80 │ IS train/val: 8.33/8.33 │ 29.4s
2026-09-24 09:20:13,618 | INFO | Early stopping: 9/15 evaluări fără îmbunătățire.
2026-09-24 09:20:44,287 | INFO | Epoca 061/100 │ D: 1.2725 │ G: 0.8732 │ D(real): 0.553 │ D(fake): 0.447 │ FID train/val: 26.89/27.49 │ IS train/val: 8.38/8.38 │ 30.3s
2026-09-24 09:20:44,496 | INFO | Early stopping: 10/15 evaluări fără îmbunătățire.
2026-09-24 09:21:14,433 | INFO | Epoca 062/100 │ D: 1.2719 │ G: 0.8744 │ D(real): 0.553 │ D(fake): 0.447 │ FID train/val: 27.37/32.03 │ IS train/val: 8.42/8.42 │ 29.6s
2026-09-24 09:21:14,708 | INFO | Early stopping: 11/15 evaluări fără îmbunătățire.
2026-09-24 09:21:44,711 | INFO | Epoca 063/100 │ D: 1.2724 │ G: 0.8767 │ D(real): 0.553 │ D(fake): 0.448 │ FID train/val: 27.81/30.26 │ IS train/val: 8.23/8.23 │ 29.6s
2026-09-24 09:21:44,992 | INFO | Early stopping: 12/15 evaluări fără îmbunătățire.
2026-09-24 09:22:14,875 | INFO | Epoca 064/100 │ D: 1.2709 │ G: 0.8741 │ D(real): 0.554 │ D(fake): 0.447 │ FID train/val: 25.31/27.78 │ IS train/val: 8.33/8.33 │ 29.5s
2026-09-24 09:22:15,078 | INFO | Early stopping: 13/15 evaluări fără îmbunătățire.
2026-09-24 09:22:45,070 | INFO | Epoca 065/100 │ D: 1.2742 │ G: 0.8686 │ D(real): 0.552 │ D(fake): 0.449 │ FID train/val: 27.81/29.95 │ IS train/val: 8.39/8.39 │ 29.6s
2026-09-24 09:22:45,280 | INFO | Early stopping: 14/15 evaluări fără îmbunătățire.
2026-09-24 09:23:15,118 | INFO | Epoca 066/100 │ D: 1.2737 │ G: 0.8700 │ D(real): 0.552 │ D(fake): 0.448 │ FID train/val: 29.87/29.55 │ IS train/val: 8.45/8.45 │ 29.4s
2026-09-24 09:23:15,345 | INFO | Early stopping: 15/15 evaluări fără îmbunătățire.
2026-09-24 09:23:15,346 | INFO | Early stopping activat: criteriul de calitate nu s-a îmbunătățit.
2026-09-24 09:23:16,040 | INFO | Evaluez modelul selectat pentru raportul final: best_quality.pt
2026-09-24 09:23:16,533 | INFO | Raport final train/validation/test salvat: outputs\run_20260924_084604_819283\best_model_metrics.json
2026-09-24 09:23:16,534 | INFO | Training completed in 2181.14 seconds. Artifacts=outputs\run_20260924_084604_819283
