2026-09-24 10:38:43,130 | INFO | Execution started. Device=cpu, Python=3.14.2, PyTorch=2.14.0+cpu
2026-09-24 10:38:43,218 | INFO | Antrenez evaluatorul MNIST pentru FID și Inception Score...
2026-09-24 10:39:48,875 | INFO | Evaluatorul MNIST este pregătit.
2026-09-24 10:39:48,884 | INFO | Zgomot fix salvat: outputs\run_20260924_103843_111352\fixed_noise.pt
2026-09-24 10:39:48,884 | INFO | Zgomot pentru metrici salvat: outputs\run_20260924_103843_111352\metric_noise.pt
2026-09-24 10:40:20,890 | INFO | Epoca 001/100 │ C: -0.6810 │ G: -6.5858 │ C(real): 7.086 │ C(fake): 6.405 │ FID train/val: 299.58/290.29 │ IS train/val: 3.98/3.98 │ 31.6s
2026-09-24 10:40:21,287 | INFO | ✓ Cel mai bun validation FID: 290.2884
2026-09-24 10:40:49,467 | INFO | Epoca 002/100 │ C: -0.5586 │ G: -9.0725 │ C(real): 9.503 │ C(fake): 8.945 │ FID train/val: 230.22/228.12 │ IS train/val: 4.67/4.67 │ 27.8s
2026-09-24 10:40:49,713 | INFO | ✓ Cel mai bun validation FID: 228.1187
2026-09-24 10:41:17,699 | INFO | Epoca 003/100 │ C: -0.3916 │ G: -11.0386 │ C(real): 11.344 │ C(fake): 10.952 │ FID train/val: 205.53/203.87 │ IS train/val: 5.01/5.01 │ 27.6s
2026-09-24 10:41:17,941 | INFO | ✓ Cel mai bun validation FID: 203.8699
2026-09-24 10:41:57,039 | INFO | Epoca 004/100 │ C: -0.3058 │ G: -13.1668 │ C(real): 13.390 │ C(fake): 13.084 │ FID train/val: 140.88/137.30 │ IS train/val: 5.44/5.44 │ 38.7s
2026-09-24 10:41:57,280 | INFO | ✓ Cel mai bun validation FID: 137.3016
2026-09-24 10:42:30,002 | INFO | Epoca 005/100 │ C: -0.2460 │ G: -15.5119 │ C(real): 15.670 │ C(fake): 15.424 │ FID train/val: 116.29/111.64 │ IS train/val: 6.10/6.10 │ 32.3s
2026-09-24 10:42:30,270 | INFO | ✓ Cel mai bun validation FID: 111.6426
2026-09-24 10:43:03,461 | INFO | Epoca 006/100 │ C: -0.1990 │ G: -17.6791 │ C(real): 17.770 │ C(fake): 17.571 │ FID train/val: 138.86/133.89 │ IS train/val: 5.41/5.41 │ 32.7s
2026-09-24 10:43:03,699 | INFO | Early stopping: 1/15 evaluări fără îmbunătățire.
2026-09-24 10:43:32,793 | INFO | Epoca 007/100 │ C: -0.1660 │ G: -20.6734 │ C(real): 20.722 │ C(fake): 20.556 │ FID train/val: 114.78/109.10 │ IS train/val: 6.25/6.25 │ 28.7s
2026-09-24 10:43:33,052 | INFO | ✓ Cel mai bun validation FID: 109.1039
2026-09-24 10:44:01,650 | INFO | Epoca 008/100 │ C: -0.1423 │ G: -23.4368 │ C(real): 23.456 │ C(fake): 23.314 │ FID train/val: 127.12/115.75 │ IS train/val: 5.62/5.62 │ 28.2s
2026-09-24 10:44:01,891 | INFO | Early stopping: 1/15 evaluări fără îmbunătățire.
2026-09-24 10:44:35,416 | INFO | Epoca 009/100 │ C: -0.1233 │ G: -25.7697 │ C(real): 25.779 │ C(fake): 25.656 │ FID train/val: 87.73/81.11 │ IS train/val: 6.34/6.34 │ 32.9s
2026-09-24 10:44:35,809 | INFO | ✓ Cel mai bun validation FID: 81.1080
2026-09-24 10:45:29,022 | INFO | Epoca 010/100 │ C: -0.1091 │ G: -28.4553 │ C(real): 28.444 │ C(fake): 28.335 │ FID train/val: 99.69/93.71 │ IS train/val: 6.01/6.01 │ 52.4s
2026-09-24 10:45:29,372 | INFO | Early stopping: 1/15 evaluări fără îmbunătățire.
2026-09-24 10:46:31,331 | INFO | Epoca 011/100 │ C: -0.1006 │ G: -31.3560 │ C(real): 31.339 │ C(fake): 31.238 │ FID train/val: 111.25/106.92 │ IS train/val: 5.67/5.67 │ 61.2s
2026-09-24 10:46:31,759 | INFO | Early stopping: 2/15 evaluări fără îmbunătățire.
2026-09-24 10:47:27,105 | INFO | Epoca 012/100 │ C: -0.0878 │ G: -32.8137 │ C(real): 32.794 │ C(fake): 32.706 │ FID train/val: 96.37/97.02 │ IS train/val: 6.29/6.29 │ 54.8s
2026-09-24 10:47:27,373 | INFO | Early stopping: 3/15 evaluări fără îmbunătățire.
2026-09-24 10:48:15,293 | INFO | Epoca 013/100 │ C: -0.0746 │ G: -33.1037 │ C(real): 33.090 │ C(fake): 33.016 │ FID train/val: 91.65/85.19 │ IS train/val: 6.33/6.33 │ 47.3s
2026-09-24 10:48:15,578 | INFO | Early stopping: 4/15 evaluări fără îmbunătățire.
2026-09-24 10:49:19,013 | INFO | Epoca 014/100 │ C: -0.0675 │ G: -32.8209 │ C(real): 32.797 │ C(fake): 32.730 │ FID train/val: 113.29/109.58 │ IS train/val: 6.00/6.00 │ 62.6s
2026-09-24 10:49:19,366 | INFO | Early stopping: 5/15 evaluări fără îmbunătățire.
2026-09-24 10:50:21,347 | INFO | Epoca 015/100 │ C: -0.0623 │ G: -31.9768 │ C(real): 31.955 │ C(fake): 31.892 │ FID train/val: 109.06/104.10 │ IS train/val: 6.21/6.21 │ 61.5s
2026-09-24 10:50:21,671 | INFO | Early stopping: 6/15 evaluări fără îmbunătățire.
2026-09-24 10:50:55,790 | INFO | Epoca 016/100 │ C: -0.0535 │ G: -30.7344 │ C(real): 30.730 │ C(fake): 30.676 │ FID train/val: 96.89/95.95 │ IS train/val: 6.06/6.06 │ 33.7s
2026-09-24 10:50:56,008 | INFO | Early stopping: 7/15 evaluări fără îmbunătățire.
2026-09-24 10:51:24,554 | INFO | Epoca 017/100 │ C: -0.0502 │ G: -29.7818 │ C(real): 29.752 │ C(fake): 29.702 │ FID train/val: 60.45/61.10 │ IS train/val: 7.12/7.12 │ 28.2s
2026-09-24 10:51:24,802 | INFO | ✓ Cel mai bun validation FID: 61.0972
2026-09-24 10:51:53,381 | INFO | Epoca 018/100 │ C: -0.0455 │ G: -28.7482 │ C(real): 28.746 │ C(fake): 28.701 │ FID train/val: 69.49/76.96 │ IS train/val: 6.90/6.90 │ 28.2s
2026-09-24 10:51:53,591 | INFO | Early stopping: 1/15 evaluări fără îmbunătățire.
2026-09-24 10:52:22,325 | INFO | Epoca 019/100 │ C: -0.0416 │ G: -28.0561 │ C(real): 28.028 │ C(fake): 27.986 │ FID train/val: 55.49/53.97 │ IS train/val: 7.00/7.00 │ 28.3s
2026-09-24 10:52:22,572 | INFO | ✓ Cel mai bun validation FID: 53.9681
2026-09-24 10:52:51,374 | INFO | Epoca 020/100 │ C: -0.0366 │ G: -27.2022 │ C(real): 27.191 │ C(fake): 27.154 │ FID train/val: 63.28/59.75 │ IS train/val: 6.69/6.69 │ 28.3s
2026-09-24 10:52:51,582 | INFO | Early stopping: 1/15 evaluări fără îmbunătățire.
2026-09-24 10:53:19,984 | INFO | Epoca 021/100 │ C: -0.0339 │ G: -27.2317 │ C(real): 27.201 │ C(fake): 27.168 │ FID train/val: 73.74/75.93 │ IS train/val: 7.06/7.06 │ 28.0s
2026-09-24 10:53:20,197 | INFO | Early stopping: 2/15 evaluări fără îmbunătățire.
2026-09-24 10:53:49,092 | INFO | Epoca 022/100 │ C: -0.0317 │ G: -27.7119 │ C(real): 27.687 │ C(fake): 27.655 │ FID train/val: 62.84/67.62 │ IS train/val: 7.03/7.03 │ 28.3s
2026-09-24 10:53:49,330 | INFO | Early stopping: 3/15 evaluări fără îmbunătățire.
2026-09-24 10:54:17,926 | INFO | Epoca 023/100 │ C: -0.0332 │ G: -29.4328 │ C(real): 29.405 │ C(fake): 29.372 │ FID train/val: 81.71/79.87 │ IS train/val: 6.40/6.40 │ 28.2s
2026-09-24 10:54:18,196 | INFO | Early stopping: 4/15 evaluări fără îmbunătățire.
2026-09-24 10:54:47,021 | INFO | Epoca 024/100 │ C: -0.0324 │ G: -30.7575 │ C(real): 30.707 │ C(fake): 30.675 │ FID train/val: 54.74/54.43 │ IS train/val: 7.09/7.09 │ 28.4s
2026-09-24 10:54:47,226 | INFO | Early stopping: 5/15 evaluări fără îmbunătățire.
2026-09-24 10:55:15,900 | INFO | Epoca 025/100 │ C: -0.0301 │ G: -32.8743 │ C(real): 32.840 │ C(fake): 32.810 │ FID train/val: 61.32/67.05 │ IS train/val: 6.99/6.99 │ 28.3s
2026-09-24 10:55:16,109 | INFO | Early stopping: 6/15 evaluări fără îmbunătățire.
2026-09-24 10:55:45,143 | INFO | Epoca 026/100 │ C: -0.0304 │ G: -35.6330 │ C(real): 35.599 │ C(fake): 35.569 │ FID train/val: 61.49/60.79 │ IS train/val: 7.26/7.26 │ 28.6s
2026-09-24 10:55:45,349 | INFO | Early stopping: 7/15 evaluări fără îmbunătățire.
2026-09-24 10:56:14,341 | INFO | Epoca 027/100 │ C: -0.0306 │ G: -37.8239 │ C(real): 37.774 │ C(fake): 37.744 │ FID train/val: 63.28/64.70 │ IS train/val: 7.15/7.15 │ 28.6s
2026-09-24 10:56:14,551 | INFO | Early stopping: 8/15 evaluări fără îmbunătățire.
2026-09-24 10:56:43,469 | INFO | Epoca 028/100 │ C: -0.0319 │ G: -41.0207 │ C(real): 40.947 │ C(fake): 40.915 │ FID train/val: 62.26/63.11 │ IS train/val: 6.94/6.94 │ 28.5s
2026-09-24 10:56:43,678 | INFO | Early stopping: 9/15 evaluări fără îmbunătățire.
2026-09-24 10:57:12,457 | INFO | Epoca 029/100 │ C: -0.0323 │ G: -44.0062 │ C(real): 43.962 │ C(fake): 43.930 │ FID train/val: 55.92/53.69 │ IS train/val: 7.13/7.13 │ 28.3s
2026-09-24 10:57:12,696 | INFO | ✓ Cel mai bun validation FID: 53.6859
2026-09-24 10:57:41,844 | INFO | Epoca 030/100 │ C: -0.0320 │ G: -46.1292 │ C(real): 46.071 │ C(fake): 46.039 │ FID train/val: 55.13/51.26 │ IS train/val: 7.18/7.18 │ 28.7s
2026-09-24 10:57:42,146 | INFO | ✓ Cel mai bun validation FID: 51.2558
2026-09-24 10:58:10,985 | INFO | Epoca 031/100 │ C: -0.0328 │ G: -48.6588 │ C(real): 48.605 │ C(fake): 48.572 │ FID train/val: 51.03/47.34 │ IS train/val: 7.18/7.18 │ 28.5s
2026-09-24 10:58:11,237 | INFO | ✓ Cel mai bun validation FID: 47.3380
2026-09-24 10:58:40,118 | INFO | Epoca 032/100 │ C: -0.0326 │ G: -49.3291 │ C(real): 49.272 │ C(fake): 49.239 │ FID train/val: 57.77/54.61 │ IS train/val: 7.26/7.26 │ 28.4s
2026-09-24 10:58:40,317 | INFO | Early stopping: 1/15 evaluări fără îmbunătățire.
2026-09-24 10:59:09,713 | INFO | Epoca 033/100 │ C: -0.0318 │ G: -50.0767 │ C(real): 50.030 │ C(fake): 49.999 │ FID train/val: 48.48/51.01 │ IS train/val: 7.61/7.61 │ 29.0s
2026-09-24 10:59:10,123 | INFO | Early stopping: 2/15 evaluări fără îmbunătățire.
2026-09-24 10:59:39,126 | INFO | Epoca 034/100 │ C: -0.0312 │ G: -50.9121 │ C(real): 50.877 │ C(fake): 50.845 │ FID train/val: 57.51/50.49 │ IS train/val: 7.51/7.51 │ 28.6s
2026-09-24 10:59:39,338 | INFO | Early stopping: 3/15 evaluări fără îmbunătățire.
2026-09-24 11:00:08,250 | INFO | Epoca 035/100 │ C: -0.0315 │ G: -52.1964 │ C(real): 52.129 │ C(fake): 52.098 │ FID train/val: 60.86/64.01 │ IS train/val: 7.11/7.11 │ 28.5s
2026-09-24 11:00:08,459 | INFO | Early stopping: 4/15 evaluări fără îmbunătățire.
2026-09-24 11:00:37,482 | INFO | Epoca 036/100 │ C: -0.0325 │ G: -54.7075 │ C(real): 54.635 │ C(fake): 54.602 │ FID train/val: 51.19/54.92 │ IS train/val: 7.34/7.34 │ 28.6s
2026-09-24 11:00:37,694 | INFO | Early stopping: 5/15 evaluări fără îmbunătățire.
2026-09-24 11:01:06,509 | INFO | Epoca 037/100 │ C: -0.0317 │ G: -55.7191 │ C(real): 55.667 │ C(fake): 55.635 │ FID train/val: 57.61/51.15 │ IS train/val: 7.47/7.47 │ 28.4s
2026-09-24 11:01:06,714 | INFO | Early stopping: 6/15 evaluări fără îmbunătățire.
2026-09-24 11:01:36,373 | INFO | Epoca 038/100 │ C: -0.0336 │ G: -58.4490 │ C(real): 58.380 │ C(fake): 58.346 │ FID train/val: 64.95/64.09 │ IS train/val: 7.20/7.20 │ 29.3s
2026-09-24 11:01:36,575 | INFO | Early stopping: 7/15 evaluări fără îmbunătățire.
2026-09-24 11:02:07,851 | INFO | Epoca 039/100 │ C: -0.0345 │ G: -60.3769 │ C(real): 60.347 │ C(fake): 60.313 │ FID train/val: 51.05/50.39 │ IS train/val: 7.63/7.63 │ 30.9s
2026-09-24 11:02:08,074 | INFO | Early stopping: 8/15 evaluări fără îmbunătățire.
2026-09-24 11:02:38,165 | INFO | Epoca 040/100 │ C: -0.0360 │ G: -62.4768 │ C(real): 62.384 │ C(fake): 62.348 │ FID train/val: 63.90/59.39 │ IS train/val: 7.08/7.08 │ 29.6s
2026-09-24 11:02:38,981 | INFO | Early stopping: 9/15 evaluări fără îmbunătățire.
2026-09-24 11:03:08,523 | INFO | Epoca 041/100 │ C: -0.0377 │ G: -66.1596 │ C(real): 66.100 │ C(fake): 66.062 │ FID train/val: 63.96/61.99 │ IS train/val: 7.37/7.37 │ 29.2s
2026-09-24 11:03:08,721 | INFO | Early stopping: 10/15 evaluări fără îmbunătățire.
2026-09-24 11:03:36,198 | INFO | Epoca 042/100 │ C: -0.0363 │ G: -67.0798 │ C(real): 67.042 │ C(fake): 67.006 │ FID train/val: 62.24/57.55 │ IS train/val: 6.98/6.98 │ 27.1s
2026-09-24 11:03:36,392 | INFO | Early stopping: 11/15 evaluări fără îmbunătățire.
2026-09-24 11:04:03,675 | INFO | Epoca 043/100 │ C: -0.0367 │ G: -67.8174 │ C(real): 67.741 │ C(fake): 67.704 │ FID train/val: 45.61/42.57 │ IS train/val: 7.73/7.73 │ 26.9s
2026-09-24 11:04:03,911 | INFO | ✓ Cel mai bun validation FID: 42.5705
2026-09-24 11:04:31,537 | INFO | Epoca 044/100 │ C: -0.0363 │ G: -69.1560 │ C(real): 69.088 │ C(fake): 69.052 │ FID train/val: 45.00/45.36 │ IS train/val: 7.69/7.69 │ 27.2s
2026-09-24 11:04:31,730 | INFO | Early stopping: 1/15 evaluări fără îmbunătățire.
2026-09-24 11:04:59,105 | INFO | Epoca 045/100 │ C: -0.0368 │ G: -71.7883 │ C(real): 71.738 │ C(fake): 71.701 │ FID train/val: 40.34/33.44 │ IS train/val: 7.78/7.78 │ 27.0s
2026-09-24 11:04:59,342 | INFO | ✓ Cel mai bun validation FID: 33.4402
2026-09-24 11:05:26,351 | INFO | Epoca 046/100 │ C: -0.0380 │ G: -74.9697 │ C(real): 74.914 │ C(fake): 74.876 │ FID train/val: 46.81/42.21 │ IS train/val: 7.62/7.62 │ 26.6s
2026-09-24 11:05:26,613 | INFO | Early stopping: 1/15 evaluări fără îmbunătățire.
2026-09-24 11:05:53,997 | INFO | Epoca 047/100 │ C: -0.0407 │ G: -79.9674 │ C(real): 79.884 │ C(fake): 79.843 │ FID train/val: 45.39/43.03 │ IS train/val: 7.60/7.60 │ 27.0s
2026-09-24 11:05:54,204 | INFO | Early stopping: 2/15 evaluări fără îmbunătățire.
2026-09-24 11:06:21,569 | INFO | Epoca 048/100 │ C: -0.0409 │ G: -82.9524 │ C(real): 82.866 │ C(fake): 82.825 │ FID train/val: 46.11/41.44 │ IS train/val: 7.65/7.65 │ 27.0s
2026-09-24 11:06:21,771 | INFO | Early stopping: 3/15 evaluări fără îmbunătățire.
2026-09-24 11:06:48,984 | INFO | Epoca 049/100 │ C: -0.0397 │ G: -83.3020 │ C(real): 83.276 │ C(fake): 83.237 │ FID train/val: 44.64/38.35 │ IS train/val: 7.87/7.87 │ 26.8s
2026-09-24 11:06:49,181 | INFO | Early stopping: 4/15 evaluări fără îmbunătățire.
2026-09-24 11:07:16,382 | INFO | Epoca 050/100 │ C: -0.0406 │ G: -86.2954 │ C(real): 86.226 │ C(fake): 86.185 │ FID train/val: 40.17/38.95 │ IS train/val: 7.65/7.65 │ 26.8s
2026-09-24 11:07:16,572 | INFO | Early stopping: 5/15 evaluări fără îmbunătățire.
2026-09-24 11:07:43,882 | INFO | Epoca 051/100 │ C: -0.0411 │ G: -89.0081 │ C(real): 88.901 │ C(fake): 88.860 │ FID train/val: 32.47/32.66 │ IS train/val: 8.12/8.12 │ 26.9s
2026-09-24 11:07:44,120 | INFO | ✓ Cel mai bun validation FID: 32.6635
2026-09-24 11:08:11,384 | INFO | Epoca 052/100 │ C: -0.0401 │ G: -90.3656 │ C(real): 90.318 │ C(fake): 90.278 │ FID train/val: 38.23/36.56 │ IS train/val: 7.87/7.87 │ 26.9s
2026-09-24 11:08:11,574 | INFO | Early stopping: 1/15 evaluări fără îmbunătățire.
2026-09-24 11:08:38,928 | INFO | Epoca 053/100 │ C: -0.0424 │ G: -93.6445 │ C(real): 93.576 │ C(fake): 93.533 │ FID train/val: 38.44/36.49 │ IS train/val: 7.91/7.91 │ 27.0s
2026-09-24 11:08:39,148 | INFO | Early stopping: 2/15 evaluări fără îmbunătățire.
2026-09-24 11:09:07,545 | INFO | Epoca 054/100 │ C: -0.0426 │ G: -96.0560 │ C(real): 95.998 │ C(fake): 95.955 │ FID train/val: 48.67/48.74 │ IS train/val: 7.22/7.22 │ 28.0s
2026-09-24 11:09:07,750 | INFO | Early stopping: 3/15 evaluări fără îmbunătățire.
2026-09-24 11:09:35,340 | INFO | Epoca 055/100 │ C: -0.0413 │ G: -96.1747 │ C(real): 96.113 │ C(fake): 96.071 │ FID train/val: 32.23/30.90 │ IS train/val: 7.93/7.93 │ 27.2s
2026-09-24 11:09:35,594 | INFO | ✓ Cel mai bun validation FID: 30.9020
2026-09-24 11:10:03,341 | INFO | Epoca 056/100 │ C: -0.0423 │ G: -96.9379 │ C(real): 96.849 │ C(fake): 96.806 │ FID train/val: 38.82/42.29 │ IS train/val: 7.81/7.81 │ 27.2s
2026-09-24 11:10:03,531 | INFO | Early stopping: 1/15 evaluări fără îmbunătățire.
2026-09-24 11:10:37,448 | INFO | Epoca 057/100 │ C: -0.0419 │ G: -99.1312 │ C(real): 99.047 │ C(fake): 99.005 │ FID train/val: 43.94/39.28 │ IS train/val: 7.78/7.78 │ 33.5s
2026-09-24 11:10:37,677 | INFO | Early stopping: 2/15 evaluări fără îmbunătățire.
2026-09-24 11:11:12,913 | INFO | Epoca 058/100 │ C: -0.0428 │ G: -101.0363 │ C(real): 100.964 │ C(fake): 100.921 │ FID train/val: 45.86/41.77 │ IS train/val: 7.66/7.66 │ 34.7s
2026-09-24 11:11:13,147 | INFO | Early stopping: 3/15 evaluări fără îmbunătățire.
2026-09-24 11:11:48,143 | INFO | Epoca 059/100 │ C: -0.0449 │ G: -106.5429 │ C(real): 106.486 │ C(fake): 106.441 │ FID train/val: 31.96/28.95 │ IS train/val: 8.02/8.02 │ 34.6s
2026-09-24 11:11:48,404 | INFO | ✓ Cel mai bun validation FID: 28.9500
2026-09-24 11:12:23,371 | INFO | Epoca 060/100 │ C: -0.0453 │ G: -108.2060 │ C(real): 108.111 │ C(fake): 108.065 │ FID train/val: 40.52/34.34 │ IS train/val: 7.85/7.85 │ 34.5s
2026-09-24 11:12:23,584 | INFO | Early stopping: 1/15 evaluări fără îmbunătățire.
2026-09-24 11:12:58,803 | INFO | Epoca 061/100 │ C: -0.0436 │ G: -109.1277 │ C(real): 109.055 │ C(fake): 109.011 │ FID train/val: 32.00/32.26 │ IS train/val: 7.80/7.80 │ 34.8s
2026-09-24 11:12:59,021 | INFO | Early stopping: 2/15 evaluări fără îmbunătățire.
2026-09-24 11:13:34,696 | INFO | Epoca 062/100 │ C: -0.0430 │ G: -109.5315 │ C(real): 109.479 │ C(fake): 109.436 │ FID train/val: 38.32/40.31 │ IS train/val: 7.78/7.78 │ 35.2s
2026-09-24 11:13:35,009 | INFO | Early stopping: 3/15 evaluări fără îmbunătățire.
2026-09-24 11:14:10,400 | INFO | Epoca 063/100 │ C: -0.0433 │ G: -110.9561 │ C(real): 110.890 │ C(fake): 110.847 │ FID train/val: 28.83/27.79 │ IS train/val: 7.78/7.78 │ 34.9s
2026-09-24 11:14:10,678 | INFO | ✓ Cel mai bun validation FID: 27.7910
2026-09-24 11:14:45,873 | INFO | Epoca 064/100 │ C: -0.0444 │ G: -114.3755 │ C(real): 114.318 │ C(fake): 114.274 │ FID train/val: 31.42/29.90 │ IS train/val: 7.86/7.86 │ 34.7s
2026-09-24 11:14:46,110 | INFO | Early stopping: 1/15 evaluări fără îmbunătățire.
2026-09-24 11:15:21,101 | INFO | Epoca 065/100 │ C: -0.0452 │ G: -115.5484 │ C(real): 115.453 │ C(fake): 115.408 │ FID train/val: 50.29/46.04 │ IS train/val: 7.62/7.62 │ 34.5s
2026-09-24 11:15:21,334 | INFO | Early stopping: 2/15 evaluări fără îmbunătățire.
2026-09-24 11:15:56,993 | INFO | Epoca 066/100 │ C: -0.0450 │ G: -117.7901 │ C(real): 117.721 │ C(fake): 117.676 │ FID train/val: 33.40/37.12 │ IS train/val: 7.89/7.89 │ 35.1s
2026-09-24 11:15:57,233 | INFO | Early stopping: 3/15 evaluări fără îmbunătățire.
2026-09-24 11:16:32,246 | INFO | Epoca 067/100 │ C: -0.0463 │ G: -121.1150 │ C(real): 121.015 │ C(fake): 120.969 │ FID train/val: 34.38/34.86 │ IS train/val: 8.10/8.10 │ 34.5s
2026-09-24 11:16:32,497 | INFO | Early stopping: 4/15 evaluări fără îmbunătățire.
2026-09-24 11:17:07,773 | INFO | Epoca 068/100 │ C: -0.0469 │ G: -122.6267 │ C(real): 122.554 │ C(fake): 122.507 │ FID train/val: 31.32/32.37 │ IS train/val: 8.08/8.08 │ 34.8s
2026-09-24 11:17:08,012 | INFO | Early stopping: 5/15 evaluări fără îmbunătățire.
2026-09-24 11:17:42,585 | INFO | Epoca 069/100 │ C: -0.0466 │ G: -122.8491 │ C(real): 122.765 │ C(fake): 122.718 │ FID train/val: 39.85/43.97 │ IS train/val: 7.90/7.90 │ 34.1s
2026-09-24 11:17:42,823 | INFO | Early stopping: 6/15 evaluări fără îmbunătățire.
2026-09-24 11:18:18,186 | INFO | Epoca 070/100 │ C: -0.0475 │ G: -125.9045 │ C(real): 125.848 │ C(fake): 125.801 │ FID train/val: 36.03/37.40 │ IS train/val: 8.07/8.07 │ 34.8s
2026-09-24 11:18:18,420 | INFO | Early stopping: 7/15 evaluări fără îmbunătățire.
2026-09-24 11:18:53,302 | INFO | Epoca 071/100 │ C: -0.0486 │ G: -128.5034 │ C(real): 128.409 │ C(fake): 128.361 │ FID train/val: 37.61/40.41 │ IS train/val: 7.97/7.97 │ 34.4s
2026-09-24 11:18:53,526 | INFO | Early stopping: 8/15 evaluări fără îmbunătățire.
2026-09-24 11:19:28,075 | INFO | Epoca 072/100 │ C: -0.0502 │ G: -135.6117 │ C(real): 135.555 │ C(fake): 135.505 │ FID train/val: 34.59/34.52 │ IS train/val: 8.02/8.02 │ 34.1s
2026-09-24 11:19:28,367 | INFO | Early stopping: 9/15 evaluări fără îmbunătățire.
2026-09-24 11:20:03,464 | INFO | Epoca 073/100 │ C: -0.0534 │ G: -139.7246 │ C(real): 139.624 │ C(fake): 139.570 │ FID train/val: 51.08/50.26 │ IS train/val: 7.70/7.70 │ 34.7s
2026-09-24 11:20:03,706 | INFO | Early stopping: 10/15 evaluări fără îmbunătățire.
2026-09-24 11:20:38,759 | INFO | Epoca 074/100 │ C: -0.0529 │ G: -143.4340 │ C(real): 143.310 │ C(fake): 143.257 │ FID train/val: 41.19/38.38 │ IS train/val: 8.16/8.16 │ 34.5s
2026-09-24 11:20:39,990 | INFO | Early stopping: 11/15 evaluări fără îmbunătățire.
2026-09-24 11:21:15,484 | INFO | Epoca 075/100 │ C: -0.0536 │ G: -146.4794 │ C(real): 146.407 │ C(fake): 146.353 │ FID train/val: 39.40/38.80 │ IS train/val: 7.81/7.81 │ 35.0s
2026-09-24 11:21:15,760 | INFO | Early stopping: 12/15 evaluări fără îmbunătățire.
2026-09-24 11:21:52,624 | INFO | Epoca 076/100 │ C: -0.0544 │ G: -148.2948 │ C(real): 148.207 │ C(fake): 148.152 │ FID train/val: 40.11/35.96 │ IS train/val: 8.05/8.05 │ 36.5s
2026-09-24 11:21:52,862 | INFO | Early stopping: 13/15 evaluări fără îmbunătățire.
2026-09-24 11:22:28,001 | INFO | Epoca 077/100 │ C: -0.0554 │ G: -150.0638 │ C(real): 149.951 │ C(fake): 149.896 │ FID train/val: 36.56/38.29 │ IS train/val: 8.23/8.23 │ 34.7s
2026-09-24 11:22:28,226 | INFO | Early stopping: 14/15 evaluări fără îmbunătățire.
2026-09-24 11:23:04,370 | INFO | Epoca 078/100 │ C: -0.0562 │ G: -155.1620 │ C(real): 155.106 │ C(fake): 155.050 │ FID train/val: 33.29/31.28 │ IS train/val: 8.05/8.05 │ 35.7s
2026-09-24 11:23:04,633 | INFO | Early stopping: 15/15 evaluări fără îmbunătățire.
2026-09-24 11:23:04,634 | INFO | Early stopping activat: criteriul de calitate nu s-a îmbunătățit.
2026-09-24 11:23:04,655 | INFO | Evaluez modelul selectat pentru raportul final: best_quality.pt
2026-09-24 11:23:05,317 | INFO | Raport final train/validation/test salvat: outputs\run_20260924_103843_111352\best_model_metrics.json
2026-09-24 11:23:05,318 | INFO | Training completed in 2596.41 seconds. Artifacts=outputs\run_20260924_103843_111352
